boot_hal.c:210:29:boot_jump_to_ns_image	0	static,ignoring_inline_asm
boot_hal.c:153:6:execute_loader	8	static,ignoring_inline_asm
boot_hal.c:355:6:boot_clear_bl2_ram_area	0	static
boot_hal.c:387:7:boot_clean_ns_ram_area	0	static
boot_hal.c:443:5:otfdec_write_key	16	static
boot_hal.c:474:5:otfdec_is_key_valid	16	static
boot_hal.c:421:5:otfdec_invalidate_key	16	static
boot_hal.c:495:5:otfdec_read_key	8	static
boot_hal.c:510:9:otfdec_config	112	static
boot_hal.c:626:19:HAL_InitTick	0	static
boot_hal.c:642:10:HAL_GetTick	12	static
boot_hal.c:794:6:Error_Handler	8	static,ignoring_inline_asm
boot_hal.c:108:6:boot_platform_noimage	40	static
boot_hal.c:253:6:jumper	16	static,ignoring_inline_asm
boot_hal.c:597:6:icache_init	8	static
boot_hal.c:683:9:boot_platform_init	48	static
