ecp_alt.c:1081:12:ecp_modp	16	static
ecp_alt.c:595:6:mbedtls_ecp_point_free.part.1	8	static
ecp_alt.c:429:31:mbedtls_ecp_curve_list	0	static
ecp_alt.c:437:29:mbedtls_ecp_grp_id_list	0	static
ecp_alt.c:463:31:mbedtls_ecp_curve_info_from_grp_id	8	static
ecp_alt.c:481:31:mbedtls_ecp_curve_info_from_tls_id	0	static
ecp_alt.c:499:31:mbedtls_ecp_curve_info_from_name	16	static
ecp_alt.c:520:24:mbedtls_ecp_get_type	0	static
ecp_alt.c:534:6:mbedtls_ecp_point_init	8	static
ecp_alt.c:549:6:mbedtls_ecp_group_init	16	static
ecp_alt.c:583:6:mbedtls_ecp_keypair_init	8	static
ecp_alt.c:595:6:mbedtls_ecp_point_free	0	static
ecp_alt.c:611:6:mbedtls_ecp_group_free	16	static
ecp_alt.c:671:6:mbedtls_ecp_keypair_free	8	static
ecp_alt.c:684:5:mbedtls_ecp_copy	16	static
ecp_alt.c:701:5:mbedtls_ecp_group_copy	0	static
ecp_alt.c:712:5:mbedtls_ecp_set_zero	8	static
ecp_alt.c:728:5:mbedtls_ecp_is_zero	8	static
ecp_alt.c:738:5:mbedtls_ecp_point_cmp	16	static
ecp_alt.c:757:5:mbedtls_ecp_point_read_string	16	static
ecp_alt.c:776:5:mbedtls_ecp_point_write_binary	32	static
ecp_alt.c:850:5:mbedtls_ecp_point_read_binary	24	static
ecp_alt.c:915:5:mbedtls_ecp_tls_read_point	8	static
ecp_alt.c:951:5:mbedtls_ecp_tls_write_point	24	static
ecp_alt.c:1004:5:mbedtls_ecp_tls_read_group_id	8	static
ecp_alt.c:985:5:mbedtls_ecp_tls_read_group	16	static
ecp_alt.c:1043:5:mbedtls_ecp_tls_write_group	16	static
ecp_alt.c:2027:5:mbedtls_ecp_check_pubkey	88	static
ecp_alt.c:2051:5:mbedtls_ecp_check_privkey	16	static
ecp_alt.c:1714:5:mbedtls_ecp_mul_restartable	112	static
ecp_alt.c:1780:5:mbedtls_ecp_mul	24	static
ecp_alt.c:1866:12:mbedtls_ecp_mul_shortcuts	40	static
ecp_alt.c:1898:5:mbedtls_ecp_muladd_restartable	216	static
ecp_alt.c:1995:5:mbedtls_ecp_muladd	24	static
ecp_alt.c:2091:5:mbedtls_ecp_gen_privkey	48	static
ecp_alt.c:2175:5:mbedtls_ecp_gen_keypair_base	32	static
ecp_alt.c:2198:5:mbedtls_ecp_gen_keypair	16	static
ecp_alt.c:2214:5:mbedtls_ecp_gen_key	24	static
ecp_alt.c:2231:5:mbedtls_ecp_read_key	24	static
ecp_alt.c:2299:5:mbedtls_ecp_check_pub_priv	232	static
