rsa_alt.c:1123:12:mgf_mask	88	static
rsa_alt.c:377:12:rsa_check_context.isra.0	24	static
rsa_alt.c:313:5:mbedtls_rsa_import	32	static
rsa_alt.c:336:5:mbedtls_rsa_import_raw	32	static
rsa_alt.c:465:5:mbedtls_rsa_complete	56	static
rsa_alt.c:560:5:mbedtls_rsa_export_raw	56	static
rsa_alt.c:608:5:mbedtls_rsa_export	32	static
rsa_alt.c:653:5:mbedtls_rsa_export_crt	24	static
rsa_alt.c:693:6:mbedtls_rsa_init	16	static
rsa_alt.c:713:6:mbedtls_rsa_set_padding	0	static
rsa_alt.c:728:8:mbedtls_rsa_get_len	0	static
rsa_alt.c:856:5:mbedtls_rsa_check_pubkey	16	static
rsa_alt.c:881:5:mbedtls_rsa_check_privkey	40	static
rsa_alt.c:911:5:mbedtls_rsa_check_pub_priv	16	static
rsa_alt.c:935:5:mbedtls_rsa_public	96	static
rsa_alt.c:1006:5:mbedtls_rsa_private	208	static
rsa_alt.c:1175:5:mbedtls_rsa_rsaes_oaep_encrypt	80	static
rsa_alt.c:1336:5:mbedtls_rsa_pkcs1_encrypt	32	static
rsa_alt.c:1372:5:mbedtls_rsa_rsaes_oaep_decrypt	488	static
rsa_alt.c:1782:5:mbedtls_rsa_pkcs1_decrypt	32	static
rsa_alt.c:1821:5:mbedtls_rsa_rsassa_pss_sign	128	static
rsa_alt.c:2160:5:mbedtls_rsa_pkcs1_sign	8	static
rsa_alt.c:2200:5:mbedtls_rsa_rsassa_pss_verify_ext	496	static
rsa_alt.c:2350:5:mbedtls_rsa_rsassa_pss_verify	40	static
rsa_alt.c:2467:5:mbedtls_rsa_pkcs1_verify	8	static
rsa_alt.c:2548:6:mbedtls_rsa_free	8	static
rsa_alt.c:2506:5:mbedtls_rsa_copy	16	static
