stm32l562e_discovery_ospi.c:1238:16:OSPI_NOR_EnterSOPIMode.constprop	32	static
stm32l562e_discovery_ospi.c:1167:16:OSPI_NOR_EnterDOPIMode.constprop	32	static
stm32l562e_discovery_ospi.c:260:26:MX_OSPI_NOR_Init	0	static
stm32l562e_discovery_ospi.c:371:9:BSP_OSPI_NOR_Read	32	static
stm32l562e_discovery_ospi.c:418:9:BSP_OSPI_NOR_Write	40	static
stm32l562e_discovery_ospi.c:506:9:BSP_OSPI_NOR_Erase_Block	24	static
stm32l562e_discovery_ospi.c:545:9:BSP_OSPI_NOR_Erase_Chip	8	static
stm32l562e_discovery_ospi.c:584:9:BSP_OSPI_NOR_GetStatus	16	static
stm32l562e_discovery_ospi.c:632:9:BSP_OSPI_NOR_GetInfo	8	static
stm32l562e_discovery_ospi.c:655:9:BSP_OSPI_NOR_EnableMemoryMappedMode	8	static
stm32l562e_discovery_ospi.c:700:9:BSP_OSPI_NOR_DisableMemoryMappedMode	8	static
stm32l562e_discovery_ospi.c:210:9:BSP_OSPI_NOR_DeInit	8	static
stm32l562e_discovery_ospi.c:736:9:BSP_OSPI_NOR_ReadID	8	static
stm32l562e_discovery_ospi.c:767:9:BSP_OSPI_NOR_ConfigFlash	40	static
stm32l562e_discovery_ospi.c:131:9:BSP_OSPI_NOR_Init	152	static,ignoring_inline_asm
stm32l562e_discovery_ospi.c:849:9:BSP_OSPI_NOR_SuspendErase	8	static
stm32l562e_discovery_ospi.c:885:9:BSP_OSPI_NOR_ResumeErase	8	static
stm32l562e_discovery_ospi.c:926:9:BSP_OSPI_NOR_EnterDeepPowerDown	8	static
stm32l562e_discovery_ospi.c:955:9:BSP_OSPI_NOR_LeaveDeepPowerDown	8	static
