spm_api_ipc.c:51:14:tfm_spm_create_conn_handle	8	static
spm_api_ipc.c:80:9:tfm_spm_free_conn_handle	16	static
spm_api_ipc.c:104:9:tfm_spm_set_rhandle	8	static
spm_api_ipc.c:124:7:tfm_spm_get_rhandle	8	static
spm_api_ipc.c:144:5:tfm_spm_get_service_by_signal	16	static
spm_api_ipc.c:166:27:tfm_spm_get_service_by_sid	24	static
spm_api_ipc.c:197:5:tfm_spm_get_service_by_handle	0	static
spm_api_ipc.c:202:30:tfm_spm_get_partition_by_id	8	static
spm_api_ipc.c:221:9:tfm_spm_check_client_version	8	static
spm_api_ipc.c:294:5:tfm_spm_get_msg_buffer_from_conn_handle	8	static
spm_api_ipc.c:358:9:tfm_spm_send_event	24	static
spm_api_ipc.c:383:10:tfm_spm_partition_get_stack_bottom	0	static
spm_api_ipc.c:389:10:tfm_spm_partition_get_stack_top	0	static
spm_api_ipc.c:394:10:tfm_spm_partition_get_running_partition_id	8	static
spm_api_ipc.c:212:30:tfm_spm_get_running_partition	8	static
spm_api_ipc.c:244:24:tfm_spm_get_msg_from_handle	8	static
spm_api_ipc.c:301:6:tfm_spm_fill_msg	40	static
spm_api_ipc.c:426:9:tfm_memory_check	16	static
spm_api_ipc.c:459:10:tfm_spm_partition_get_privileged_mode	0	static
spm_api_ipc.c:470:6:tfm_spm_init	128	static
spm_api_ipc.c:545:6:tfm_pendsv_do_schedule	16	static
