tfm_crypto_secure_api.c:51:14:psa_crypto_init	0	static
tfm_crypto_secure_api.c:60:14:psa_allocate_key	96	static
tfm_crypto_secure_api.c:91:14:psa_open_key	0	static
tfm_crypto_secure_api.c:108:14:psa_create_key	0	static
tfm_crypto_secure_api.c:125:14:psa_close_key	0	static
tfm_crypto_secure_api.c:138:14:psa_import_key	104	static
tfm_crypto_secure_api.c:172:14:psa_destroy_key	88	static
tfm_crypto_secure_api.c:201:14:psa_get_key_information	104	static
tfm_crypto_secure_api.c:236:14:psa_export_key	104	static
tfm_crypto_secure_api.c:274:14:psa_export_public_key	104	static
tfm_crypto_secure_api.c:313:14:psa_copy_key	112	static
tfm_crypto_secure_api.c:347:6:psa_key_policy_set_usage	0	static
tfm_crypto_secure_api.c:356:17:psa_key_policy_get_usage	0	static
tfm_crypto_secure_api.c:362:17:psa_key_policy_get_algorithm	0	static
tfm_crypto_secure_api.c:368:14:psa_set_key_policy	96	static
tfm_crypto_secure_api.c:400:14:psa_get_key_policy	96	static
tfm_crypto_secure_api.c:434:14:psa_get_key_lifetime	96	static
tfm_crypto_secure_api.c:468:14:psa_cipher_generate_iv	112	static
tfm_crypto_secure_api.c:508:14:psa_cipher_set_iv	104	static
tfm_crypto_secure_api.c:544:14:psa_cipher_encrypt_setup	96	static
tfm_crypto_secure_api.c:581:14:psa_cipher_decrypt_setup	96	static
tfm_crypto_secure_api.c:618:14:psa_cipher_update	120	static
tfm_crypto_secure_api.c:661:14:psa_cipher_abort	96	static
tfm_crypto_secure_api.c:694:14:psa_cipher_finish	112	static
tfm_crypto_secure_api.c:734:14:psa_hash_setup	96	static
tfm_crypto_secure_api.c:770:14:psa_hash_update	104	static
tfm_crypto_secure_api.c:807:14:psa_hash_finish	112	static
tfm_crypto_secure_api.c:847:14:psa_hash_verify	104	static
tfm_crypto_secure_api.c:883:14:psa_hash_abort	96	static
tfm_crypto_secure_api.c:916:14:psa_hash_clone	96	static
tfm_crypto_secure_api.c:950:14:psa_mac_sign_setup	96	static
tfm_crypto_secure_api.c:987:14:psa_mac_verify_setup	96	static
tfm_crypto_secure_api.c:1024:14:psa_mac_update	104	static
tfm_crypto_secure_api.c:1060:14:psa_mac_sign_finish	112	static
tfm_crypto_secure_api.c:1100:14:psa_mac_verify_finish	104	static
tfm_crypto_secure_api.c:1137:14:psa_mac_abort	96	static
tfm_crypto_secure_api.c:1170:14:psa_aead_encrypt	128	static
tfm_crypto_secure_api.c:1245:14:psa_aead_decrypt	128	static
tfm_crypto_secure_api.c:1320:14:psa_asymmetric_sign	112	static
tfm_crypto_secure_api.c:1364:14:psa_asymmetric_verify	112	static
tfm_crypto_secure_api.c:1402:14:psa_asymmetric_encrypt	128	static
tfm_crypto_secure_api.c:1464:14:psa_asymmetric_decrypt	128	static
tfm_crypto_secure_api.c:1526:14:psa_get_generator_capacity	96	static
tfm_crypto_secure_api.c:1561:14:psa_generator_read	96	static
tfm_crypto_secure_api.c:1597:14:psa_generator_import_key	104	static
tfm_crypto_secure_api.c:1633:14:psa_generator_abort	96	static
tfm_crypto_secure_api.c:1667:14:psa_key_derivation	128	static
tfm_crypto_secure_api.c:1735:14:psa_key_agreement	112	static
tfm_crypto_secure_api.c:1777:14:psa_generate_random	96	static
tfm_crypto_secure_api.c:1816:14:psa_generate_key	120	static
