stm32l5xx_hal_pka.c:481:13:HAL_PKA_MspInit	0	static
stm32l5xx_hal_pka.c:344:19:HAL_PKA_Init	16	static
stm32l5xx_hal_pka.c:496:13:HAL_PKA_MspDeInit	0	static
stm32l5xx_hal_pka.c:429:19:HAL_PKA_DeInit	16	static
stm32l5xx_hal_pka.c:953:10:HAL_PKA_ECDSAVerif_IsValidSignature	0	static
stm32l5xx_hal_pka.c:1042:10:HAL_PKA_PointCheck_IsOnCurve	0	static
stm32l5xx_hal_pka.c:1525:19:HAL_PKA_Abort	0	static
stm32l5xx_hal_pka.c:1551:6:HAL_PKA_RAMReset	8	static
stm32l5xx_hal_pka.c:1634:13:HAL_PKA_OperationCpltCallback	0	static
stm32l5xx_hal_pka.c:1649:13:HAL_PKA_ErrorCallback	0	static
stm32l5xx_hal_pka.c:1682:22:HAL_PKA_GetState	0	static
stm32l5xx_hal_pka.c:1693:10:HAL_PKA_GetError	0	static
stm32l5xx_hal_pka.c:1716:10:PKA_GetMode	0	static
stm32l5xx_hal_pka.c:1568:6:HAL_PKA_IRQHandler	16	static
stm32l5xx_hal_pka.c:1729:19:PKA_PollEndOfOperation	16	static
stm32l5xx_hal_pka.c:1752:10:PKA_CheckError	0	static
stm32l5xx_hal_pka.c:1785:10:PKA_GetBitSize_u8	0	static
stm32l5xx_hal_pka.c:1796:10:PKA_GetOptBitSize_u8	0	static
stm32l5xx_hal_pka.c:1809:10:PKA_GetBitSize_u32	0	static
stm32l5xx_hal_pka.c:1819:10:PKA_GetArraySize_u8	0	static
stm32l5xx_hal_pka.c:1834:6:PKA_Memcpy_u32_to_u8	20	static
stm32l5xx_hal_pka.c:848:6:HAL_PKA_ModExp_GetResult	0	static
stm32l5xx_hal_pka.c:996:6:HAL_PKA_RSACRTExp_GetResult	0	static
stm32l5xx_hal_pka.c:896:6:HAL_PKA_ECDSASign_GetResult	24	static
stm32l5xx_hal_pka.c:1114:6:HAL_PKA_ECCMul_GetResult	16	static
stm32l5xx_hal_pka.c:1884:6:PKA_Memcpy_u8_to_u32	20	static
stm32l5xx_hal_pka.c:1932:6:PKA_Memcpy_u32_to_u32	8	static
stm32l5xx_hal_pka.c:1414:6:HAL_PKA_Arithmetic_GetResult	4	static
stm32l5xx_hal_pka.c:1509:6:HAL_PKA_MontgomeryParam_GetResult	0	static
stm32l5xx_hal_pka.c:1957:19:PKA_Process	16	static
stm32l5xx_hal_pka.c:2019:19:PKA_Process_IT	0	static
stm32l5xx_hal_pka.c:2049:6:PKA_ModExp_Set	16	static
stm32l5xx_hal_pka.c:786:19:HAL_PKA_ModExp	16	static
stm32l5xx_hal_pka.c:801:19:HAL_PKA_ModExp_IT	8	static
stm32l5xx_hal_pka.c:2075:6:PKA_ModExpFastMode_Set	16	static
stm32l5xx_hal_pka.c:817:19:HAL_PKA_ModExpFastMode	16	static
stm32l5xx_hal_pka.c:832:19:HAL_PKA_ModExpFastMode_IT	8	static
stm32l5xx_hal_pka.c:2106:6:PKA_ECDSASign_Set	16	static
stm32l5xx_hal_pka.c:866:19:HAL_PKA_ECDSASign	16	static
stm32l5xx_hal_pka.c:881:19:HAL_PKA_ECDSASign_IT	8	static
stm32l5xx_hal_pka.c:2155:6:PKA_ECDSAVerif_Set	16	static
stm32l5xx_hal_pka.c:924:19:HAL_PKA_ECDSAVerif	16	static
stm32l5xx_hal_pka.c:939:19:HAL_PKA_ECDSAVerif_IT	8	static
stm32l5xx_hal_pka.c:2212:6:PKA_RSACRTExp_Set	16	static
stm32l5xx_hal_pka.c:966:19:HAL_PKA_RSACRTExp	16	static
stm32l5xx_hal_pka.c:981:19:HAL_PKA_RSACRTExp_IT	8	static
stm32l5xx_hal_pka.c:2247:6:PKA_PointCheck_Set	16	static
stm32l5xx_hal_pka.c:1013:19:HAL_PKA_PointCheck	16	static
stm32l5xx_hal_pka.c:1028:19:HAL_PKA_PointCheck_IT	8	static
stm32l5xx_hal_pka.c:2281:6:PKA_ECCMul_Set	16	static
stm32l5xx_hal_pka.c:1055:19:HAL_PKA_ECCMul	16	static
stm32l5xx_hal_pka.c:1070:19:HAL_PKA_ECCMul_IT	8	static
stm32l5xx_hal_pka.c:2321:6:PKA_ECCMulFastMode_Set	16	static
stm32l5xx_hal_pka.c:1085:19:HAL_PKA_ECCMulFastMode	16	static
stm32l5xx_hal_pka.c:1100:19:HAL_PKA_ECCMulFastMode_IT	8	static
stm32l5xx_hal_pka.c:2361:6:PKA_ModInv_Set	16	static
stm32l5xx_hal_pka.c:1292:19:HAL_PKA_ModInv	16	static
stm32l5xx_hal_pka.c:1307:19:HAL_PKA_ModInv_IT	8	static
stm32l5xx_hal_pka.c:2380:6:PKA_ModRed_Set	16	static
stm32l5xx_hal_pka.c:1354:19:HAL_PKA_ModRed	16	static
stm32l5xx_hal_pka.c:1369:19:HAL_PKA_ModRed_IT	8	static
stm32l5xx_hal_pka.c:2403:6:PKA_MontgomeryParam_Set	16	static
stm32l5xx_hal_pka.c:1478:19:HAL_PKA_MontgomeryParam	16	static
stm32l5xx_hal_pka.c:1493:19:HAL_PKA_MontgomeryParam_IT	8	static
stm32l5xx_hal_pka.c:2424:6:PKA_ARI_Set	24	static
stm32l5xx_hal_pka.c:1137:19:HAL_PKA_Add	24	static
stm32l5xx_hal_pka.c:1152:19:HAL_PKA_Add_IT	16	static
stm32l5xx_hal_pka.c:1168:19:HAL_PKA_Sub	24	static
stm32l5xx_hal_pka.c:1183:19:HAL_PKA_Sub_IT	16	static
stm32l5xx_hal_pka.c:1199:19:HAL_PKA_Mul	24	static
stm32l5xx_hal_pka.c:1214:19:HAL_PKA_Mul_IT	16	static
stm32l5xx_hal_pka.c:1230:19:HAL_PKA_Cmp	24	static
stm32l5xx_hal_pka.c:1245:19:HAL_PKA_Cmp_IT	16	static
stm32l5xx_hal_pka.c:1261:19:HAL_PKA_ModAdd	24	static
stm32l5xx_hal_pka.c:1276:19:HAL_PKA_ModAdd_IT	16	static
stm32l5xx_hal_pka.c:1323:19:HAL_PKA_ModSub	24	static
stm32l5xx_hal_pka.c:1338:19:HAL_PKA_ModSub_IT	16	static
stm32l5xx_hal_pka.c:1385:19:HAL_PKA_MontgomeryMul	24	static
stm32l5xx_hal_pka.c:1400:19:HAL_PKA_MontgomeryMul_IT	16	static
