stm32l5xx_hal_ospi.c:2459:13:OSPI_DMACplt	0	static
stm32l5xx_hal_ospi.c:2623:26:OSPI_ConfigCmd	32	static
stm32l5xx_hal_ospi.c:2596:26:OSPI_WaitFlagStateUntilTimeout	24	static
stm32l5xx_hal_ospi.c:435:13:HAL_OSPI_MspInit	0	static
stm32l5xx_hal_ospi.c:308:19:HAL_OSPI_Init	32	static
stm32l5xx_hal_ospi.c:493:13:HAL_OSPI_MspDeInit	0	static
stm32l5xx_hal_ospi.c:450:19:HAL_OSPI_DeInit	8	static
stm32l5xx_hal_ospi.c:764:19:HAL_OSPI_Command	32	static
stm32l5xx_hal_ospi.c:894:19:HAL_OSPI_Command_IT	24	static
stm32l5xx_hal_ospi.c:984:19:HAL_OSPI_HyperbusCfg	24	static
stm32l5xx_hal_ospi.c:1031:19:HAL_OSPI_HyperbusCmd	24	static
stm32l5xx_hal_ospi.c:1093:19:HAL_OSPI_Transmit	32	static
stm32l5xx_hal_ospi.c:1167:19:HAL_OSPI_Receive	32	static
stm32l5xx_hal_ospi.c:1259:19:HAL_OSPI_Transmit_IT	0	static
stm32l5xx_hal_ospi.c:1309:19:HAL_OSPI_Receive_IT	12	static
stm32l5xx_hal_ospi.c:1382:19:HAL_OSPI_Transmit_DMA	16	static
stm32l5xx_hal_ospi.c:1505:19:HAL_OSPI_Receive_DMA	24	static
stm32l5xx_hal_ospi.c:1644:19:HAL_OSPI_AutoPolling	40	static
stm32l5xx_hal_ospi.c:1722:19:HAL_OSPI_AutoPolling_IT	32	static
stm32l5xx_hal_ospi.c:1797:19:HAL_OSPI_MemoryMapped	24	static
stm32l5xx_hal_ospi.c:1850:13:HAL_OSPI_ErrorCallback	0	static
stm32l5xx_hal_ospi.c:1865:13:HAL_OSPI_AbortCpltCallback	0	static
stm32l5xx_hal_ospi.c:2539:13:OSPI_DMAAbortCplt	8	static
stm32l5xx_hal_ospi.c:1880:13:HAL_OSPI_FifoThresholdCallback	0	static
stm32l5xx_hal_ospi.c:1895:13:HAL_OSPI_CmdCpltCallback	0	static
stm32l5xx_hal_ospi.c:1910:13:HAL_OSPI_RxCpltCallback	0	static
stm32l5xx_hal_ospi.c:1925:14:HAL_OSPI_TxCpltCallback	0	static
stm32l5xx_hal_ospi.c:1940:13:HAL_OSPI_RxHalfCpltCallback	0	static
stm32l5xx_hal_ospi.c:1955:13:HAL_OSPI_TxHalfCpltCallback	0	static
stm32l5xx_hal_ospi.c:2479:13:OSPI_DMAHalfCplt	8	static
stm32l5xx_hal_ospi.c:1970:13:HAL_OSPI_StatusMatchCallback	0	static
stm32l5xx_hal_ospi.c:1985:13:HAL_OSPI_TimeOutCallback	0	static
stm32l5xx_hal_ospi.c:533:6:HAL_OSPI_IRQHandler	16	static
stm32l5xx_hal_ospi.c:2235:19:HAL_OSPI_Abort	24	static
stm32l5xx_hal_ospi.c:2303:19:HAL_OSPI_Abort_IT	16	static
stm32l5xx_hal_ospi.c:2507:13:OSPI_DMAError	8	static
stm32l5xx_hal_ospi.c:2381:19:HAL_OSPI_SetFifoThreshold	8	static
stm32l5xx_hal_ospi.c:2409:10:HAL_OSPI_GetFifoThreshold	0	static
stm32l5xx_hal_ospi.c:2419:19:HAL_OSPI_SetTimeout	0	static
stm32l5xx_hal_ospi.c:2430:10:HAL_OSPI_GetError	0	static
stm32l5xx_hal_ospi.c:2440:10:HAL_OSPI_GetState	0	static
