stm32l5xx_hal_otfdec.c:272:13:HAL_OTFDEC_MspInit	0	static
stm32l5xx_hal_otfdec.c:180:19:HAL_OTFDEC_Init	16	static
stm32l5xx_hal_otfdec.c:288:13:HAL_OTFDEC_MspDeInit	0	static
stm32l5xx_hal_otfdec.c:226:19:HAL_OTFDEC_DeInit	8	static
stm32l5xx_hal_otfdec.c:515:13:HAL_OTFDEC_ErrorCallback	0	static
stm32l5xx_hal_otfdec.c:481:6:HAL_OTFDEC_IRQHandler	8	static
stm32l5xx_hal_otfdec.c:554:19:HAL_OTFDEC_RegionKeyLock	0	static
stm32l5xx_hal_otfdec.c:655:19:HAL_OTFDEC_RegionSetMode	8	static
stm32l5xx_hal_otfdec.c:694:19:HAL_OTFDEC_RegionConfig	16	static
stm32l5xx_hal_otfdec.c:757:19:HAL_OTFDEC_ConfigAttributes	0	static
stm32l5xx_hal_otfdec.c:780:10:HAL_OTFDEC_KeyCRCComputation	40	static
stm32l5xx_hal_otfdec.c:826:19:HAL_OTFDEC_EnableEnciphering	0	static
stm32l5xx_hal_otfdec.c:846:19:HAL_OTFDEC_DisableEnciphering	0	static
stm32l5xx_hal_otfdec.c:875:19:HAL_OTFDEC_Cipher	20	static
stm32l5xx_hal_otfdec.c:920:19:HAL_OTFDEC_RegionEnable	8	static
stm32l5xx_hal_otfdec.c:961:19:HAL_OTFDEC_RegionDisable	8	static
stm32l5xx_hal_otfdec.c:1018:25:HAL_OTFDEC_GetState	0	static
stm32l5xx_hal_otfdec.c:1033:19:HAL_OTFDEC_GetConfigAttributes	0	static
stm32l5xx_hal_otfdec.c:1057:10:HAL_OTFDEC_RegionGetKeyCRC	0	static
stm32l5xx_hal_otfdec.c:588:19:HAL_OTFDEC_RegionSetKey	16	static,ignoring_inline_asm
stm32l5xx_hal_otfdec.c:1085:19:HAL_OTFDEC_RegionGetConfig	12	static
