stm32l5xx_hal_rtc.c:757:13:HAL_RTC_MspInit	0	static
stm32l5xx_hal_rtc.c:772:13:HAL_RTC_MspDeInit	0	static
stm32l5xx_hal_rtc.c:1083:6:HAL_RTC_DST_Add1Hour	0	static
stm32l5xx_hal_rtc.c:1097:6:HAL_RTC_DST_Sub1Hour	0	static
stm32l5xx_hal_rtc.c:1111:6:HAL_RTC_DST_SetStoreOperation	0	static
stm32l5xx_hal_rtc.c:1124:6:HAL_RTC_DST_ClearStoreOperation	0	static
stm32l5xx_hal_rtc.c:1137:10:HAL_RTC_DST_ReadStoreOperation	0	static
stm32l5xx_hal_rtc.c:1456:19:HAL_RTC_DeactivateAlarm	0	static
stm32l5xx_hal_rtc.c:1647:13:HAL_RTC_AlarmAEventCallback	0	static
stm32l5xx_hal_rtc.c:1566:6:HAL_RTC_AlarmIRQHandler	16	static
stm32l5xx_hal_rtc.c:1663:19:HAL_RTC_PollForAlarmAEvent	24	static
stm32l5xx_hal_rtc.c:1721:19:HAL_RTC_WaitForSynchro	16	static
stm32l5xx_hal_rtc.c:1766:21:HAL_RTC_GetState	0	static
stm32l5xx_hal_rtc.c:1789:19:RTC_EnterInitMode	24	static
stm32l5xx_hal_rtc.c:1821:19:RTC_ExitInitMode	16	static
stm32l5xx_hal_rtc.c:254:19:HAL_RTC_Init	16	static
stm32l5xx_hal_rtc.c:364:19:HAL_RTC_DeInit	16	static
stm32l5xx_hal_rtc.c:1859:9:RTC_ByteToBcd2	0	static
stm32l5xx_hal_rtc.c:810:19:HAL_RTC_SetTime	24	static
stm32l5xx_hal_rtc.c:965:19:HAL_RTC_SetDate	24	static
stm32l5xx_hal_rtc.c:1171:19:HAL_RTC_SetAlarm	32	static
stm32l5xx_hal_rtc.c:1316:19:HAL_RTC_SetAlarm_IT	32	static
stm32l5xx_hal_rtc.c:1878:9:RTC_Bcd2ToByte	0	static
stm32l5xx_hal_rtc.c:920:19:HAL_RTC_GetTime	16	static
stm32l5xx_hal_rtc.c:1049:19:HAL_RTC_GetDate	16	static
stm32l5xx_hal_rtc.c:1504:19:HAL_RTC_GetAlarm	8	static
