stm32l5xx_hal_rtc_ex.c:173:19:HAL_RTCEx_SetTimeStamp	0	static
stm32l5xx_hal_rtc_ex.c:224:19:HAL_RTCEx_SetTimeStamp_IT	0	static
stm32l5xx_hal_rtc_ex.c:267:19:HAL_RTCEx_DeactivateTimeStamp	0	static
stm32l5xx_hal_rtc_ex.c:297:19:HAL_RTCEx_SetInternalTimeStamp	0	static
stm32l5xx_hal_rtc_ex.c:327:19:HAL_RTCEx_DeactivateInternalTimeStamp	0	static
stm32l5xx_hal_rtc_ex.c:362:19:HAL_RTCEx_GetTimeStamp	24	static
stm32l5xx_hal_rtc_ex.c:462:13:HAL_RTCEx_TimeStampEventCallback	0	static
stm32l5xx_hal_rtc_ex.c:413:6:HAL_RTCEx_TimeStampIRQHandler	16	static
stm32l5xx_hal_rtc_ex.c:478:19:HAL_RTCEx_PollForTimeStampEvent	24	static
stm32l5xx_hal_rtc_ex.c:536:19:HAL_RTCEx_SetWakeUpTimer	32	static
stm32l5xx_hal_rtc_ex.c:609:19:HAL_RTCEx_SetWakeUpTimer_IT	32	static
stm32l5xx_hal_rtc_ex.c:693:19:HAL_RTCEx_DeactivateWakeUpTimer	24	static
stm32l5xx_hal_rtc_ex.c:743:10:HAL_RTCEx_GetWakeUpTimer	0	static
stm32l5xx_hal_rtc_ex.c:808:13:HAL_RTCEx_WakeUpTimerEventCallback	0	static
stm32l5xx_hal_rtc_ex.c:756:6:HAL_RTCEx_WakeUpTimerIRQHandler	8	static
stm32l5xx_hal_rtc_ex.c:824:19:HAL_RTCEx_PollForWakeUpTimerEvent	24	static
stm32l5xx_hal_rtc_ex.c:899:19:HAL_RTCEx_SetSmoothCalib	32	static
stm32l5xx_hal_rtc_ex.c:964:19:HAL_RTCEx_SetLowPowerCalib	0	static
stm32l5xx_hal_rtc_ex.c:1004:19:HAL_RTCEx_SetSynchroShift	24	static
stm32l5xx_hal_rtc_ex.c:1097:19:HAL_RTCEx_SetCalibrationOutPut	0	static
stm32l5xx_hal_rtc_ex.c:1133:19:HAL_RTCEx_DeactivateCalibrationOutPut	0	static
stm32l5xx_hal_rtc_ex.c:1163:19:HAL_RTCEx_SetRefClock	16	static
stm32l5xx_hal_rtc_ex.c:1205:19:HAL_RTCEx_DeactivateRefClock	16	static
stm32l5xx_hal_rtc_ex.c:1249:19:HAL_RTCEx_EnableBypassShadow	0	static
stm32l5xx_hal_rtc_ex.c:1281:19:HAL_RTCEx_DisableBypassShadow	0	static
stm32l5xx_hal_rtc_ex.c:1314:19:HAL_RTCEx_MonotonicCounterIncrement	0	static
stm32l5xx_hal_rtc_ex.c:1334:19:HAL_RTCEx_MonotonicCounterGet	0	static
stm32l5xx_hal_rtc_ex.c:1370:13:HAL_RTCEx_AlarmBEventCallback	0	static
stm32l5xx_hal_rtc_ex.c:1386:19:HAL_RTCEx_PollForAlarmBEvent	24	static
stm32l5xx_hal_rtc_ex.c:1449:19:HAL_RTCEx_SetTamper	16	static
stm32l5xx_hal_rtc_ex.c:1516:19:HAL_RTCEx_SetTamper_IT	16	static
stm32l5xx_hal_rtc_ex.c:1597:19:HAL_RTCEx_DeactivateTamper	8	static
stm32l5xx_hal_rtc_ex.c:1733:19:HAL_RTCEx_SetActiveSeed	16	static
stm32l5xx_hal_rtc_ex.c:1767:19:HAL_RTCEx_DeactivateActiveTampers	8	static
stm32l5xx_hal_rtc_ex.c:1623:19:HAL_RTCEx_SetActiveTampers	40	static
stm32l5xx_hal_rtc_ex.c:1811:19:HAL_RTCEx_PollForTamperEvent	24	static
stm32l5xx_hal_rtc_ex.c:1843:19:HAL_RTCEx_SetInternalTamper	8	static
stm32l5xx_hal_rtc_ex.c:1880:19:HAL_RTCEx_SetInternalTamper_IT	8	static
stm32l5xx_hal_rtc_ex.c:1923:19:HAL_RTCEx_DeactivateInternalTamper	0	static
stm32l5xx_hal_rtc_ex.c:1949:19:HAL_RTCEx_PollForInternalTamperEvent	0	static
stm32l5xx_hal_rtc_ex.c:2326:13:HAL_RTCEx_Tamper1EventCallback	0	static
stm32l5xx_hal_rtc_ex.c:2341:13:HAL_RTCEx_Tamper2EventCallback	0	static
stm32l5xx_hal_rtc_ex.c:2356:13:HAL_RTCEx_Tamper3EventCallback	0	static
stm32l5xx_hal_rtc_ex.c:2371:13:HAL_RTCEx_Tamper4EventCallback	0	static
stm32l5xx_hal_rtc_ex.c:2386:13:HAL_RTCEx_Tamper5EventCallback	0	static
stm32l5xx_hal_rtc_ex.c:2401:13:HAL_RTCEx_Tamper6EventCallback	0	static
stm32l5xx_hal_rtc_ex.c:2416:13:HAL_RTCEx_Tamper7EventCallback	0	static
stm32l5xx_hal_rtc_ex.c:2431:13:HAL_RTCEx_Tamper8EventCallback	0	static
stm32l5xx_hal_rtc_ex.c:2446:13:HAL_RTCEx_InternalTamper1EventCallback	0	static
stm32l5xx_hal_rtc_ex.c:2461:13:HAL_RTCEx_InternalTamper2EventCallback	0	static
stm32l5xx_hal_rtc_ex.c:2476:13:HAL_RTCEx_InternalTamper3EventCallback	0	static
stm32l5xx_hal_rtc_ex.c:2492:13:HAL_RTCEx_InternalTamper5EventCallback	0	static
stm32l5xx_hal_rtc_ex.c:2508:13:HAL_RTCEx_InternalTamper8EventCallback	0	static
stm32l5xx_hal_rtc_ex.c:1981:6:HAL_RTCEx_TamperIRQHandler	16	static
stm32l5xx_hal_rtc_ex.c:2523:6:HAL_RTCEx_EnableTemperatureMonitoring	0	static
stm32l5xx_hal_rtc_ex.c:2535:6:HAL_RTCEx_DisableTemperatureMonitoring	0	static
stm32l5xx_hal_rtc_ex.c:2547:6:HAL_RTCEx_EnableVoltageMonitoring	0	static
stm32l5xx_hal_rtc_ex.c:2559:6:HAL_RTCEx_DisableVoltageMonitoring	0	static
stm32l5xx_hal_rtc_ex.c:2572:6:HAL_RTCEx_EnableWUTMonitoring	0	static
stm32l5xx_hal_rtc_ex.c:2585:6:HAL_RTCEx_DisableWUTMonitoring	0	static
stm32l5xx_hal_rtc_ex.c:2626:6:HAL_RTCEx_BKUPWrite	0	static
stm32l5xx_hal_rtc_ex.c:2649:10:HAL_RTCEx_BKUPRead	0	static
stm32l5xx_hal_rtc_ex.c:2690:19:HAL_RTCEx_SecureModeGet	0	static
stm32l5xx_hal_rtc_ex.c:2723:19:HAL_RTCEx_SecureModeSet	0	static
stm32l5xx_hal_rtc_ex.c:2772:19:HAL_RTCEx_PrivilegeModeSet	0	static
stm32l5xx_hal_rtc_ex.c:2808:19:HAL_RTCEx_PrivilegeModeGet	8	static
