Archive member included to satisfy reference by file (symbol)

c:/st/stm32cubeide_1.5.0/stm32cubeide/plugins/com.st.stm32cube.ide.mcu.externaltools.gnu-tools-for-stm32.7-2018-q2-update.win32_1.5.0.202011040924/tools/bin/../lib/gcc/arm-none-eabi/7.3.1/../../../../arm-none-eabi/lib/thumb/v8-m.main/fpv5-sp/softfp\libc_nano.a(lib_a-exit.o)
                              c:/st/stm32cubeide_1.5.0/stm32cubeide/plugins/com.st.stm32cube.ide.mcu.externaltools.gnu-tools-for-stm32.7-2018-q2-update.win32_1.5.0.202011040924/tools/bin/../lib/gcc/arm-none-eabi/7.3.1/../../../../arm-none-eabi/lib/thumb/v8-m.main/fpv5-sp/softfp/crt0.o (exit)
c:/st/stm32cubeide_1.5.0/stm32cubeide/plugins/com.st.stm32cube.ide.mcu.externaltools.gnu-tools-for-stm32.7-2018-q2-update.win32_1.5.0.202011040924/tools/bin/../lib/gcc/arm-none-eabi/7.3.1/../../../../arm-none-eabi/lib/thumb/v8-m.main/fpv5-sp/softfp\libc_nano.a(lib_a-impure.o)
                              c:/st/stm32cubeide_1.5.0/stm32cubeide/plugins/com.st.stm32cube.ide.mcu.externaltools.gnu-tools-for-stm32.7-2018-q2-update.win32_1.5.0.202011040924/tools/bin/../lib/gcc/arm-none-eabi/7.3.1/../../../../arm-none-eabi/lib/thumb/v8-m.main/fpv5-sp/softfp\libc_nano.a(lib_a-exit.o) (_global_impure_ptr)
c:/st/stm32cubeide_1.5.0/stm32cubeide/plugins/com.st.stm32cube.ide.mcu.externaltools.gnu-tools-for-stm32.7-2018-q2-update.win32_1.5.0.202011040924/tools/bin/../lib/gcc/arm-none-eabi/7.3.1/../../../../arm-none-eabi/lib/thumb/v8-m.main/fpv5-sp/softfp\libc_nano.a(lib_a-init.o)
                              c:/st/stm32cubeide_1.5.0/stm32cubeide/plugins/com.st.stm32cube.ide.mcu.externaltools.gnu-tools-for-stm32.7-2018-q2-update.win32_1.5.0.202011040924/tools/bin/../lib/gcc/arm-none-eabi/7.3.1/../../../../arm-none-eabi/lib/thumb/v8-m.main/fpv5-sp/softfp/crt0.o (__libc_init_array)
c:/st/stm32cubeide_1.5.0/stm32cubeide/plugins/com.st.stm32cube.ide.mcu.externaltools.gnu-tools-for-stm32.7-2018-q2-update.win32_1.5.0.202011040924/tools/bin/../lib/gcc/arm-none-eabi/7.3.1/../../../../arm-none-eabi/lib/thumb/v8-m.main/fpv5-sp/softfp\libc_nano.a(lib_a-memcmp.o)
                              Application/User/tfm_app.o (memcmp)
c:/st/stm32cubeide_1.5.0/stm32cubeide/plugins/com.st.stm32cube.ide.mcu.externaltools.gnu-tools-for-stm32.7-2018-q2-update.win32_1.5.0.202011040924/tools/bin/../lib/gcc/arm-none-eabi/7.3.1/../../../../arm-none-eabi/lib/thumb/v8-m.main/fpv5-sp/softfp\libc_nano.a(lib_a-memcpy-stub.o)
                              Application/User/fw_update_app.o (memcpy)
c:/st/stm32cubeide_1.5.0/stm32cubeide/plugins/com.st.stm32cube.ide.mcu.externaltools.gnu-tools-for-stm32.7-2018-q2-update.win32_1.5.0.202011040924/tools/bin/../lib/gcc/arm-none-eabi/7.3.1/../../../../arm-none-eabi/lib/thumb/v8-m.main/fpv5-sp/softfp\libc_nano.a(lib_a-memmove.o)
                              Middlewares/trustedfirmware/core/UsefulBuf.o (memmove)
c:/st/stm32cubeide_1.5.0/stm32cubeide/plugins/com.st.stm32cube.ide.mcu.externaltools.gnu-tools-for-stm32.7-2018-q2-update.win32_1.5.0.202011040924/tools/bin/../lib/gcc/arm-none-eabi/7.3.1/../../../../arm-none-eabi/lib/thumb/v8-m.main/fpv5-sp/softfp\libc_nano.a(lib_a-memset.o)
                              c:/st/stm32cubeide_1.5.0/stm32cubeide/plugins/com.st.stm32cube.ide.mcu.externaltools.gnu-tools-for-stm32.7-2018-q2-update.win32_1.5.0.202011040924/tools/bin/../lib/gcc/arm-none-eabi/7.3.1/../../../../arm-none-eabi/lib/thumb/v8-m.main/fpv5-sp/softfp/crt0.o (memset)
c:/st/stm32cubeide_1.5.0/stm32cubeide/plugins/com.st.stm32cube.ide.mcu.externaltools.gnu-tools-for-stm32.7-2018-q2-update.win32_1.5.0.202011040924/tools/bin/../lib/gcc/arm-none-eabi/7.3.1/../../../../arm-none-eabi/lib/thumb/v8-m.main/fpv5-sp/softfp\libc_nano.a(lib_a-printf.o)
                              Application/User/fw_update_app.o (printf)
c:/st/stm32cubeide_1.5.0/stm32cubeide/plugins/com.st.stm32cube.ide.mcu.externaltools.gnu-tools-for-stm32.7-2018-q2-update.win32_1.5.0.202011040924/tools/bin/../lib/gcc/arm-none-eabi/7.3.1/../../../../arm-none-eabi/lib/thumb/v8-m.main/fpv5-sp/softfp\libc_nano.a(lib_a-puts.o)
                              Application/User/flash_if.o (puts)
c:/st/stm32cubeide_1.5.0/stm32cubeide/plugins/com.st.stm32cube.ide.mcu.externaltools.gnu-tools-for-stm32.7-2018-q2-update.win32_1.5.0.202011040924/tools/bin/../lib/gcc/arm-none-eabi/7.3.1/../../../../arm-none-eabi/lib/thumb/v8-m.main/fpv5-sp/softfp\libc_nano.a(lib_a-setvbuf.o)
                              Application/User/com.o (setvbuf)
c:/st/stm32cubeide_1.5.0/stm32cubeide/plugins/com.st.stm32cube.ide.mcu.externaltools.gnu-tools-for-stm32.7-2018-q2-update.win32_1.5.0.202011040924/tools/bin/../lib/gcc/arm-none-eabi/7.3.1/../../../../arm-none-eabi/lib/thumb/v8-m.main/fpv5-sp/softfp\libc_nano.a(lib_a-strncmp.o)
                              Application/User/test_protections.o (strncmp)
[...]
Memory Configuration

Name             Origin             Length             Attributes
FLASH            0x0000000090000400 0x00000000000fdc00 xr
RAM              0x0000000020000000 0x0000000000030000 xrw
*default*        0x0000000000000000 0xffffffffffffffff

Linker script and memory map

LOAD c:/st/stm32cubeide_1.5.0/stm32cubeide/plugins/com.st.stm32cube.ide.mcu.externaltools.gnu-tools-for-stm32.7-2018-q2-update.win32_1.5.0.202011040924/tools/bin/../lib/gcc/arm-none-eabi/7.3.1/thumb/v8-m.main/fpv5-sp/softfp/crti.o
LOAD c:/st/stm32cubeide_1.5.0/stm32cubeide/plugins/com.st.stm32cube.ide.mcu.externaltools.gnu-tools-for-stm32.7-2018-q2-update.win32_1.5.0.202011040924/tools/bin/../lib/gcc/arm-none-eabi/7.3.1/thumb/v8-m.main/fpv5-sp/softfp/crtbegin.o
LOAD c:/st/stm32cubeide_1.5.0/stm32cubeide/plugins/com.st.stm32cube.ide.mcu.externaltools.gnu-tools-for-stm32.7-2018-q2-update.win32_1.5.0.202011040924/tools/bin/../lib/gcc/arm-none-eabi/7.3.1/../../../../arm-none-eabi/lib/thumb/v8-m.main/fpv5-sp/softfp/crt0.o
LOAD Application/Startup/startup_stm32l5xx_ns.o
LOAD Application/User/com.o
LOAD Application/User/common.o
LOAD Application/User/flash_if.o
LOAD Application/User/fw_update_app.o
LOAD Application/User/main.o
LOAD Application/User/mpu_armv8m_drv.o
LOAD Application/User/stm32l5xx_it.o
LOAD Application/User/system_stm32l5xx.o
LOAD Application/User/test_protections.o
LOAD Application/User/tfm_app.o
LOAD Application/User/tfm_ns_lock.o
LOAD Application/User/ymodem.o
LOAD Drivers/STM32L5xx_HAL_Driver/stm32l5xx_hal.o
LOAD Drivers/STM32L5xx_HAL_Driver/stm32l5xx_hal_cortex.o
LOAD Drivers/STM32L5xx_HAL_Driver/stm32l5xx_hal_crc.o
LOAD Drivers/STM32L5xx_HAL_Driver/stm32l5xx_hal_crc_ex.o
LOAD Drivers/STM32L5xx_HAL_Driver/stm32l5xx_hal_dma.o
LOAD Drivers/STM32L5xx_HAL_Driver/stm32l5xx_hal_dma_ex.o
LOAD Drivers/STM32L5xx_HAL_Driver/stm32l5xx_hal_exti.o
LOAD Drivers/STM32L5xx_HAL_Driver/stm32l5xx_hal_flash.o
LOAD Drivers/STM32L5xx_HAL_Driver/stm32l5xx_hal_flash_ex.o
LOAD Drivers/STM32L5xx_HAL_Driver/stm32l5xx_hal_gpio.o
LOAD Drivers/STM32L5xx_HAL_Driver/stm32l5xx_hal_pwr.o
LOAD Drivers/STM32L5xx_HAL_Driver/stm32l5xx_hal_pwr_ex.o
LOAD Drivers/STM32L5xx_HAL_Driver/stm32l5xx_hal_rcc.o
LOAD Drivers/STM32L5xx_HAL_Driver/stm32l5xx_hal_rcc_ex.o
LOAD Drivers/STM32L5xx_HAL_Driver/stm32l5xx_hal_uart.o
LOAD Drivers/STM32L5xx_HAL_Driver/stm32l5xx_hal_uart_ex.o
LOAD Middlewares/trustedfirmware/core/UsefulBuf.o
LOAD Middlewares/trustedfirmware/core/tfm_crypto_ipc_api.o
LOAD Middlewares/trustedfirmware/core/tfm_initial_attestation_ipc_api.o
LOAD Middlewares/trustedfirmware/core/tfm_its_ipc_api.o
LOAD Middlewares/trustedfirmware/core/tfm_psa_ns_api.o
LOAD Middlewares/trustedfirmware/core/tfm_sst_ipc_api.o
LOAD Middlewares/trustedfirmware/test/crypto_tests_common.o
LOAD Middlewares/trustedfirmware/test/test_framework.o
LOAD Middlewares/trustedfirmware/test/test_framework_helpers.o
LOAD C:/STM32CubeWs/STM32CubeL5/Projects/STM32L562E-DK/Applications/TFM/TFM_Appli/STM32CubeIDE/Secure/Release/s_veneers.o
START GROUP
LOAD c:/st/stm32cubeide_1.5.0/stm32cubeide/plugins/com.st.stm32cube.ide.mcu.externaltools.gnu-tools-for-stm32.7-2018-q2-update.win32_1.5.0.202011040924/tools/bin/../lib/gcc/arm-none-eabi/7.3.1/../../../../arm-none-eabi/lib/thumb/v8-m.main/fpv5-sp/softfp\libc_nano.a
LOAD c:/st/stm32cubeide_1.5.0/stm32cubeide/plugins/com.st.stm32cube.ide.mcu.externaltools.gnu-tools-for-stm32.7-2018-q2-update.win32_1.5.0.202011040924/tools/bin/../lib/gcc/arm-none-eabi/7.3.1/../../../../arm-none-eabi/lib/thumb/v8-m.main/fpv5-sp/softfp\libm.a
END GROUP
START GROUP
LOAD c:/st/stm32cubeide_1.5.0/stm32cubeide/plugins/com.st.stm32cube.ide.mcu.externaltools.gnu-tools-for-stm32.7-2018-q2-update.win32_1.5.0.202011040924/tools/bin/../lib/gcc/arm-none-eabi/7.3.1/thumb/v8-m.main/fpv5-sp/softfp\libgcc.a
LOAD c:/st/stm32cubeide_1.5.0/stm32cubeide/plugins/com.st.stm32cube.ide.mcu.externaltools.gnu-tools-for-stm32.7-2018-q2-update.win32_1.5.0.202011040924/tools/bin/../lib/gcc/arm-none-eabi/7.3.1/../../../../arm-none-eabi/lib/thumb/v8-m.main/fpv5-sp/softfp\libc_nano.a
END GROUP
START GROUP
LOAD c:/st/stm32cubeide_1.5.0/stm32cubeide/plugins/com.st.stm32cube.ide.mcu.externaltools.gnu-tools-for-stm32.7-2018-q2-update.win32_1.5.0.202011040924/tools/bin/../lib/gcc/arm-none-eabi/7.3.1/thumb/v8-m.main/fpv5-sp/softfp\libgcc.a
LOAD c:/st/stm32cubeide_1.5.0/stm32cubeide/plugins/com.st.stm32cube.ide.mcu.externaltools.gnu-tools-for-stm32.7-2018-q2-update.win32_1.5.0.202011040924/tools/bin/../lib/gcc/arm-none-eabi/7.3.1/../../../../arm-none-eabi/lib/thumb/v8-m.main/fpv5-sp/softfp\libc_nano.a
LOAD c:/st/stm32cubeide_1.5.0/stm32cubeide/plugins/com.st.stm32cube.ide.mcu.externaltools.gnu-tools-for-stm32.7-2018-q2-update.win32_1.5.0.202011040924/tools/bin/../lib/gcc/arm-none-eabi/7.3.1/../../../../arm-none-eabi/lib/thumb/v8-m.main/fpv5-sp/softfp\libnosys.a
END GROUP
START GROUP
LOAD c:/st/stm32cubeide_1.5.0/stm32cubeide/plugins/com.st.stm32cube.ide.mcu.externaltools.gnu-tools-for-stm32.7-2018-q2-update.win32_1.5.0.202011040924/tools/bin/../lib/gcc/arm-none-eabi/7.3.1/thumb/v8-m.main/fpv5-sp/softfp\libgcc.a
LOAD c:/st/stm32cubeide_1.5.0/stm32cubeide/plugins/com.st.stm32cube.ide.mcu.externaltools.gnu-tools-for-stm32.7-2018-q2-update.win32_1.5.0.202011040924/tools/bin/../lib/gcc/arm-none-eabi/7.3.1/../../../../arm-none-eabi/lib/thumb/v8-m.main/fpv5-sp/softfp\libc_nano.a
LOAD c:/st/stm32cubeide_1.5.0/stm32cubeide/plugins/com.st.stm32cube.ide.mcu.externaltools.gnu-tools-for-stm32.7-2018-q2-update.win32_1.5.0.202011040924/tools/bin/../lib/gcc/arm-none-eabi/7.3.1/../../../../arm-none-eabi/lib/thumb/v8-m.main/fpv5-sp/softfp\libnosys.a
END GROUP
LOAD c:/st/stm32cubeide_1.5.0/stm32cubeide/plugins/com.st.stm32cube.ide.mcu.externaltools.gnu-tools-for-stm32.7-2018-q2-update.win32_1.5.0.202011040924/tools/bin/../lib/gcc/arm-none-eabi/7.3.1/thumb/v8-m.main/fpv5-sp/softfp/crtend.o
LOAD c:/st/stm32cubeide_1.5.0/stm32cubeide/plugins/com.st.stm32cube.ide.mcu.externaltools.gnu-tools-for-stm32.7-2018-q2-update.win32_1.5.0.202011040924/tools/bin/../lib/gcc/arm-none-eabi/7.3.1/thumb/v8-m.main/fpv5-sp/softfp/crtn.o
                0x0000000000001000                __heap_size__ = 0x1000
                0x0000000000000c00                __psp_stack_size__ = 0xc00
                0x0000000000000400                __msp_stack_size__ = 0x400
START GROUP
LOAD c:/st/stm32cubeide_1.5.0/stm32cubeide/plugins/com.st.stm32cube.ide.mcu.externaltools.gnu-tools-for-stm32.7-2018-q2-update.win32_1.5.0.202011040924/tools/bin/../lib/gcc/arm-none-eabi/7.3.1/thumb/v8-m.main/fpv5-sp/softfp\libgcc.a
LOAD c:/st/stm32cubeide_1.5.0/stm32cubeide/plugins/com.st.stm32cube.ide.mcu.externaltools.gnu-tools-for-stm32.7-2018-q2-update.win32_1.5.0.202011040924/tools/bin/../lib/gcc/arm-none-eabi/7.3.1/../../../../arm-none-eabi/lib/thumb/v8-m.main/fpv5-sp/softfp\libc.a
LOAD c:/st/stm32cubeide_1.5.0/stm32cubeide/plugins/com.st.stm32cube.ide.mcu.externaltools.gnu-tools-for-stm32.7-2018-q2-update.win32_1.5.0.202011040924/tools/bin/../lib/gcc/arm-none-eabi/7.3.1/../../../../arm-none-eabi/lib/thumb/v8-m.main/fpv5-sp/softfp\libm.a
LOAD c:/st/stm32cubeide_1.5.0/stm32cubeide/plugins/com.st.stm32cube.ide.mcu.externaltools.gnu-tools-for-stm32.7-2018-q2-update.win32_1.5.0.202011040924/tools/bin/../lib/gcc/arm-none-eabi/7.3.1/../../../../arm-none-eabi/lib/thumb/v8-m.main/fpv5-sp/softfp\libnosys.a
END GROUP

.text           0x0000000090000400     0x5a90
 *(.vectors)
 .vectors       0x0000000090000400      0x1f4 Application/Startup/startup_stm32l5xx_ns.o
                0x0000000090000400                __Vectors
                0x00000000900005f4                __Vectors_End = .
                0x00000000000001f4                __Vectors_Size = (__Vectors_End - __Vectors)
                0x00000000900005f4                __end__ = .
 *(.text*)
 .text          0x00000000900005f4       0x40 c:/st/stm32cubeide_1.5.0/stm32cubeide/plugins/com.st.stm32cube.ide.mcu.externaltools.gnu-tools-for-stm32.7-2018-q2-update.win32_1.5.0.202011040924/tools/bin/../lib/gcc/arm-none-eabi/7.3.1/thumb/v8-m.main/fpv5-sp/softfp/crtbegin.o
 .text          0x0000000090000634       0x74 c:/st/stm32cubeide_1.5.0/stm32cubeide/plugins/com.st.stm32cube.ide.mcu.externaltools.gnu-tools-for-stm32.7-2018-q2-update.win32_1.5.0.202011040924/tools/bin/../lib/gcc/arm-none-eabi/7.3.1/../../../../arm-none-eabi/lib/thumb/v8-m.main/fpv5-sp/softfp/crt0.o
                0x0000000090000634                _start
                0x0000000090000634                _mainCRTStartup
 .text          0x00000000900006a8      0x218 Application/Startup/startup_stm32l5xx_ns.o
                0x00000000900006a8                Reset_Handler
                0x000000009000070c                SecureFault_Handler
                0x0000000090000710                SVC_Handler
                0x0000000090000718                PendSV_Handler
                0x0000000090000720                WWDG_IRQHandler
                0x0000000090000724                PVD_PVM_IRQHandler
                0x0000000090000728                RTC_IRQHandler
                0x000000009000072c                RTC_IRQHandler_S
                0x0000000090000730                TAMP_IRQHandler
                0x0000000090000734                TAMP_IRQHandler_S
                0x000000009000073c                FLASH_IRQHandler_S
                0x0000000090000740                SERR_IRQHandler
                0x0000000090000744                RCC_IRQHandler
                0x0000000090000748                RCC_IRQHandler_S
                0x000000009000074c                EXTI0_IRQHandler
                0x0000000090000750                EXTI1_IRQHandler
                0x0000000090000754                EXTI2_IRQHandler
                0x0000000090000758                EXTI3_IRQHandler
                0x000000009000075c                EXTI4_IRQHandler
                0x0000000090000760                EXTI5_IRQHandler
                0x0000000090000764                EXTI6_IRQHandler
                0x0000000090000768                EXTI7_IRQHandler
                0x000000009000076c                EXTI8_IRQHandler
                0x0000000090000770                EXTI9_IRQHandler
                0x0000000090000774                EXTI10_IRQHandler
                0x0000000090000778                EXTI11_IRQHandler
                0x000000009000077c                EXTI12_IRQHandler
                0x0000000090000780                EXTI13_IRQHandler
                0x0000000090000784                EXTI14_IRQHandler
                0x0000000090000788                EXTI15_IRQHandler
                0x000000009000078c                DMAMUX1_IRQHandler
                0x0000000090000790                DMAMUX1_IRQHandler_S
                0x0000000090000794                DMA1_Channel1_IRQHandler
                0x0000000090000798                DMA1_Channel2_IRQHandler
                0x000000009000079c                DMA1_Channel3_IRQHandler
                0x00000000900007a0                DMA1_Channel4_IRQHandler
                0x00000000900007a4                DMA1_Channel5_IRQHandler
                0x00000000900007a8                DMA1_Channel6_IRQHandler
                0x00000000900007ac                DMA1_Channel7_IRQHandler
                0x00000000900007b0                DMA1_Channel8_IRQHandler
                0x00000000900007b4                ADC1_2_IRQHandler
                0x00000000900007b8                DAC_IRQHandler
                0x00000000900007bc                FDCAN1_IT0_IRQHandler
                0x00000000900007c0                FDCAN1_IT1_IRQHandler
                0x00000000900007c4                TIM1_BRK_IRQHandler
                0x00000000900007c8                TIM1_UP_IRQHandler
                0x00000000900007cc                TIM1_TRG_COM_IRQHandler
                0x00000000900007d0                TIM1_CC_IRQHandler
                0x00000000900007d4                TIM2_IRQHandler
                0x00000000900007d8                TIM3_IRQHandler
                0x00000000900007dc                TIM4_IRQHandler
                0x00000000900007e0                TIM5_IRQHandler
                0x00000000900007e4                TIM6_IRQHandler
                0x00000000900007e8                TIM7_IRQHandler
                0x00000000900007ec                TIM8_BRK_IRQHandler
                0x00000000900007f0                TIM8_UP_IRQHandler
                0x00000000900007f4                TIM8_TRG_COM_IRQHandler
                0x00000000900007f8                TIM8_CC_IRQHandler
                0x00000000900007fc                I2C1_EV_IRQHandler
                0x0000000090000800                I2C1_ER_IRQHandler
                0x0000000090000804                I2C2_EV_IRQHandler
                0x0000000090000808                I2C2_ER_IRQHandler
                0x000000009000080c                SPI1_IRQHandler
                0x0000000090000810                SPI2_IRQHandler
                0x0000000090000814                USART1_IRQHandler
                0x0000000090000818                USART2_IRQHandler
                0x000000009000081c                USART3_IRQHandler
                0x0000000090000820                UART4_IRQHandler
                0x0000000090000824                UART5_IRQHandler
                0x0000000090000828                LPUART1_IRQHandler
                0x000000009000082c                LPTIM1_IRQHandler
                0x0000000090000830                LPTIM2_IRQHandler
                0x0000000090000834                TIM15_IRQHandler
                0x0000000090000838                TIM16_IRQHandler
                0x000000009000083c                TIM17_IRQHandler
                0x0000000090000840                COMP_IRQHandler
                0x0000000090000844                USB_FS_IRQHandler
                0x0000000090000848                CRS_IRQHandler
                0x000000009000084c                FMC_IRQHandler
                0x0000000090000850                OCTOSPI1_IRQHandler
                0x0000000090000854                SDMMC1_IRQHandler
                0x0000000090000858                DMA2_Channel1_IRQHandler
                0x000000009000085c                DMA2_Channel2_IRQHandler
                0x0000000090000860                DMA2_Channel3_IRQHandler
                0x0000000090000864                DMA2_Channel4_IRQHandler
                0x0000000090000868                DMA2_Channel5_IRQHandler
                0x000000009000086c                DMA2_Channel6_IRQHandler
                0x0000000090000870                DMA2_Channel7_IRQHandler
                0x0000000090000874                DMA2_Channel8_IRQHandler
                0x0000000090000878                I2C3_EV_IRQHandler
                0x000000009000087c                I2C3_ER_IRQHandler
                0x0000000090000880                SAI1_IRQHandler
                0x0000000090000884                SAI2_IRQHandler
                0x0000000090000888                TSC_IRQHandler
                0x000000009000088c                RNG_IRQHandler
                0x0000000090000890                FPU_IRQHandler
                0x0000000090000894                LPTIM3_IRQHandler
                0x0000000090000898                SPI3_IRQHandler
                0x000000009000089c                I2C4_ER_IRQHandler
                0x00000000900008a0                I2C4_EV_IRQHandler
                0x00000000900008a4                DFSDM1_FLT0_IRQHandler
                0x00000000900008a8                DFSDM1_FLT1_IRQHandler
                0x00000000900008ac                DFSDM1_FLT2_IRQHandler
                0x00000000900008b0                DFSDM1_FLT3_IRQHandler
                0x00000000900008b4                UCPD1_IRQHandler
                0x00000000900008b8                ICACHE_IRQHandler
                0x00000000900008bc                OTFDEC1_IRQHandler
 .text.COM_Init
                0x00000000900008c0       0x50 Application/User/com.o
                0x00000000900008c0                COM_Init
 .text.HAL_UART_MspInit
                0x0000000090000910       0x88 Application/User/com.o
                0x0000000090000910                HAL_UART_MspInit
 .text.COM_Transmit
                0x0000000090000998       0x10 Application/User/com.o
                0x0000000090000998                COM_Transmit
 .text.COM_Receive
                0x00000000900009a8       0x10 Application/User/com.o
                0x00000000900009a8                COM_Receive
 .text.COM_Flush
                0x00000000900009b8       0x1c Application/User/com.o
                0x00000000900009b8                COM_Flush
 .text._write   0x00000000900009d4       0x2c Application/User/main.o
                0x00000000900009d4                _write
 .text.FW_APP_PrintMainMenu
                0x0000000090000a00       0x30 Application/User/main.o
                0x0000000090000a00                FW_APP_PrintMainMenu
 .text.FW_APP_Run
                0x0000000090000a30       0x4c Application/User/main.o
                0x0000000090000a30                FW_APP_Run
 .text.startup.main
                0x0000000090000a7c       0x70 Application/User/main.o
                0x0000000090000a7c                main
 .text.mpu_armv8m_region_enable
                0x0000000090000aec       0x60 Application/User/mpu_armv8m_drv.o
                0x0000000090000aec                mpu_armv8m_region_enable
 .text.NMI_Handler
                0x0000000090000b4c        0x2 Application/User/stm32l5xx_it.o
                0x0000000090000b4c                NMI_Handler
 .text.HardFault_Handler
                0x0000000090000b4e        0x2 Application/User/stm32l5xx_it.o
                0x0000000090000b4e                HardFault_Handler
 .text.MemManage_Handler
                0x0000000090000b50        0x2 Application/User/stm32l5xx_it.o
                0x0000000090000b50                MemManage_Handler
 .text.BusFault_Handler
                0x0000000090000b52        0x2 Application/User/stm32l5xx_it.o
                0x0000000090000b52                BusFault_Handler
 .text.UsageFault_Handler
                0x0000000090000b54        0x2 Application/User/stm32l5xx_it.o
                0x0000000090000b54                UsageFault_Handler
 .text.DebugMon_Handler
                0x0000000090000b56        0x2 Application/User/stm32l5xx_it.o
                0x0000000090000b56                DebugMon_Handler
 .text.SysTick_Handler
                0x0000000090000b58        0x4 Application/User/stm32l5xx_it.o
                0x0000000090000b58                SysTick_Handler
 .text.FLASH_IRQHandler
                0x0000000090000b5c        0x4 Application/User/stm32l5xx_it.o
                0x0000000090000b5c                FLASH_IRQHandler
 .text.SystemInit
                0x0000000090000b60       0x1c Application/User/system_stm32l5xx.o
                0x0000000090000b60                SystemInit
 .text.SystemCoreClockUpdate
                0x0000000090000b7c       0x9c Application/User/system_stm32l5xx.o
                0x0000000090000b7c                SystemCoreClockUpdate
 .text.TEST_PROTECTIONS_PrintTestingMenu
                0x0000000090000c18       0x30 Application/User/test_protections.o
 .text.TEST_PROTECTIONS_Run_SecUserMem
                0x0000000090000c48      0x1bc Application/User/test_protections.o
                0x0000000090000c48                TEST_PROTECTIONS_Run_SecUserMem
 .text.TEST_PROTECTIONS_Run
                0x0000000090000e04       0xd0 Application/User/test_protections.o
                0x0000000090000e04                TEST_PROTECTIONS_Run
 .text.tfm_app_print_menu
                0x0000000090000ed4       0x9c Application/User/tfm_app.o
 .text.tfm_sst_set_uid.isra.0
                0x0000000090000f70       0x44 Application/User/tfm_app.o
 .text.tfm_sst_read_uid.isra.1
                0x0000000090000fb4       0x78 Application/User/tfm_app.o
 .text.tfm_its_set_uid.isra.3
                0x000000009000102c       0x44 Application/User/tfm_app.o
 .text.tfm_its_read_uid.isra.4
                0x0000000090001070       0x80 Application/User/tfm_app.o
 .text.dump_eat_token
                0x00000000900010f0       0x54 Application/User/tfm_app.o
                0x00000000900010f0                dump_eat_token
 .text.tfm_eat_test_circuit_sig.isra.6.constprop.7
                0x0000000090001144       0xb4 Application/User/tfm_app.o
 .text.tfm_app_menu
                0x00000000900011f8      0x458 Application/User/tfm_app.o
                0x00000000900011f8                tfm_app_menu
 .text.tfm_ns_interface_dispatch
                0x0000000090001650       0x30 Application/User/tfm_ns_lock.o
                0x0000000090001650                tfm_ns_interface_dispatch
 .text.HAL_MspInit
                0x0000000090001680        0x2 Drivers/STM32L5xx_HAL_Driver/stm32l5xx_hal.o
                0x0000000090001680                HAL_MspInit
 *fill*         0x0000000090001682        0x2 
 .text.HAL_InitTick
                0x0000000090001684       0x4c Drivers/STM32L5xx_HAL_Driver/stm32l5xx_hal.o
                0x0000000090001684                HAL_InitTick
 .text.HAL_Init
                0x00000000900016d0       0x22 Drivers/STM32L5xx_HAL_Driver/stm32l5xx_hal.o
                0x00000000900016d0                HAL_Init
 *fill*         0x00000000900016f2        0x2 
 .text.HAL_IncTick
                0x00000000900016f4       0x18 Drivers/STM32L5xx_HAL_Driver/stm32l5xx_hal.o
                0x00000000900016f4                HAL_IncTick
 .text.HAL_GetTick
                0x000000009000170c        0xc Drivers/STM32L5xx_HAL_Driver/stm32l5xx_hal.o
                0x000000009000170c                HAL_GetTick
 .text.HAL_Delay
                0x0000000090001718       0x24 Drivers/STM32L5xx_HAL_Driver/stm32l5xx_hal.o
                0x0000000090001718                HAL_Delay
 .text.HAL_NVIC_SetPriorityGrouping
                0x000000009000173c       0x24 Drivers/STM32L5xx_HAL_Driver/stm32l5xx_hal_cortex.o
                0x000000009000173c                HAL_NVIC_SetPriorityGrouping
 .text.HAL_NVIC_SetPriority
                0x0000000090001760       0x68 Drivers/STM32L5xx_HAL_Driver/stm32l5xx_hal_cortex.o
                0x0000000090001760                HAL_NVIC_SetPriority
 .text.HAL_SYSTICK_Config
                0x00000000900017c8       0x2c Drivers/STM32L5xx_HAL_Driver/stm32l5xx_hal_cortex.o
                0x00000000900017c8                HAL_SYSTICK_Config
 .text.HAL_FLASH_EndOfOperationCallback
                0x00000000900017f4        0x2 Drivers/STM32L5xx_HAL_Driver/stm32l5xx_hal_flash.o
                0x00000000900017f4                HAL_FLASH_EndOfOperationCallback
 .text.HAL_FLASH_OperationErrorCallback
                0x00000000900017f6        0x2 Drivers/STM32L5xx_HAL_Driver/stm32l5xx_hal_flash.o
                0x00000000900017f6                HAL_FLASH_OperationErrorCallback
 .text.HAL_FLASH_IRQHandler
                0x00000000900017f8       0xb4 Drivers/STM32L5xx_HAL_Driver/stm32l5xx_hal_flash.o
                0x00000000900017f8                HAL_FLASH_IRQHandler
 .text.HAL_FLASH_Unlock
                0x00000000900018ac       0x24 Drivers/STM32L5xx_HAL_Driver/stm32l5xx_hal_flash.o
                0x00000000900018ac                HAL_FLASH_Unlock
 .text.HAL_FLASH_Lock
                0x00000000900018d0       0x18 Drivers/STM32L5xx_HAL_Driver/stm32l5xx_hal_flash.o
                0x00000000900018d0                HAL_FLASH_Lock
 .text.HAL_FLASH_GetError
                0x00000000900018e8        0xc Drivers/STM32L5xx_HAL_Driver/stm32l5xx_hal_flash.o
                0x00000000900018e8                HAL_FLASH_GetError
 .text.FLASH_WaitForLastOperation
                0x00000000900018f4       0x58 Drivers/STM32L5xx_HAL_Driver/stm32l5xx_hal_flash.o
                0x00000000900018f4                FLASH_WaitForLastOperation
 .text.HAL_FLASH_Program
                0x000000009000194c       0x70 Drivers/STM32L5xx_HAL_Driver/stm32l5xx_hal_flash.o
                0x000000009000194c                HAL_FLASH_Program
 .text.FLASH_MassErase
                0x00000000900019bc       0x44 Drivers/STM32L5xx_HAL_Driver/stm32l5xx_hal_flash_ex.o
 .text.FLASH_PageErase
                0x0000000090001a00       0x48 Drivers/STM32L5xx_HAL_Driver/stm32l5xx_hal_flash_ex.o
                0x0000000090001a00                FLASH_PageErase
 .text.HAL_FLASHEx_Erase
                0x0000000090001a48       0x9c Drivers/STM32L5xx_HAL_Driver/stm32l5xx_hal_flash_ex.o
                0x0000000090001a48                HAL_FLASHEx_Erase
 .text.HAL_GPIO_Init
                0x0000000090001ae4      0x190 Drivers/STM32L5xx_HAL_Driver/stm32l5xx_hal_gpio.o
                0x0000000090001ae4                HAL_GPIO_Init
 .text.HAL_RCC_GetSysClockFreq
                0x0000000090001c74       0x9c Drivers/STM32L5xx_HAL_Driver/stm32l5xx_hal_rcc.o
                0x0000000090001c74                HAL_RCC_GetSysClockFreq
 .text.HAL_RCC_GetHCLKFreq
                0x0000000090001d10       0x20 Drivers/STM32L5xx_HAL_Driver/stm32l5xx_hal_rcc.o
                0x0000000090001d10                HAL_RCC_GetHCLKFreq
 .text.HAL_RCC_GetPCLK1Freq
                0x0000000090001d30       0x20 Drivers/STM32L5xx_HAL_Driver/stm32l5xx_hal_rcc.o
                0x0000000090001d30                HAL_RCC_GetPCLK1Freq
 .text.HAL_RCC_GetPCLK2Freq
                0x0000000090001d50       0x20 Drivers/STM32L5xx_HAL_Driver/stm32l5xx_hal_rcc.o
                0x0000000090001d50                HAL_RCC_GetPCLK2Freq
 .text.UART_SetConfig
                0x0000000090001d70      0x2e8 Drivers/STM32L5xx_HAL_Driver/stm32l5xx_hal_uart.o
                0x0000000090001d70                UART_SetConfig
 .text.UART_AdvFeatureConfig
                0x0000000090002058       0xaa Drivers/STM32L5xx_HAL_Driver/stm32l5xx_hal_uart.o
                0x0000000090002058                UART_AdvFeatureConfig
 .text.UART_WaitOnFlagUntilTimeout
                0x0000000090002102       0x8e Drivers/STM32L5xx_HAL_Driver/stm32l5xx_hal_uart.o
                0x0000000090002102                UART_WaitOnFlagUntilTimeout
 .text.HAL_UART_Transmit
                0x0000000090002190       0xb8 Drivers/STM32L5xx_HAL_Driver/stm32l5xx_hal_uart.o
                0x0000000090002190                HAL_UART_Transmit
 .text.HAL_UART_Receive
                0x0000000090002248       0xee Drivers/STM32L5xx_HAL_Driver/stm32l5xx_hal_uart.o
                0x0000000090002248                HAL_UART_Receive
 .text.UART_CheckIdleState
                0x0000000090002336       0x68 Drivers/STM32L5xx_HAL_Driver/stm32l5xx_hal_uart.o
                0x0000000090002336                UART_CheckIdleState
 .text.HAL_UART_Init
                0x000000009000239e       0x60 Drivers/STM32L5xx_HAL_Driver/stm32l5xx_hal_uart.o
                0x000000009000239e                HAL_UART_Init
 .text.UsefulBuf_CopyOffset
                0x00000000900023fe       0x3a Middlewares/trustedfirmware/core/UsefulBuf.o
                0x00000000900023fe                UsefulBuf_CopyOffset
 .text.UsefulBuf_IsValue
                0x0000000090002438       0x34 Middlewares/trustedfirmware/core/UsefulBuf.o
                0x0000000090002438                UsefulBuf_IsValue
 .text.psa_allocate_key
                0x000000009000246c       0x4e Middlewares/trustedfirmware/core/tfm_crypto_ipc_api.o
                0x000000009000246c                psa_allocate_key
 .text.psa_import_key
                0x00000000900024ba       0x5a Middlewares/trustedfirmware/core/tfm_crypto_ipc_api.o
                0x00000000900024ba                psa_import_key
 .text.psa_destroy_key
                0x0000000090002514       0x50 Middlewares/trustedfirmware/core/tfm_crypto_ipc_api.o
                0x0000000090002514                psa_destroy_key
 .text.psa_get_key_information
                0x0000000090002564       0x62 Middlewares/trustedfirmware/core/tfm_crypto_ipc_api.o
                0x0000000090002564                psa_get_key_information
 .text.psa_key_policy_set_usage
                0x00000000900025c6        0x6 Middlewares/trustedfirmware/core/tfm_crypto_ipc_api.o
                0x00000000900025c6                psa_key_policy_set_usage
 .text.psa_set_key_policy
                0x00000000900025cc       0x58 Middlewares/trustedfirmware/core/tfm_crypto_ipc_api.o
                0x00000000900025cc                psa_set_key_policy
 .text.psa_cipher_set_iv
                0x0000000090002624       0x60 Middlewares/trustedfirmware/core/tfm_crypto_ipc_api.o
                0x0000000090002624                psa_cipher_set_iv
 .text.psa_cipher_encrypt_setup
                0x0000000090002684       0x62 Middlewares/trustedfirmware/core/tfm_crypto_ipc_api.o
                0x0000000090002684                psa_cipher_encrypt_setup
 .text.psa_cipher_decrypt_setup
                0x00000000900026e6       0x62 Middlewares/trustedfirmware/core/tfm_crypto_ipc_api.o
                0x00000000900026e6                psa_cipher_decrypt_setup
 .text.psa_cipher_update
                0x0000000090002748       0x6e Middlewares/trustedfirmware/core/tfm_crypto_ipc_api.o
                0x0000000090002748                psa_cipher_update
 .text.psa_cipher_abort
                0x00000000900027b6       0x56 Middlewares/trustedfirmware/core/tfm_crypto_ipc_api.o
                0x00000000900027b6                psa_cipher_abort
 .text.psa_cipher_finish
                0x000000009000280c       0x66 Middlewares/trustedfirmware/core/tfm_crypto_ipc_api.o
                0x000000009000280c                psa_cipher_finish
 .text.psa_hash_setup
                0x0000000090002872       0x5a Middlewares/trustedfirmware/core/tfm_crypto_ipc_api.o
                0x0000000090002872                psa_hash_setup
 .text.psa_hash_update
                0x00000000900028cc       0x60 Middlewares/trustedfirmware/core/tfm_crypto_ipc_api.o
                0x00000000900028cc                psa_hash_update
 .text.psa_hash_verify
                0x000000009000292c       0x60 Middlewares/trustedfirmware/core/tfm_crypto_ipc_api.o
                0x000000009000292c                psa_hash_verify
 .text.psa_aead_encrypt
                0x000000009000298c       0xac Middlewares/trustedfirmware/core/tfm_crypto_ipc_api.o
                0x000000009000298c                psa_aead_encrypt
 .text.psa_aead_decrypt
                0x0000000090002a38       0xac Middlewares/trustedfirmware/core/tfm_crypto_ipc_api.o
                0x0000000090002a38                psa_aead_decrypt
 .text.psa_initial_attest_get_token
                0x0000000090002ae4       0x4a Middlewares/trustedfirmware/core/tfm_initial_attestation_ipc_api.o
                0x0000000090002ae4                psa_initial_attest_get_token
 .text.psa_its_set
                0x0000000090002b2e       0x52 Middlewares/trustedfirmware/core/tfm_its_ipc_api.o
                0x0000000090002b2e                psa_its_set
 .text.psa_its_get
                0x0000000090002b80       0x64 Middlewares/trustedfirmware/core/tfm_its_ipc_api.o
                0x0000000090002b80                psa_its_get
 .text.psa_its_remove
                0x0000000090002be4       0x3e Middlewares/trustedfirmware/core/tfm_its_ipc_api.o
                0x0000000090002be4                psa_its_remove
 *fill*         0x0000000090002c22        0x2 
 .text.psa_connect
                0x0000000090002c24       0x1c Middlewares/trustedfirmware/core/tfm_psa_ns_api.o
                0x0000000090002c24                psa_connect
 .text.psa_call
                0x0000000090002c40       0x28 Middlewares/trustedfirmware/core/tfm_psa_ns_api.o
                0x0000000090002c40                psa_call
 .text.psa_close
                0x0000000090002c68       0x1c Middlewares/trustedfirmware/core/tfm_psa_ns_api.o
                0x0000000090002c68                psa_close
 .text.psa_ps_set
                0x0000000090002c84       0x56 Middlewares/trustedfirmware/core/tfm_sst_ipc_api.o
                0x0000000090002c84                psa_ps_set
 .text.psa_ps_get
                0x0000000090002cda       0x58 Middlewares/trustedfirmware/core/tfm_sst_ipc_api.o
                0x0000000090002cda                psa_ps_get
 .text.psa_ps_remove
                0x0000000090002d32       0x4a Middlewares/trustedfirmware/core/tfm_sst_ipc_api.o
                0x0000000090002d32                psa_ps_remove
 .text.psa_cipher_test
                0x0000000090002d7c      0x3c8 Middlewares/trustedfirmware/test/crypto_tests_common.o
                0x0000000090002d7c                psa_cipher_test
 .text.psa_hash_test
                0x0000000090003144      0x148 Middlewares/trustedfirmware/test/crypto_tests_common.o
                0x0000000090003144                psa_hash_test
 .text.psa_aead_test
                0x000000009000328c      0x260 Middlewares/trustedfirmware/test/crypto_tests_common.o
                0x000000009000328c                psa_aead_test
 .text.print_error
                0x00000000900034ec       0x1c Middlewares/trustedfirmware/test/test_framework.o
 .text.set_test_failed
                0x0000000090003508       0x24 Middlewares/trustedfirmware/test/test_framework.o
                0x0000000090003508                set_test_failed
 .text.printf_set_color
                0x000000009000352c        0xc Middlewares/trustedfirmware/test/test_framework_helpers.o
                0x000000009000352c                printf_set_color
 .text.exit     0x0000000090003538       0x28 c:/st/stm32cubeide_1.5.0/stm32cubeide/plugins/com.st.stm32cube.ide.mcu.externaltools.gnu-tools-for-stm32.7-2018-q2-update.win32_1.5.0.202011040924/tools/bin/../lib/gcc/arm-none-eabi/7.3.1/../../../../arm-none-eabi/lib/thumb/v8-m.main/fpv5-sp/softfp\libc_nano.a(lib_a-exit.o)
                0x0000000090003538                exit
 .text.__libc_init_array
                0x0000000090003560       0x48 c:/st/stm32cubeide_1.5.0/stm32cubeide/plugins/com.st.stm32cube.ide.mcu.externaltools.gnu-tools-for-stm32.7-2018-q2-update.win32_1.5.0.202011040924/tools/bin/../lib/gcc/arm-none-eabi/7.3.1/../../../../arm-none-eabi/lib/thumb/v8-m.main/fpv5-sp/softfp\libc_nano.a(lib_a-init.o)
                0x0000000090003560                __libc_init_array
 .text.memcmp   0x00000000900035a8       0x1e c:/st/stm32cubeide_1.5.0/stm32cubeide/plugins/com.st.stm32cube.ide.mcu.externaltools.gnu-tools-for-stm32.7-2018-q2-update.win32_1.5.0.202011040924/tools/bin/../lib/gcc/arm-none-eabi/7.3.1/../../../../arm-none-eabi/lib/thumb/v8-m.main/fpv5-sp/softfp\libc_nano.a(lib_a-memcmp.o)
                0x00000000900035a8                memcmp
 .text.memcpy   0x00000000900035c6       0x16 c:/st/stm32cubeide_1.5.0/stm32cubeide/plugins/com.st.stm32cube.ide.mcu.externaltools.gnu-tools-for-stm32.7-2018-q2-update.win32_1.5.0.202011040924/tools/bin/../lib/gcc/arm-none-eabi/7.3.1/../../../../arm-none-eabi/lib/thumb/v8-m.main/fpv5-sp/softfp\libc_nano.a(lib_a-memcpy-stub.o)
                0x00000000900035c6                memcpy
 .text.memset   0x00000000900035dc       0x10 c:/st/stm32cubeide_1.5.0/stm32cubeide/plugins/com.st.stm32cube.ide.mcu.externaltools.gnu-tools-for-stm32.7-2018-q2-update.win32_1.5.0.202011040924/tools/bin/../lib/gcc/arm-none-eabi/7.3.1/../../../../arm-none-eabi/lib/thumb/v8-m.main/fpv5-sp/softfp\libc_nano.a(lib_a-memset.o)
                0x00000000900035dc                memset
 .text.printf   0x00000000900035ec       0x30 c:/st/stm32cubeide_1.5.0/stm32cubeide/plugins/com.st.stm32cube.ide.mcu.externaltools.gnu-tools-for-stm32.7-2018-q2-update.win32_1.5.0.202011040924/tools/bin/../lib/gcc/arm-none-eabi/7.3.1/../../../../arm-none-eabi/lib/thumb/v8-m.main/fpv5-sp/softfp\libc_nano.a(lib_a-printf.o)
                0x00000000900035ec                iprintf
                0x00000000900035ec                printf
 .text._puts_r  0x000000009000361c       0xb8 c:/st/stm32cubeide_1.5.0/stm32cubeide/plugins/com.st.stm32cube.ide.mcu.externaltools.gnu-tools-for-stm32.7-2018-q2-update.win32_1.5.0.202011040924/tools/bin/../lib/gcc/arm-none-eabi/7.3.1/../../../../arm-none-eabi/lib/thumb/v8-m.main/fpv5-sp/softfp\libc_nano.a(lib_a-puts.o)
                0x000000009000361c                _puts_r
 .text.puts     0x00000000900036d4       0x10 c:/st/stm32cubeide_1.5.0/stm32cubeide/plugins/com.st.stm32cube.ide.mcu.externaltools.gnu-tools-for-stm32.7-2018-q2-update.win32_1.5.0.202011040924/tools/bin/../lib/gcc/arm-none-eabi/7.3.1/../../../../arm-none-eabi/lib/thumb/v8-m.main/fpv5-sp/softfp\libc_nano.a(lib_a-puts.o)
                0x00000000900036d4                puts
 .text.setvbuf  0x00000000900036e4      0x158 c:/st/stm32cubeide_1.5.0/stm32cubeide/plugins/com.st.stm32cube.ide.mcu.externaltools.gnu-tools-for-stm32.7-2018-q2-update.win32_1.5.0.202011040924/tools/bin/../lib/gcc/arm-none-eabi/7.3.1/../../../../arm-none-eabi/lib/thumb/v8-m.main/fpv5-sp/softfp\libc_nano.a(lib_a-setvbuf.o)
                0x00000000900036e4                setvbuf
 .text.strncmp  0x000000009000383c       0x24 c:/st/stm32cubeide_1.5.0/stm32cubeide/plugins/com.st.stm32cube.ide.mcu.externaltools.gnu-tools-for-stm32.7-2018-q2-update.win32_1.5.0.202011040924/tools/bin/../lib/gcc/arm-none-eabi/7.3.1/../../../../arm-none-eabi/lib/thumb/v8-m.main/fpv5-sp/softfp\libc_nano.a(lib_a-strncmp.o)
                0x000000009000383c                strncmp
 .text.__swbuf_r
                0x0000000090003860       0xa4 c:/st/stm32cubeide_1.5.0/stm32cubeide/plugins/com.st.stm32cube.ide.mcu.externaltools.gnu-tools-for-stm32.7-2018-q2-update.win32_1.5.0.202011040924/tools/bin/../lib/gcc/arm-none-eabi/7.3.1/../../../../arm-none-eabi/lib/thumb/v8-m.main/fpv5-sp/softfp\libc_nano.a(lib_a-wbuf.o)
                0x0000000090003860                __swbuf_r
 .text.__swsetup_r
                0x0000000090003904       0xdc c:/st/stm32cubeide_1.5.0/stm32cubeide/plugins/com.st.stm32cube.ide.mcu.externaltools.gnu-tools-for-stm32.7-2018-q2-update.win32_1.5.0.202011040924/tools/bin/../lib/gcc/arm-none-eabi/7.3.1/../../../../arm-none-eabi/lib/thumb/v8-m.main/fpv5-sp/softfp\libc_nano.a(lib_a-wsetup.o)
                0x0000000090003904                __swsetup_r
 .text.__sflush_r
                0x00000000900039e0      0x108 c:/st/stm32cubeide_1.5.0/stm32cubeide/plugins/com.st.stm32cube.ide.mcu.externaltools.gnu-tools-for-stm32.7-2018-q2-update.win32_1.5.0.202011040924/tools/bin/../lib/gcc/arm-none-eabi/7.3.1/../../../../arm-none-eabi/lib/thumb/v8-m.main/fpv5-sp/softfp\libc_nano.a(lib_a-fflush.o)
                0x00000000900039e0                __sflush_r
 .text._fflush_r
                0x0000000090003ae8       0x54 c:/st/stm32cubeide_1.5.0/stm32cubeide/plugins/com.st.stm32cube.ide.mcu.externaltools.gnu-tools-for-stm32.7-2018-q2-update.win32_1.5.0.202011040924/tools/bin/../lib/gcc/arm-none-eabi/7.3.1/../../../../arm-none-eabi/lib/thumb/v8-m.main/fpv5-sp/softfp\libc_nano.a(lib_a-fflush.o)
                0x0000000090003ae8                _fflush_r
 .text.std      0x0000000090003b3c       0x48 c:/st/stm32cubeide_1.5.0/stm32cubeide/plugins/com.st.stm32cube.ide.mcu.externaltools.gnu-tools-for-stm32.7-2018-q2-update.win32_1.5.0.202011040924/tools/bin/../lib/gcc/arm-none-eabi/7.3.1/../../../../arm-none-eabi/lib/thumb/v8-m.main/fpv5-sp/softfp\libc_nano.a(lib_a-findfp.o)
 .text._cleanup_r
                0x0000000090003b84        0xc c:/st/stm32cubeide_1.5.0/stm32cubeide/plugins/com.st.stm32cube.ide.mcu.externaltools.gnu-tools-for-stm32.7-2018-q2-update.win32_1.5.0.202011040924/tools/bin/../lib/gcc/arm-none-eabi/7.3.1/../../../../arm-none-eabi/lib/thumb/v8-m.main/fpv5-sp/softfp\libc_nano.a(lib_a-findfp.o)
                0x0000000090003b84                _cleanup_r
 .text.__sfmoreglue
                0x0000000090003b90       0x2c c:/st/stm32cubeide_1.5.0/stm32cubeide/plugins/com.st.stm32cube.ide.mcu.externaltools.gnu-tools-for-stm32.7-2018-q2-update.win32_1.5.0.202011040924/tools/bin/../lib/gcc/arm-none-eabi/7.3.1/../../../../arm-none-eabi/lib/thumb/v8-m.main/fpv5-sp/softfp\libc_nano.a(lib_a-findfp.o)
                0x0000000090003b90                __sfmoreglue
 .text.__sinit  0x0000000090003bbc       0x60 c:/st/stm32cubeide_1.5.0/stm32cubeide/plugins/com.st.stm32cube.ide.mcu.externaltools.gnu-tools-for-stm32.7-2018-q2-update.win32_1.5.0.202011040924/tools/bin/../lib/gcc/arm-none-eabi/7.3.1/../../../../arm-none-eabi/lib/thumb/v8-m.main/fpv5-sp/softfp\libc_nano.a(lib_a-findfp.o)
                0x0000000090003bbc                __sinit
 .text.__sfp    0x0000000090003c1c       0x78 c:/st/stm32cubeide_1.5.0/stm32cubeide/plugins/com.st.stm32cube.ide.mcu.externaltools.gnu-tools-for-stm32.7-2018-q2-update.win32_1.5.0.202011040924/tools/bin/../lib/gcc/arm-none-eabi/7.3.1/../../../../arm-none-eabi/lib/thumb/v8-m.main/fpv5-sp/softfp\libc_nano.a(lib_a-findfp.o)
                0x0000000090003c1c                __sfp
 .text._fwalk_reent
                0x0000000090003c94       0x3c c:/st/stm32cubeide_1.5.0/stm32cubeide/plugins/com.st.stm32cube.ide.mcu.externaltools.gnu-tools-for-stm32.7-2018-q2-update.win32_1.5.0.202011040924/tools/bin/../lib/gcc/arm-none-eabi/7.3.1/../../../../arm-none-eabi/lib/thumb/v8-m.main/fpv5-sp/softfp\libc_nano.a(lib_a-fwalk.o)
                0x0000000090003c94                _fwalk_reent
 .text.__swhatbuf_r
                0x0000000090003cd0       0x48 c:/st/stm32cubeide_1.5.0/stm32cubeide/plugins/com.st.stm32cube.ide.mcu.externaltools.gnu-tools-for-stm32.7-2018-q2-update.win32_1.5.0.202011040924/tools/bin/../lib/gcc/arm-none-eabi/7.3.1/../../../../arm-none-eabi/lib/thumb/v8-m.main/fpv5-sp/softfp\libc_nano.a(lib_a-makebuf.o)
                0x0000000090003cd0                __swhatbuf_r
 .text.__smakebuf_r
                0x0000000090003d18       0x80 c:/st/stm32cubeide_1.5.0/stm32cubeide/plugins/com.st.stm32cube.ide.mcu.externaltools.gnu-tools-for-stm32.7-2018-q2-update.win32_1.5.0.202011040924/tools/bin/../lib/gcc/arm-none-eabi/7.3.1/../../../../arm-none-eabi/lib/thumb/v8-m.main/fpv5-sp/softfp\libc_nano.a(lib_a-makebuf.o)
                0x0000000090003d18                __smakebuf_r
 .text.malloc   0x0000000090003d98       0x10 c:/st/stm32cubeide_1.5.0/stm32cubeide/plugins/com.st.stm32cube.ide.mcu.externaltools.gnu-tools-for-stm32.7-2018-q2-update.win32_1.5.0.202011040924/tools/bin/../lib/gcc/arm-none-eabi/7.3.1/../../../../arm-none-eabi/lib/thumb/v8-m.main/fpv5-sp/softfp\libc_nano.a(lib_a-malloc.o)
                0x0000000090003d98                malloc
 .text._free_r  0x0000000090003da8       0x9c c:/st/stm32cubeide_1.5.0/stm32cubeide/plugins/com.st.stm32cube.ide.mcu.externaltools.gnu-tools-for-stm32.7-2018-q2-update.win32_1.5.0.202011040924/tools/bin/../lib/gcc/arm-none-eabi/7.3.1/../../../../arm-none-eabi/lib/thumb/v8-m.main/fpv5-sp/softfp\libc_nano.a(lib_a-nano-freer.o)
                0x0000000090003da8                _free_r
 .text._malloc_r
                0x0000000090003e44       0xb4 c:/st/stm32cubeide_1.5.0/stm32cubeide/plugins/com.st.stm32cube.ide.mcu.externaltools.gnu-tools-for-stm32.7-2018-q2-update.win32_1.5.0.202011040924/tools/bin/../lib/gcc/arm-none-eabi/7.3.1/../../../../arm-none-eabi/lib/thumb/v8-m.main/fpv5-sp/softfp\libc_nano.a(lib_a-nano-mallocr.o)
                0x0000000090003e44                _malloc_r
 .text.__sfputc_r
                0x0000000090003ef8       0x2e c:/st/stm32cubeide_1.5.0/stm32cubeide/plugins/com.st.stm32cube.ide.mcu.externaltools.gnu-tools-for-stm32.7-2018-q2-update.win32_1.5.0.202011040924/tools/bin/../lib/gcc/arm-none-eabi/7.3.1/../../../../arm-none-eabi/lib/thumb/v8-m.main/fpv5-sp/softfp\libc_nano.a(lib_a-nano-vfprintf.o)
 .text.__sfputs_r
                0x0000000090003f26       0x24 c:/st/stm32cubeide_1.5.0/stm32cubeide/plugins/com.st.stm32cube.ide.mcu.externaltools.gnu-tools-for-stm32.7-2018-q2-update.win32_1.5.0.202011040924/tools/bin/../lib/gcc/arm-none-eabi/7.3.1/../../../../arm-none-eabi/lib/thumb/v8-m.main/fpv5-sp/softfp\libc_nano.a(lib_a-nano-vfprintf.o)
                0x0000000090003f26                __sfputs_r
 *fill*         0x0000000090003f4a        0x2 
 .text._vfprintf_r
                0x0000000090003f4c      0x22c c:/st/stm32cubeide_1.5.0/stm32cubeide/plugins/com.st.stm32cube.ide.mcu.externaltools.gnu-tools-for-stm32.7-2018-q2-update.win32_1.5.0.202011040924/tools/bin/../lib/gcc/arm-none-eabi/7.3.1/../../../../arm-none-eabi/lib/thumb/v8-m.main/fpv5-sp/softfp\libc_nano.a(lib_a-nano-vfprintf.o)
                0x0000000090003f4c                _vfprintf_r
                0x0000000090003f4c                _vfiprintf_r
 .text._printf_common
                0x0000000090004178       0xf0 c:/st/stm32cubeide_1.5.0/stm32cubeide/plugins/com.st.stm32cube.ide.mcu.externaltools.gnu-tools-for-stm32.7-2018-q2-update.win32_1.5.0.202011040924/tools/bin/../lib/gcc/arm-none-eabi/7.3.1/../../../../arm-none-eabi/lib/thumb/v8-m.main/fpv5-sp/softfp\libc_nano.a(lib_a-nano-vfprintf_i.o)
                0x0000000090004178                _printf_common
 .text._printf_i
                0x0000000090004268      0x224 c:/st/stm32cubeide_1.5.0/stm32cubeide/plugins/com.st.stm32cube.ide.mcu.externaltools.gnu-tools-for-stm32.7-2018-q2-update.win32_1.5.0.202011040924/tools/bin/../lib/gcc/arm-none-eabi/7.3.1/../../../../arm-none-eabi/lib/thumb/v8-m.main/fpv5-sp/softfp\libc_nano.a(lib_a-nano-vfprintf_i.o)
                0x0000000090004268                _printf_i
 .text._sbrk_r  0x000000009000448c       0x20 c:/st/stm32cubeide_1.5.0/stm32cubeide/plugins/com.st.stm32cube.ide.mcu.externaltools.gnu-tools-for-stm32.7-2018-q2-update.win32_1.5.0.202011040924/tools/bin/../lib/gcc/arm-none-eabi/7.3.1/../../../../arm-none-eabi/lib/thumb/v8-m.main/fpv5-sp/softfp\libc_nano.a(lib_a-sbrkr.o)
                0x000000009000448c                _sbrk_r
 .text.__sread  0x00000000900044ac       0x22 c:/st/stm32cubeide_1.5.0/stm32cubeide/plugins/com.st.stm32cube.ide.mcu.externaltools.gnu-tools-for-stm32.7-2018-q2-update.win32_1.5.0.202011040924/tools/bin/../lib/gcc/arm-none-eabi/7.3.1/../../../../arm-none-eabi/lib/thumb/v8-m.main/fpv5-sp/softfp\libc_nano.a(lib_a-stdio.o)
                0x00000000900044ac                __sread
 .text.__swrite
                0x00000000900044ce       0x38 c:/st/stm32cubeide_1.5.0/stm32cubeide/plugins/com.st.stm32cube.ide.mcu.externaltools.gnu-tools-for-stm32.7-2018-q2-update.win32_1.5.0.202011040924/tools/bin/../lib/gcc/arm-none-eabi/7.3.1/../../../../arm-none-eabi/lib/thumb/v8-m.main/fpv5-sp/softfp\libc_nano.a(lib_a-stdio.o)
                0x00000000900044ce                __swrite
 .text.__sseek  0x0000000090004506       0x24 c:/st/stm32cubeide_1.5.0/stm32cubeide/plugins/com.st.stm32cube.ide.mcu.externaltools.gnu-tools-for-stm32.7-2018-q2-update.win32_1.5.0.202011040924/tools/bin/../lib/gcc/arm-none-eabi/7.3.1/../../../../arm-none-eabi/lib/thumb/v8-m.main/fpv5-sp/softfp\libc_nano.a(lib_a-stdio.o)
                0x0000000090004506                __sseek
 .text.__sclose
                0x000000009000452a        0x8 c:/st/stm32cubeide_1.5.0/stm32cubeide/plugins/com.st.stm32cube.ide.mcu.externaltools.gnu-tools-for-stm32.7-2018-q2-update.win32_1.5.0.202011040924/tools/bin/../lib/gcc/arm-none-eabi/7.3.1/../../../../arm-none-eabi/lib/thumb/v8-m.main/fpv5-sp/softfp\libc_nano.a(lib_a-stdio.o)
                0x000000009000452a                __sclose
 *fill*         0x0000000090004532        0x2 
 .text._write_r
                0x0000000090004534       0x24 c:/st/stm32cubeide_1.5.0/stm32cubeide/plugins/com.st.stm32cube.ide.mcu.externaltools.gnu-tools-for-stm32.7-2018-q2-update.win32_1.5.0.202011040924/tools/bin/../lib/gcc/arm-none-eabi/7.3.1/../../../../arm-none-eabi/lib/thumb/v8-m.main/fpv5-sp/softfp\libc_nano.a(lib_a-writer.o)
                0x0000000090004534                _write_r
 .text._close_r
                0x0000000090004558       0x20 c:/st/stm32cubeide_1.5.0/stm32cubeide/plugins/com.st.stm32cube.ide.mcu.externaltools.gnu-tools-for-stm32.7-2018-q2-update.win32_1.5.0.202011040924/tools/bin/../lib/gcc/arm-none-eabi/7.3.1/../../../../arm-none-eabi/lib/thumb/v8-m.main/fpv5-sp/softfp\libc_nano.a(lib_a-closer.o)
                0x0000000090004558                _close_r
 .text._fstat_r
                0x0000000090004578       0x24 c:/st/stm32cubeide_1.5.0/stm32cubeide/plugins/com.st.stm32cube.ide.mcu.externaltools.gnu-tools-for-stm32.7-2018-q2-update.win32_1.5.0.202011040924/tools/bin/../lib/gcc/arm-none-eabi/7.3.1/../../../../arm-none-eabi/lib/thumb/v8-m.main/fpv5-sp/softfp\libc_nano.a(lib_a-fstatr.o)
                0x0000000090004578                _fstat_r
 .text._isatty_r
                0x000000009000459c       0x20 c:/st/stm32cubeide_1.5.0/stm32cubeide/plugins/com.st.stm32cube.ide.mcu.externaltools.gnu-tools-for-stm32.7-2018-q2-update.win32_1.5.0.202011040924/tools/bin/../lib/gcc/arm-none-eabi/7.3.1/../../../../arm-none-eabi/lib/thumb/v8-m.main/fpv5-sp/softfp\libc_nano.a(lib_a-isattyr.o)
                0x000000009000459c                _isatty_r
 .text._lseek_r
                0x00000000900045bc       0x24 c:/st/stm32cubeide_1.5.0/stm32cubeide/plugins/com.st.stm32cube.ide.mcu.externaltools.gnu-tools-for-stm32.7-2018-q2-update.win32_1.5.0.202011040924/tools/bin/../lib/gcc/arm-none-eabi/7.3.1/../../../../arm-none-eabi/lib/thumb/v8-m.main/fpv5-sp/softfp\libc_nano.a(lib_a-lseekr.o)
                0x00000000900045bc                _lseek_r
 .text.memchr   0x00000000900045e0       0x1c c:/st/stm32cubeide_1.5.0/stm32cubeide/plugins/com.st.stm32cube.ide.mcu.externaltools.gnu-tools-for-stm32.7-2018-q2-update.win32_1.5.0.202011040924/tools/bin/../lib/gcc/arm-none-eabi/7.3.1/../../../../arm-none-eabi/lib/thumb/v8-m.main/fpv5-sp/softfp\libc_nano.a(lib_a-memchr-stub.o)
                0x00000000900045e0                memchr
 .text.__malloc_lock
                0x00000000900045fc        0x2 c:/st/stm32cubeide_1.5.0/stm32cubeide/plugins/com.st.stm32cube.ide.mcu.externaltools.gnu-tools-for-stm32.7-2018-q2-update.win32_1.5.0.202011040924/tools/bin/../lib/gcc/arm-none-eabi/7.3.1/../../../../arm-none-eabi/lib/thumb/v8-m.main/fpv5-sp/softfp\libc_nano.a(lib_a-mlock.o)
                0x00000000900045fc                __malloc_lock
 .text.__malloc_unlock
                0x00000000900045fe        0x2 c:/st/stm32cubeide_1.5.0/stm32cubeide/plugins/com.st.stm32cube.ide.mcu.externaltools.gnu-tools-for-stm32.7-2018-q2-update.win32_1.5.0.202011040924/tools/bin/../lib/gcc/arm-none-eabi/7.3.1/../../../../arm-none-eabi/lib/thumb/v8-m.main/fpv5-sp/softfp\libc_nano.a(lib_a-mlock.o)
                0x00000000900045fe                __malloc_unlock
 .text._read_r  0x0000000090004600       0x24 c:/st/stm32cubeide_1.5.0/stm32cubeide/plugins/com.st.stm32cube.ide.mcu.externaltools.gnu-tools-for-stm32.7-2018-q2-update.win32_1.5.0.202011040924/tools/bin/../lib/gcc/arm-none-eabi/7.3.1/../../../../arm-none-eabi/lib/thumb/v8-m.main/fpv5-sp/softfp\libc_nano.a(lib_a-readr.o)
                0x0000000090004600                _read_r
 .text          0x0000000090004624       0x30 c:/st/stm32cubeide_1.5.0/stm32cubeide/plugins/com.st.stm32cube.ide.mcu.externaltools.gnu-tools-for-stm32.7-2018-q2-update.win32_1.5.0.202011040924/tools/bin/../lib/gcc/arm-none-eabi/7.3.1/thumb/v8-m.main/fpv5-sp/softfp\libgcc.a(_aeabi_uldivmod.o)
                0x0000000090004624                __aeabi_uldivmod
 .text          0x0000000090004654      0x2e0 c:/st/stm32cubeide_1.5.0/stm32cubeide/plugins/com.st.stm32cube.ide.mcu.externaltools.gnu-tools-for-stm32.7-2018-q2-update.win32_1.5.0.202011040924/tools/bin/../lib/gcc/arm-none-eabi/7.3.1/thumb/v8-m.main/fpv5-sp/softfp\libgcc.a(_udivmoddi4.o)
                0x0000000090004654                __udivmoddi4
 .text          0x0000000090004934        0x4 c:/st/stm32cubeide_1.5.0/stm32cubeide/plugins/com.st.stm32cube.ide.mcu.externaltools.gnu-tools-for-stm32.7-2018-q2-update.win32_1.5.0.202011040924/tools/bin/../lib/gcc/arm-none-eabi/7.3.1/thumb/v8-m.main/fpv5-sp/softfp\libgcc.a(_dvmd_tls.o)
                0x0000000090004934                __aeabi_idiv0
                0x0000000090004934                __aeabi_ldiv0
 .text._close   0x0000000090004938       0x10 c:/st/stm32cubeide_1.5.0/stm32cubeide/plugins/com.st.stm32cube.ide.mcu.externaltools.gnu-tools-for-stm32.7-2018-q2-update.win32_1.5.0.202011040924/tools/bin/../lib/gcc/arm-none-eabi/7.3.1/../../../../arm-none-eabi/lib/thumb/v8-m.main/fpv5-sp/softfp\libnosys.a(close.o)
                0x0000000090004938                _close
 .text._fstat   0x0000000090004948       0x10 c:/st/stm32cubeide_1.5.0/stm32cubeide/plugins/com.st.stm32cube.ide.mcu.externaltools.gnu-tools-for-stm32.7-2018-q2-update.win32_1.5.0.202011040924/tools/bin/../lib/gcc/arm-none-eabi/7.3.1/../../../../arm-none-eabi/lib/thumb/v8-m.main/fpv5-sp/softfp\libnosys.a(fstat.o)
                0x0000000090004948                _fstat
 .text._isatty  0x0000000090004958       0x10 c:/st/stm32cubeide_1.5.0/stm32cubeide/plugins/com.st.stm32cube.ide.mcu.externaltools.gnu-tools-for-stm32.7-2018-q2-update.win32_1.5.0.202011040924/tools/bin/../lib/gcc/arm-none-eabi/7.3.1/../../../../arm-none-eabi/lib/thumb/v8-m.main/fpv5-sp/softfp\libnosys.a(isatty.o)
                0x0000000090004958                _isatty
 .text._lseek   0x0000000090004968       0x10 c:/st/stm32cubeide_1.5.0/stm32cubeide/plugins/com.st.stm32cube.ide.mcu.externaltools.gnu-tools-for-stm32.7-2018-q2-update.win32_1.5.0.202011040924/tools/bin/../lib/gcc/arm-none-eabi/7.3.1/../../../../arm-none-eabi/lib/thumb/v8-m.main/fpv5-sp/softfp\libnosys.a(lseek.o)
                0x0000000090004968                _lseek
 .text._read    0x0000000090004978       0x10 c:/st/stm32cubeide_1.5.0/stm32cubeide/plugins/com.st.stm32cube.ide.mcu.externaltools.gnu-tools-for-stm32.7-2018-q2-update.win32_1.5.0.202011040924/tools/bin/../lib/gcc/arm-none-eabi/7.3.1/../../../../arm-none-eabi/lib/thumb/v8-m.main/fpv5-sp/softfp\libnosys.a(read.o)
                0x0000000090004978                _read
 .text._sbrk    0x0000000090004988       0x1c c:/st/stm32cubeide_1.5.0/stm32cubeide/plugins/com.st.stm32cube.ide.mcu.externaltools.gnu-tools-for-stm32.7-2018-q2-update.win32_1.5.0.202011040924/tools/bin/../lib/gcc/arm-none-eabi/7.3.1/../../../../arm-none-eabi/lib/thumb/v8-m.main/fpv5-sp/softfp\libnosys.a(sbrk.o)
                0x0000000090004988                _sbrk
 .text._exit    0x00000000900049a4        0x2 c:/st/stm32cubeide_1.5.0/stm32cubeide/plugins/com.st.stm32cube.ide.mcu.externaltools.gnu-tools-for-stm32.7-2018-q2-update.win32_1.5.0.202011040924/tools/bin/../lib/gcc/arm-none-eabi/7.3.1/../../../../arm-none-eabi/lib/thumb/v8-m.main/fpv5-sp/softfp\libnosys.a(_exit.o)
                0x00000000900049a4                _exit
 *(.init)
 *fill*         0x00000000900049a6        0x2 
 .init          0x00000000900049a8        0x4 c:/st/stm32cubeide_1.5.0/stm32cubeide/plugins/com.st.stm32cube.ide.mcu.externaltools.gnu-tools-for-stm32.7-2018-q2-update.win32_1.5.0.202011040924/tools/bin/../lib/gcc/arm-none-eabi/7.3.1/thumb/v8-m.main/fpv5-sp/softfp/crti.o
                0x00000000900049a8                _init
 .init          0x00000000900049ac        0x8 c:/st/stm32cubeide_1.5.0/stm32cubeide/plugins/com.st.stm32cube.ide.mcu.externaltools.gnu-tools-for-stm32.7-2018-q2-update.win32_1.5.0.202011040924/tools/bin/../lib/gcc/arm-none-eabi/7.3.1/thumb/v8-m.main/fpv5-sp/softfp/crtn.o
 *(.fini)
 .fini          0x00000000900049b4        0x4 c:/st/stm32cubeide_1.5.0/stm32cubeide/plugins/com.st.stm32cube.ide.mcu.externaltools.gnu-tools-for-stm32.7-2018-q2-update.win32_1.5.0.202011040924/tools/bin/../lib/gcc/arm-none-eabi/7.3.1/thumb/v8-m.main/fpv5-sp/softfp/crti.o
                0x00000000900049b4                _fini
 .fini          0x00000000900049b8        0x8 c:/st/stm32cubeide_1.5.0/stm32cubeide/plugins/com.st.stm32cube.ide.mcu.externaltools.gnu-tools-for-stm32.7-2018-q2-update.win32_1.5.0.202011040924/tools/bin/../lib/gcc/arm-none-eabi/7.3.1/thumb/v8-m.main/fpv5-sp/softfp/crtn.o
 *crtbegin.o(.ctors)
 *crtbegin?.o(.ctors)
 *(EXCLUDE_FILE(*crtend.o *crtend?.o) .ctors)
 *(SORT_BY_NAME(.ctors.*))
 *(.ctors)
 *crtbegin.o(.dtors)
 *crtbegin?.o(.dtors)
 *(EXCLUDE_FILE(*crtend.o *crtend?.o) .dtors)
 *(SORT_BY_NAME(.dtors.*))
 *(.dtors)
 *(.rodata*)
 .rodata.FW_APP_PrintMainMenu.str1.1
                0x00000000900049c0       0xcb Application/User/main.o
 .rodata.FW_APP_Run.str1.1
                0x0000000090004a8b       0x12 Application/User/main.o
 .rodata.UserAppId
                0x0000000090004a9d        0x1 Application/User/main.o
                0x0000000090004a9d                UserAppId
 .rodata.main.str1.1
                0x0000000090004a9e      0x129 Application/User/main.o
 .rodata.AHBPrescTable
                0x0000000090004bc7       0x10 Application/User/system_stm32l5xx.o
                0x0000000090004bc7                AHBPrescTable
 .rodata.APBPrescTable
                0x0000000090004bd7        0x8 Application/User/system_stm32l5xx.o
                0x0000000090004bd7                APBPrescTable
 *fill*         0x0000000090004bdf        0x1 
 .rodata.MSIRangeTable
                0x0000000090004be0       0x40 Application/User/system_stm32l5xx.o
                0x0000000090004be0                MSIRangeTable
 .rodata.TEST_PROTECTIONS_PrintTestingMenu.str1.1
                0x0000000090004c20       0xf9 Application/User/test_protections.o
 .rodata.TEST_PROTECTIONS_Run.str1.1
                0x0000000090004d19       0x72 Application/User/test_protections.o
                                         0x84 (size before relaxing)
 .rodata.TEST_PROTECTIONS_Run_SecUserMem.str1.1
                0x0000000090004d8b       0xb9 Application/User/test_protections.o
 .rodata.aProtectTests
                0x0000000090004e44      0x168 Application/User/test_protections.o
                0x0000000090004e44                aProtectTests
 .rodata.aTestOperation
                0x0000000090004fac       0xa0 Application/User/test_protections.o
                0x0000000090004fac                aTestOperation
 .rodata.dump_eat_token.str1.1
                0x000000009000504c        0x6 Application/User/tfm_app.o
                                          0x8 (size before relaxing)
 .rodata.tfm_app_menu.str1.1
                0x0000000090005052      0x14a Application/User/tfm_app.o
                                        0x15c (size before relaxing)
 .rodata.tfm_app_print_menu.str1.1
                0x000000009000519c      0x480 Application/User/tfm_app.o
 .rodata.tfm_eat_test_circuit_sig.isra.6.constprop.7.str1.1
                0x000000009000561c       0x42 Application/User/tfm_app.o
 .rodata.tfm_sst_read_uid.isra.1.str1.1
                0x000000009000565e       0x2d Application/User/tfm_app.o
 .rodata.tfm_sst_set_uid.isra.0.str1.1
                0x000000009000568b       0x1a Application/User/tfm_app.o
 .rodata.CSWTCH.58
                0x00000000900056a5        0x4 Drivers/STM32L5xx_HAL_Driver/stm32l5xx_hal_uart.o
 .rodata.CSWTCH.59
                0x00000000900056a9        0xd Drivers/STM32L5xx_HAL_Driver/stm32l5xx_hal_uart.o
 .rodata.UARTPrescTable
                0x00000000900056b6       0x18 Drivers/STM32L5xx_HAL_Driver/stm32l5xx_hal_uart.o
                0x00000000900056b6                UARTPrescTable
 .rodata.__func__.7682
                0x00000000900056ce       0x10 Middlewares/trustedfirmware/test/crypto_tests_common.o
 .rodata.__func__.7712
                0x00000000900056de        0xe Middlewares/trustedfirmware/test/crypto_tests_common.o
 .rodata.__func__.7769
                0x00000000900056ec        0xe Middlewares/trustedfirmware/test/crypto_tests_common.o
 .rodata.hash_val
                0x00000000900056fa      0x140 Middlewares/trustedfirmware/test/crypto_tests_common.o
 .rodata.psa_aead_test.str1.1
                0x000000009000583a       0xca Middlewares/trustedfirmware/test/crypto_tests_common.o
 .rodata.psa_cipher_test.str1.1
                0x0000000090005904      0x22c Middlewares/trustedfirmware/test/crypto_tests_common.o
 .rodata.psa_hash_test.str1.1
                0x0000000090005b30       0x7a Middlewares/trustedfirmware/test/crypto_tests_common.o
 .rodata.psa_key_interface_test.str1.1
                0x0000000090005baa      0x1b3 Middlewares/trustedfirmware/test/crypto_tests_common.o
 .rodata.str1.1
                0x0000000090005d5d       0x5c Middlewares/trustedfirmware/test/crypto_tests_common.o
 .rodata.print_error.str1.1
                0x0000000090005db9        0xf Middlewares/trustedfirmware/test/test_framework.o
 .rodata.set_test_failed.str1.1
                0x0000000090005dc8       0x22 Middlewares/trustedfirmware/test/test_framework.o
 .rodata.printf_set_color.str1.1
                0x0000000090005dea        0x7 Middlewares/trustedfirmware/test/test_framework_helpers.o
 *fill*         0x0000000090005df1        0x3 
 .rodata._global_impure_ptr
                0x0000000090005df4        0x4 c:/st/stm32cubeide_1.5.0/stm32cubeide/plugins/com.st.stm32cube.ide.mcu.externaltools.gnu-tools-for-stm32.7-2018-q2-update.win32_1.5.0.202011040924/tools/bin/../lib/gcc/arm-none-eabi/7.3.1/../../../../arm-none-eabi/lib/thumb/v8-m.main/fpv5-sp/softfp\libc_nano.a(lib_a-impure.o)
                0x0000000090005df4                _global_impure_ptr
 .rodata.__sf_fake_stderr
                0x0000000090005df8       0x20 c:/st/stm32cubeide_1.5.0/stm32cubeide/plugins/com.st.stm32cube.ide.mcu.externaltools.gnu-tools-for-stm32.7-2018-q2-update.win32_1.5.0.202011040924/tools/bin/../lib/gcc/arm-none-eabi/7.3.1/../../../../arm-none-eabi/lib/thumb/v8-m.main/fpv5-sp/softfp\libc_nano.a(lib_a-findfp.o)
                0x0000000090005df8                __sf_fake_stderr
 .rodata.__sf_fake_stdin
                0x0000000090005e18       0x20 c:/st/stm32cubeide_1.5.0/stm32cubeide/plugins/com.st.stm32cube.ide.mcu.externaltools.gnu-tools-for-stm32.7-2018-q2-update.win32_1.5.0.202011040924/tools/bin/../lib/gcc/arm-none-eabi/7.3.1/../../../../arm-none-eabi/lib/thumb/v8-m.main/fpv5-sp/softfp\libc_nano.a(lib_a-findfp.o)
                0x0000000090005e18                __sf_fake_stdin
 .rodata.__sf_fake_stdout
                0x0000000090005e38       0x20 c:/st/stm32cubeide_1.5.0/stm32cubeide/plugins/com.st.stm32cube.ide.mcu.externaltools.gnu-tools-for-stm32.7-2018-q2-update.win32_1.5.0.202011040924/tools/bin/../lib/gcc/arm-none-eabi/7.3.1/../../../../arm-none-eabi/lib/thumb/v8-m.main/fpv5-sp/softfp\libc_nano.a(lib_a-findfp.o)
                0x0000000090005e38                __sf_fake_stdout
 .rodata._vfprintf_r.str1.1
                0x0000000090005e58       0x11 c:/st/stm32cubeide_1.5.0/stm32cubeide/plugins/com.st.stm32cube.ide.mcu.externaltools.gnu-tools-for-stm32.7-2018-q2-update.win32_1.5.0.202011040924/tools/bin/../lib/gcc/arm-none-eabi/7.3.1/../../../../arm-none-eabi/lib/thumb/v8-m.main/fpv5-sp/softfp\libc_nano.a(lib_a-nano-vfprintf.o)
 .rodata._printf_i.str1.1
                0x0000000090005e69       0x22 c:/st/stm32cubeide_1.5.0/stm32cubeide/plugins/com.st.stm32cube.ide.mcu.externaltools.gnu-tools-for-stm32.7-2018-q2-update.win32_1.5.0.202011040924/tools/bin/../lib/gcc/arm-none-eabi/7.3.1/../../../../arm-none-eabi/lib/thumb/v8-m.main/fpv5-sp/softfp\libc_nano.a(lib_a-nano-vfprintf_i.o)
 *(.eh_frame*)
 *fill*         0x0000000090005e8b        0x1 
 .eh_frame      0x0000000090005e8c        0x0 c:/st/stm32cubeide_1.5.0/stm32cubeide/plugins/com.st.stm32cube.ide.mcu.externaltools.gnu-tools-for-stm32.7-2018-q2-update.win32_1.5.0.202011040924/tools/bin/../lib/gcc/arm-none-eabi/7.3.1/thumb/v8-m.main/fpv5-sp/softfp/crtbegin.o
 .eh_frame      0x0000000090005e8c        0x4 c:/st/stm32cubeide_1.5.0/stm32cubeide/plugins/com.st.stm32cube.ide.mcu.externaltools.gnu-tools-for-stm32.7-2018-q2-update.win32_1.5.0.202011040924/tools/bin/../lib/gcc/arm-none-eabi/7.3.1/thumb/v8-m.main/fpv5-sp/softfp/crtend.o

.glue_7         0x0000000090005e90        0x0
 .glue_7        0x0000000090005e90        0x0 linker stubs

.glue_7t        0x0000000090005e90        0x0
 .glue_7t       0x0000000090005e90        0x0 linker stubs

.vfp11_veneer   0x0000000090005e90        0x0
 .vfp11_veneer  0x0000000090005e90        0x0 linker stubs

.v4_bx          0x0000000090005e90        0x0
 .v4_bx         0x0000000090005e90        0x0 linker stubs

.iplt           0x0000000090005e90        0x0
 .iplt          0x0000000090005e90        0x0 c:/st/stm32cubeide_1.5.0/stm32cubeide/plugins/com.st.stm32cube.ide.mcu.externaltools.gnu-tools-for-stm32.7-2018-q2-update.win32_1.5.0.202011040924/tools/bin/../lib/gcc/arm-none-eabi/7.3.1/thumb/v8-m.main/fpv5-sp/softfp/crtbegin.o

.ARM.extab
 *(.ARM.extab* .gnu.linkonce.armextab.*)
                0x0000000090005e90                __exidx_start = .

.ARM.exidx      0x0000000090005e90        0x8
 *(.ARM.exidx* .gnu.linkonce.armexidx.*)
 .ARM.exidx     0x0000000090005e90        0x8 c:/st/stm32cubeide_1.5.0/stm32cubeide/plugins/com.st.stm32cube.ide.mcu.externaltools.gnu-tools-for-stm32.7-2018-q2-update.win32_1.5.0.202011040924/tools/bin/../lib/gcc/arm-none-eabi/7.3.1/../../../../arm-none-eabi/lib/thumb/v8-m.main/fpv5-sp/softfp/crt0.o
 .ARM.exidx     0x0000000090005e98        0x0 c:/st/stm32cubeide_1.5.0/stm32cubeide/plugins/com.st.stm32cube.ide.mcu.externaltools.gnu-tools-for-stm32.7-2018-q2-update.win32_1.5.0.202011040924/tools/bin/../lib/gcc/arm-none-eabi/7.3.1/thumb/v8-m.main/fpv5-sp/softfp\libgcc.a(_udivmoddi4.o)
                                          0x8 (size before relaxing)
                0x0000000090005e98                __exidx_end = .

.rel.dyn        0x0000000090005e98        0x0
 .rel.iplt      0x0000000090005e98        0x0 c:/st/stm32cubeide_1.5.0/stm32cubeide/plugins/com.st.stm32cube.ide.mcu.externaltools.gnu-tools-for-stm32.7-2018-q2-update.win32_1.5.0.202011040924/tools/bin/../lib/gcc/arm-none-eabi/7.3.1/thumb/v8-m.main/fpv5-sp/softfp/crtbegin.o

.copy.table     0x0000000090005e98       0x18
                0x0000000090005e98                . = ALIGN (0x4)
                0x0000000090005e98                __copy_table_start__ = .
                0x0000000090005e98        0x4 LONG 0x90005ec0 __etext
                0x0000000090005e9c        0x4 LONG 0x20000100 __data_start__
                0x0000000090005ea0        0x4 LONG 0x94 (__data_end__ - __data_start__)
                0x0000000090005ea4        0x4 LONG 0x0 DEFINED (__etext2)?__etext2:0x0
                0x0000000090005ea8        0x4 LONG 0x0 DEFINED (__data2_start__)?__data2_start__:0x0
                0x0000000090005eac        0x4 LONG 0x0 DEFINED (__data2_start__)?(__data2_end__ - __data2_start__):0x0
                0x0000000090005eb0                __copy_table_end__ = .

.zero.table     0x0000000090005eb0       0x10
                0x0000000090005eb0                . = ALIGN (0x4)
                0x0000000090005eb0                __zero_table_start__ = .
                0x0000000090005eb0        0x4 LONG 0x20000194 __bss_start__
                0x0000000090005eb4        0x4 LONG 0xc8 (__bss_end__ - __bss_start__)
                0x0000000090005eb8        0x4 LONG 0x0 DEFINED (__bss2_start__)?__bss2_start__:0x0
                0x0000000090005ebc        0x4 LONG 0x0 DEFINED (__bss2_start__)?(__bss2_end__ - __bss2_start__):0x0
                0x0000000090005ec0                __zero_table_end__ = .
                0x0000000090005ec0                __etext = .

.testprotection
                0x0000000020000000        0x4
 *(.bss.NoInit)
 .bss.NoInit    0x0000000020000000        0x4 Application/User/main.o
                0x0000000020000000                TestNumber

.data           0x0000000020000100       0x94 load address 0x0000000090005ec0
                0x0000000020000100                __data_start__ = .
 *(vtable)
 *(.data*)
 .data.SystemCoreClock
                0x0000000020000100        0x4 Application/User/system_stm32l5xx.o
                0x0000000020000100                SystemCoreClock
 .data.uwTickFreq
                0x0000000020000104        0x1 Drivers/STM32L5xx_HAL_Driver/stm32l5xx_hal.o
                0x0000000020000104                uwTickFreq
 *fill*         0x0000000020000105        0x3 
 .data.uwTickPrio
                0x0000000020000108        0x4 Drivers/STM32L5xx_HAL_Driver/stm32l5xx_hal.o
                0x0000000020000108                uwTickPrio
 .data.pFlash   0x000000002000010c       0x1c Drivers/STM32L5xx_HAL_Driver/stm32l5xx_hal_flash.o
                0x000000002000010c                pFlash
 .data._impure_ptr
                0x0000000020000128        0x4 c:/st/stm32cubeide_1.5.0/stm32cubeide/plugins/com.st.stm32cube.ide.mcu.externaltools.gnu-tools-for-stm32.7-2018-q2-update.win32_1.5.0.202011040924/tools/bin/../lib/gcc/arm-none-eabi/7.3.1/../../../../arm-none-eabi/lib/thumb/v8-m.main/fpv5-sp/softfp\libc_nano.a(lib_a-impure.o)
                0x0000000020000128                _impure_ptr
 .data.impure_data
                0x000000002000012c       0x60 c:/st/stm32cubeide_1.5.0/stm32cubeide/plugins/com.st.stm32cube.ide.mcu.externaltools.gnu-tools-for-stm32.7-2018-q2-update.win32_1.5.0.202011040924/tools/bin/../lib/gcc/arm-none-eabi/7.3.1/../../../../arm-none-eabi/lib/thumb/v8-m.main/fpv5-sp/softfp\libc_nano.a(lib_a-impure.o)
                0x000000002000018c                . = ALIGN (0x4)
                0x000000002000018c                PROVIDE (__preinit_array_start = .)
 *(.preinit_array)
                0x000000002000018c                PROVIDE (__preinit_array_end = .)
                0x000000002000018c                . = ALIGN (0x4)
                0x000000002000018c                PROVIDE (__init_array_start = .)
 *(SORT_BY_NAME(.init_array.*))
 *(.init_array)
 .init_array    0x000000002000018c        0x4 c:/st/stm32cubeide_1.5.0/stm32cubeide/plugins/com.st.stm32cube.ide.mcu.externaltools.gnu-tools-for-stm32.7-2018-q2-update.win32_1.5.0.202011040924/tools/bin/../lib/gcc/arm-none-eabi/7.3.1/thumb/v8-m.main/fpv5-sp/softfp/crtbegin.o
                0x0000000020000190                PROVIDE (__init_array_end = .)
                0x0000000020000190                . = ALIGN (0x4)
                [!provide]                        PROVIDE (__fini_array_start = .)
 *(SORT_BY_NAME(.fini_array.*))
 *(.fini_array)
 .fini_array    0x0000000020000190        0x4 c:/st/stm32cubeide_1.5.0/stm32cubeide/plugins/com.st.stm32cube.ide.mcu.externaltools.gnu-tools-for-stm32.7-2018-q2-update.win32_1.5.0.202011040924/tools/bin/../lib/gcc/arm-none-eabi/7.3.1/thumb/v8-m.main/fpv5-sp/softfp/crtbegin.o
                [!provide]                        PROVIDE (__fini_array_end = .)
 *(.jcr*)
                0x0000000020000194                . = ALIGN (0x4)
                0x0000000020000194                __data_end__ = .

.igot.plt       0x0000000020000194        0x0 load address 0x0000000090005f54
 .igot.plt      0x0000000020000194        0x0 c:/st/stm32cubeide_1.5.0/stm32cubeide/plugins/com.st.stm32cube.ide.mcu.externaltools.gnu-tools-for-stm32.7-2018-q2-update.win32_1.5.0.202011040924/tools/bin/../lib/gcc/arm-none-eabi/7.3.1/thumb/v8-m.main/fpv5-sp/softfp/crtbegin.o

.bss            0x0000000020000194       0xc8 load address 0x0000000090005f54
                0x0000000020000194                . = ALIGN (0x4)
                0x0000000020000194                __bss_start__ = .
 *(.bss*)
 .bss           0x0000000020000194       0x1c c:/st/stm32cubeide_1.5.0/stm32cubeide/plugins/com.st.stm32cube.ide.mcu.externaltools.gnu-tools-for-stm32.7-2018-q2-update.win32_1.5.0.202011040924/tools/bin/../lib/gcc/arm-none-eabi/7.3.1/thumb/v8-m.main/fpv5-sp/softfp/crtbegin.o
 .bss.UartHandle
                0x00000000200001b0       0x90 Application/User/com.o
 .bss.users     0x0000000020000240        0x1 Application/User/tfm_ns_lock.o
 *fill*         0x0000000020000241        0x3 
 .bss.__malloc_free_list
                0x0000000020000244        0x4 c:/st/stm32cubeide_1.5.0/stm32cubeide/plugins/com.st.stm32cube.ide.mcu.externaltools.gnu-tools-for-stm32.7-2018-q2-update.win32_1.5.0.202011040924/tools/bin/../lib/gcc/arm-none-eabi/7.3.1/../../../../arm-none-eabi/lib/thumb/v8-m.main/fpv5-sp/softfp\libc_nano.a(lib_a-nano-mallocr.o)
                0x0000000020000244                __malloc_free_list
 .bss.__malloc_sbrk_start
                0x0000000020000248        0x4 c:/st/stm32cubeide_1.5.0/stm32cubeide/plugins/com.st.stm32cube.ide.mcu.externaltools.gnu-tools-for-stm32.7-2018-q2-update.win32_1.5.0.202011040924/tools/bin/../lib/gcc/arm-none-eabi/7.3.1/../../../../arm-none-eabi/lib/thumb/v8-m.main/fpv5-sp/softfp\libc_nano.a(lib_a-nano-mallocr.o)
                0x0000000020000248                __malloc_sbrk_start
 .bss.heap_end.5377
                0x000000002000024c        0x4 c:/st/stm32cubeide_1.5.0/stm32cubeide/plugins/com.st.stm32cube.ide.mcu.externaltools.gnu-tools-for-stm32.7-2018-q2-update.win32_1.5.0.202011040924/tools/bin/../lib/gcc/arm-none-eabi/7.3.1/../../../../arm-none-eabi/lib/thumb/v8-m.main/fpv5-sp/softfp\libnosys.a(sbrk.o)
 *(COMMON)
 COMMON         0x0000000020000250        0x4 Application/User/main.o
                0x0000000020000250                pUserAppId
 COMMON         0x0000000020000254        0x4 Drivers/STM32L5xx_HAL_Driver/stm32l5xx_hal.o
                0x0000000020000254                uwTick
 COMMON         0x0000000020000258        0x4 c:/st/stm32cubeide_1.5.0/stm32cubeide/plugins/com.st.stm32cube.ide.mcu.externaltools.gnu-tools-for-stm32.7-2018-q2-update.win32_1.5.0.202011040924/tools/bin/../lib/gcc/arm-none-eabi/7.3.1/../../../../arm-none-eabi/lib/thumb/v8-m.main/fpv5-sp/softfp\libc_nano.a(lib_a-reent.o)
                0x0000000020000258                errno
                0x000000002000025c                . = ALIGN (0x4)
                0x000000002000025c                __bss_end__ = .
                0x00000000000000c8                bss_size = (__bss_end__ - __bss_start__)

.msp_stack      0x0000000020000260      0x400 load address 0x0000000090006020
                0x0000000020000660                . = (. + __msp_stack_size__)
 *fill*         0x0000000020000260      0x400 
                0x0000000020000660                Image$$ARM_LIB_STACK_MSP$$ZI$$Limit = (ADDR (.msp_stack) + SIZEOF (.msp_stack))

.psp_stack      0x0000000020000660      0xc00 load address 0x0000000090006420
                0x0000000020001260                . = (. + __psp_stack_size__)
 *fill*         0x0000000020000660      0xc00 
                0x0000000020000660                Image$$ARM_LIB_STACK$$ZI$$Base = ADDR (.psp_stack)
                0x0000000020001260                Image$$ARM_LIB_STACK$$ZI$$Limit = (ADDR (.psp_stack) + SIZEOF (.psp_stack))

.heap           0x0000000020001260     0x1000 load address 0x0000000090007020
                0x0000000020001260                __end__ = .
                0x0000000020001260                PROVIDE (end = .)
                0x0000000020001260                __HeapBase = .
                0x0000000020002260                . = (. + __heap_size__)
 *fill*         0x0000000020001260     0x1000 
                0x0000000020002260                __HeapLimit = .
                0x0000000020002260                __heap_limit = .
                0x0000000020001260                PROVIDE (__stack = Image$$ARM_LIB_STACK$$ZI$$Limit)
OUTPUT(TFM_Appli_NonSecure.elf elf32-littlearm)

.ARM.attributes
                0x0000000000000000       0x34
 .ARM.attributes
                0x0000000000000000       0x26 c:/st/stm32cubeide_1.5.0/stm32cubeide/plugins/com.st.stm32cube.ide.mcu.externaltools.gnu-tools-for-stm32.7-2018-q2-update.win32_1.5.0.202011040924/tools/bin/../lib/gcc/arm-none-eabi/7.3.1/thumb/v8-m.main/fpv5-sp/softfp/crti.o
 .ARM.attributes
                0x0000000000000026       0x36 c:/st/stm32cubeide_1.5.0/stm32cubeide/plugins/com.st.stm32cube.ide.mcu.externaltools.gnu-tools-for-stm32.7-2018-q2-update.win32_1.5.0.202011040924/tools/bin/../lib/gcc/arm-none-eabi/7.3.1/thumb/v8-m.main/fpv5-sp/softfp/crtbegin.o
 .ARM.attributes
                0x000000000000005c       0x24 c:/st/stm32cubeide_1.5.0/stm32cubeide/plugins/com.st.stm32cube.ide.mcu.externaltools.gnu-tools-for-stm32.7-2018-q2-update.win32_1.5.0.202011040924/tools/bin/../lib/gcc/arm-none-eabi/7.3.1/../../../../arm-none-eabi/lib/thumb/v8-m.main/fpv5-sp/softfp/crt0.o
 .ARM.attributes
                0x0000000000000080       0x24 Application/Startup/startup_stm32l5xx_ns.o
 .ARM.attributes
                0x00000000000000a4       0x3a Application/User/com.o
 .ARM.attributes
                0x00000000000000de       0x3a Application/User/main.o
 .ARM.attributes
                0x0000000000000118       0x3a Application/User/mpu_armv8m_drv.o
 .ARM.attributes
                0x0000000000000152       0x3a Application/User/stm32l5xx_it.o
 .ARM.attributes
                0x000000000000018c       0x3a Application/User/system_stm32l5xx.o
 .ARM.attributes
                0x00000000000001c6       0x3a Application/User/test_protections.o
 .ARM.attributes
                0x0000000000000200       0x3a Application/User/tfm_app.o
 .ARM.attributes
                0x000000000000023a       0x3a Application/User/tfm_ns_lock.o
 .ARM.attributes
                0x0000000000000274       0x3a Drivers/STM32L5xx_HAL_Driver/stm32l5xx_hal.o
 .ARM.attributes
                0x00000000000002ae       0x3a Drivers/STM32L5xx_HAL_Driver/stm32l5xx_hal_cortex.o
 .ARM.attributes
                0x00000000000002e8       0x3a Drivers/STM32L5xx_HAL_Driver/stm32l5xx_hal_flash.o
 .ARM.attributes
                0x0000000000000322       0x3a Drivers/STM32L5xx_HAL_Driver/stm32l5xx_hal_flash_ex.o
 .ARM.attributes
                0x000000000000035c       0x3a Drivers/STM32L5xx_HAL_Driver/stm32l5xx_hal_gpio.o
 .ARM.attributes
                0x0000000000000396       0x3a Drivers/STM32L5xx_HAL_Driver/stm32l5xx_hal_rcc.o
 .ARM.attributes
                0x00000000000003d0       0x3a Drivers/STM32L5xx_HAL_Driver/stm32l5xx_hal_uart.o
 .ARM.attributes
                0x000000000000040a       0x3a Middlewares/trustedfirmware/core/UsefulBuf.o
 .ARM.attributes
                0x0000000000000444       0x3a Middlewares/trustedfirmware/core/tfm_crypto_ipc_api.o
 .ARM.attributes
                0x000000000000047e       0x3a Middlewares/trustedfirmware/core/tfm_initial_attestation_ipc_api.o
 .ARM.attributes
                0x00000000000004b8       0x3a Middlewares/trustedfirmware/core/tfm_its_ipc_api.o
 .ARM.attributes
                0x00000000000004f2       0x3a Middlewares/trustedfirmware/core/tfm_psa_ns_api.o
 .ARM.attributes
                0x000000000000052c       0x3a Middlewares/trustedfirmware/core/tfm_sst_ipc_api.o
 .ARM.attributes
                0x0000000000000566       0x3a Middlewares/trustedfirmware/test/crypto_tests_common.o
 .ARM.attributes
                0x00000000000005a0       0x3a Middlewares/trustedfirmware/test/test_framework.o
 .ARM.attributes
                0x00000000000005da       0x3a Middlewares/trustedfirmware/test/test_framework_helpers.o
 .ARM.attributes
                0x0000000000000614       0x36 c:/st/stm32cubeide_1.5.0/stm32cubeide/plugins/com.st.stm32cube.ide.mcu.externaltools.gnu-tools-for-stm32.7-2018-q2-update.win32_1.5.0.202011040924/tools/bin/../lib/gcc/arm-none-eabi/7.3.1/../../../../arm-none-eabi/lib/thumb/v8-m.main/fpv5-sp/softfp\libc_nano.a(lib_a-exit.o)
 .ARM.attributes
                0x000000000000064a       0x36 c:/st/stm32cubeide_1.5.0/stm32cubeide/plugins/com.st.stm32cube.ide.mcu.externaltools.gnu-tools-for-stm32.7-2018-q2-update.win32_1.5.0.202011040924/tools/bin/../lib/gcc/arm-none-eabi/7.3.1/../../../../arm-none-eabi/lib/thumb/v8-m.main/fpv5-sp/softfp\libc_nano.a(lib_a-impure.o)
 .ARM.attributes
                0x0000000000000680       0x36 c:/st/stm32cubeide_1.5.0/stm32cubeide/plugins/com.st.stm32cube.ide.mcu.externaltools.gnu-tools-for-stm32.7-2018-q2-update.win32_1.5.0.202011040924/tools/bin/../lib/gcc/arm-none-eabi/7.3.1/../../../../arm-none-eabi/lib/thumb/v8-m.main/fpv5-sp/softfp\libc_nano.a(lib_a-init.o)
 .ARM.attributes
                0x00000000000006b6       0x36 c:/st/stm32cubeide_1.5.0/stm32cubeide/plugins/com.st.stm32cube.ide.mcu.externaltools.gnu-tools-for-stm32.7-2018-q2-update.win32_1.5.0.202011040924/tools/bin/../lib/gcc/arm-none-eabi/7.3.1/../../../../arm-none-eabi/lib/thumb/v8-m.main/fpv5-sp/softfp\libc_nano.a(lib_a-memcmp.o)
 .ARM.attributes
                0x00000000000006ec       0x36 c:/st/stm32cubeide_1.5.0/stm32cubeide/plugins/com.st.stm32cube.ide.mcu.externaltools.gnu-tools-for-stm32.7-2018-q2-update.win32_1.5.0.202011040924/tools/bin/../lib/gcc/arm-none-eabi/7.3.1/../../../../arm-none-eabi/lib/thumb/v8-m.main/fpv5-sp/softfp\libc_nano.a(lib_a-memcpy-stub.o)
 .ARM.attributes
                0x0000000000000722       0x36 c:/st/stm32cubeide_1.5.0/stm32cubeide/plugins/com.st.stm32cube.ide.mcu.externaltools.gnu-tools-for-stm32.7-2018-q2-update.win32_1.5.0.202011040924/tools/bin/../lib/gcc/arm-none-eabi/7.3.1/../../../../arm-none-eabi/lib/thumb/v8-m.main/fpv5-sp/softfp\libc_nano.a(lib_a-memset.o)
 .ARM.attributes
                0x0000000000000758       0x36 c:/st/stm32cubeide_1.5.0/stm32cubeide/plugins/com.st.stm32cube.ide.mcu.externaltools.gnu-tools-for-stm32.7-2018-q2-update.win32_1.5.0.202011040924/tools/bin/../lib/gcc/arm-none-eabi/7.3.1/../../../../arm-none-eabi/lib/thumb/v8-m.main/fpv5-sp/softfp\libc_nano.a(lib_a-printf.o)
 .ARM.attributes
                0x000000000000078e       0x36 c:/st/stm32cubeide_1.5.0/stm32cubeide/plugins/com.st.stm32cube.ide.mcu.externaltools.gnu-tools-for-stm32.7-2018-q2-update.win32_1.5.0.202011040924/tools/bin/../lib/gcc/arm-none-eabi/7.3.1/../../../../arm-none-eabi/lib/thumb/v8-m.main/fpv5-sp/softfp\libc_nano.a(lib_a-puts.o)
 .ARM.attributes
                0x00000000000007c4       0x36 c:/st/stm32cubeide_1.5.0/stm32cubeide/plugins/com.st.stm32cube.ide.mcu.externaltools.gnu-tools-for-stm32.7-2018-q2-update.win32_1.5.0.202011040924/tools/bin/../lib/gcc/arm-none-eabi/7.3.1/../../../../arm-none-eabi/lib/thumb/v8-m.main/fpv5-sp/softfp\libc_nano.a(lib_a-setvbuf.o)
 .ARM.attributes
                0x00000000000007fa       0x36 c:/st/stm32cubeide_1.5.0/stm32cubeide/plugins/com.st.stm32cube.ide.mcu.externaltools.gnu-tools-for-stm32.7-2018-q2-update.win32_1.5.0.202011040924/tools/bin/../lib/gcc/arm-none-eabi/7.3.1/../../../../arm-none-eabi/lib/thumb/v8-m.main/fpv5-sp/softfp\libc_nano.a(lib_a-strncmp.o)
 .ARM.attributes
                0x0000000000000830       0x36 c:/st/stm32cubeide_1.5.0/stm32cubeide/plugins/com.st.stm32cube.ide.mcu.externaltools.gnu-tools-for-stm32.7-2018-q2-update.win32_1.5.0.202011040924/tools/bin/../lib/gcc/arm-none-eabi/7.3.1/../../../../arm-none-eabi/lib/thumb/v8-m.main/fpv5-sp/softfp\libc_nano.a(lib_a-wbuf.o)
 .ARM.attributes
                0x0000000000000866       0x36 c:/st/stm32cubeide_1.5.0/stm32cubeide/plugins/com.st.stm32cube.ide.mcu.externaltools.gnu-tools-for-stm32.7-2018-q2-update.win32_1.5.0.202011040924/tools/bin/../lib/gcc/arm-none-eabi/7.3.1/../../../../arm-none-eabi/lib/thumb/v8-m.main/fpv5-sp/softfp\libc_nano.a(lib_a-wsetup.o)
 .ARM.attributes
                0x000000000000089c       0x36 c:/st/stm32cubeide_1.5.0/stm32cubeide/plugins/com.st.stm32cube.ide.mcu.externaltools.gnu-tools-for-stm32.7-2018-q2-update.win32_1.5.0.202011040924/tools/bin/../lib/gcc/arm-none-eabi/7.3.1/../../../../arm-none-eabi/lib/thumb/v8-m.main/fpv5-sp/softfp\libc_nano.a(lib_a-fflush.o)
 .ARM.attributes
                0x00000000000008d2       0x36 c:/st/stm32cubeide_1.5.0/stm32cubeide/plugins/com.st.stm32cube.ide.mcu.externaltools.gnu-tools-for-stm32.7-2018-q2-update.win32_1.5.0.202011040924/tools/bin/../lib/gcc/arm-none-eabi/7.3.1/../../../../arm-none-eabi/lib/thumb/v8-m.main/fpv5-sp/softfp\libc_nano.a(lib_a-findfp.o)
 .ARM.attributes
                0x0000000000000908       0x36 c:/st/stm32cubeide_1.5.0/stm32cubeide/plugins/com.st.stm32cube.ide.mcu.externaltools.gnu-tools-for-stm32.7-2018-q2-update.win32_1.5.0.202011040924/tools/bin/../lib/gcc/arm-none-eabi/7.3.1/../../../../arm-none-eabi/lib/thumb/v8-m.main/fpv5-sp/softfp\libc_nano.a(lib_a-fwalk.o)
 .ARM.attributes
                0x000000000000093e       0x36 c:/st/stm32cubeide_1.5.0/stm32cubeide/plugins/com.st.stm32cube.ide.mcu.externaltools.gnu-tools-for-stm32.7-2018-q2-update.win32_1.5.0.202011040924/tools/bin/../lib/gcc/arm-none-eabi/7.3.1/../../../../arm-none-eabi/lib/thumb/v8-m.main/fpv5-sp/softfp\libc_nano.a(lib_a-makebuf.o)
 .ARM.attributes
                0x0000000000000974       0x36 c:/st/stm32cubeide_1.5.0/stm32cubeide/plugins/com.st.stm32cube.ide.mcu.externaltools.gnu-tools-for-stm32.7-2018-q2-update.win32_1.5.0.202011040924/tools/bin/../lib/gcc/arm-none-eabi/7.3.1/../../../../arm-none-eabi/lib/thumb/v8-m.main/fpv5-sp/softfp\libc_nano.a(lib_a-malloc.o)
 .ARM.attributes
                0x00000000000009aa       0x36 c:/st/stm32cubeide_1.5.0/stm32cubeide/plugins/com.st.stm32cube.ide.mcu.externaltools.gnu-tools-for-stm32.7-2018-q2-update.win32_1.5.0.202011040924/tools/bin/../lib/gcc/arm-none-eabi/7.3.1/../../../../arm-none-eabi/lib/thumb/v8-m.main/fpv5-sp/softfp\libc_nano.a(lib_a-nano-freer.o)
 .ARM.attributes
                0x00000000000009e0       0x36 c:/st/stm32cubeide_1.5.0/stm32cubeide/plugins/com.st.stm32cube.ide.mcu.externaltools.gnu-tools-for-stm32.7-2018-q2-update.win32_1.5.0.202011040924/tools/bin/../lib/gcc/arm-none-eabi/7.3.1/../../../../arm-none-eabi/lib/thumb/v8-m.main/fpv5-sp/softfp\libc_nano.a(lib_a-nano-mallocr.o)
 .ARM.attributes
                0x0000000000000a16       0x36 c:/st/stm32cubeide_1.5.0/stm32cubeide/plugins/com.st.stm32cube.ide.mcu.externaltools.gnu-tools-for-stm32.7-2018-q2-update.win32_1.5.0.202011040924/tools/bin/../lib/gcc/arm-none-eabi/7.3.1/../../../../arm-none-eabi/lib/thumb/v8-m.main/fpv5-sp/softfp\libc_nano.a(lib_a-nano-vfprintf.o)
 .ARM.attributes
                0x0000000000000a4c       0x36 c:/st/stm32cubeide_1.5.0/stm32cubeide/plugins/com.st.stm32cube.ide.mcu.externaltools.gnu-tools-for-stm32.7-2018-q2-update.win32_1.5.0.202011040924/tools/bin/../lib/gcc/arm-none-eabi/7.3.1/../../../../arm-none-eabi/lib/thumb/v8-m.main/fpv5-sp/softfp\libc_nano.a(lib_a-nano-vfprintf_i.o)
 .ARM.attributes
                0x0000000000000a82       0x36 c:/st/stm32cubeide_1.5.0/stm32cubeide/plugins/com.st.stm32cube.ide.mcu.externaltools.gnu-tools-for-stm32.7-2018-q2-update.win32_1.5.0.202011040924/tools/bin/../lib/gcc/arm-none-eabi/7.3.1/../../../../arm-none-eabi/lib/thumb/v8-m.main/fpv5-sp/softfp\libc_nano.a(lib_a-sbrkr.o)
 .ARM.attributes
                0x0000000000000ab8       0x36 c:/st/stm32cubeide_1.5.0/stm32cubeide/plugins/com.st.stm32cube.ide.mcu.externaltools.gnu-tools-for-stm32.7-2018-q2-update.win32_1.5.0.202011040924/tools/bin/../lib/gcc/arm-none-eabi/7.3.1/../../../../arm-none-eabi/lib/thumb/v8-m.main/fpv5-sp/softfp\libc_nano.a(lib_a-stdio.o)
 .ARM.attributes
                0x0000000000000aee       0x36 c:/st/stm32cubeide_1.5.0/stm32cubeide/plugins/com.st.stm32cube.ide.mcu.externaltools.gnu-tools-for-stm32.7-2018-q2-update.win32_1.5.0.202011040924/tools/bin/../lib/gcc/arm-none-eabi/7.3.1/../../../../arm-none-eabi/lib/thumb/v8-m.main/fpv5-sp/softfp\libc_nano.a(lib_a-writer.o)
 .ARM.attributes
                0x0000000000000b24       0x36 c:/st/stm32cubeide_1.5.0/stm32cubeide/plugins/com.st.stm32cube.ide.mcu.externaltools.gnu-tools-for-stm32.7-2018-q2-update.win32_1.5.0.202011040924/tools/bin/../lib/gcc/arm-none-eabi/7.3.1/../../../../arm-none-eabi/lib/thumb/v8-m.main/fpv5-sp/softfp\libc_nano.a(lib_a-closer.o)
 .ARM.attributes
                0x0000000000000b5a       0x36 c:/st/stm32cubeide_1.5.0/stm32cubeide/plugins/com.st.stm32cube.ide.mcu.externaltools.gnu-tools-for-stm32.7-2018-q2-update.win32_1.5.0.202011040924/tools/bin/../lib/gcc/arm-none-eabi/7.3.1/../../../../arm-none-eabi/lib/thumb/v8-m.main/fpv5-sp/softfp\libc_nano.a(lib_a-fstatr.o)
 .ARM.attributes
                0x0000000000000b90       0x36 c:/st/stm32cubeide_1.5.0/stm32cubeide/plugins/com.st.stm32cube.ide.mcu.externaltools.gnu-tools-for-stm32.7-2018-q2-update.win32_1.5.0.202011040924/tools/bin/../lib/gcc/arm-none-eabi/7.3.1/../../../../arm-none-eabi/lib/thumb/v8-m.main/fpv5-sp/softfp\libc_nano.a(lib_a-isattyr.o)
 .ARM.attributes
                0x0000000000000bc6       0x36 c:/st/stm32cubeide_1.5.0/stm32cubeide/plugins/com.st.stm32cube.ide.mcu.externaltools.gnu-tools-for-stm32.7-2018-q2-update.win32_1.5.0.202011040924/tools/bin/../lib/gcc/arm-none-eabi/7.3.1/../../../../arm-none-eabi/lib/thumb/v8-m.main/fpv5-sp/softfp\libc_nano.a(lib_a-lseekr.o)
 .ARM.attributes
                0x0000000000000bfc       0x36 c:/st/stm32cubeide_1.5.0/stm32cubeide/plugins/com.st.stm32cube.ide.mcu.externaltools.gnu-tools-for-stm32.7-2018-q2-update.win32_1.5.0.202011040924/tools/bin/../lib/gcc/arm-none-eabi/7.3.1/../../../../arm-none-eabi/lib/thumb/v8-m.main/fpv5-sp/softfp\libc_nano.a(lib_a-memchr-stub.o)
 .ARM.attributes
                0x0000000000000c32       0x36 c:/st/stm32cubeide_1.5.0/stm32cubeide/plugins/com.st.stm32cube.ide.mcu.externaltools.gnu-tools-for-stm32.7-2018-q2-update.win32_1.5.0.202011040924/tools/bin/../lib/gcc/arm-none-eabi/7.3.1/../../../../arm-none-eabi/lib/thumb/v8-m.main/fpv5-sp/softfp\libc_nano.a(lib_a-mlock.o)
 .ARM.attributes
                0x0000000000000c68       0x36 c:/st/stm32cubeide_1.5.0/stm32cubeide/plugins/com.st.stm32cube.ide.mcu.externaltools.gnu-tools-for-stm32.7-2018-q2-update.win32_1.5.0.202011040924/tools/bin/../lib/gcc/arm-none-eabi/7.3.1/../../../../arm-none-eabi/lib/thumb/v8-m.main/fpv5-sp/softfp\libc_nano.a(lib_a-readr.o)
 .ARM.attributes
                0x0000000000000c9e       0x36 c:/st/stm32cubeide_1.5.0/stm32cubeide/plugins/com.st.stm32cube.ide.mcu.externaltools.gnu-tools-for-stm32.7-2018-q2-update.win32_1.5.0.202011040924/tools/bin/../lib/gcc/arm-none-eabi/7.3.1/../../../../arm-none-eabi/lib/thumb/v8-m.main/fpv5-sp/softfp\libc_nano.a(lib_a-reent.o)
 .ARM.attributes
                0x0000000000000cd4       0x26 c:/st/stm32cubeide_1.5.0/stm32cubeide/plugins/com.st.stm32cube.ide.mcu.externaltools.gnu-tools-for-stm32.7-2018-q2-update.win32_1.5.0.202011040924/tools/bin/../lib/gcc/arm-none-eabi/7.3.1/thumb/v8-m.main/fpv5-sp/softfp\libgcc.a(_aeabi_uldivmod.o)
 .ARM.attributes
                0x0000000000000cfa       0x36 c:/st/stm32cubeide_1.5.0/stm32cubeide/plugins/com.st.stm32cube.ide.mcu.externaltools.gnu-tools-for-stm32.7-2018-q2-update.win32_1.5.0.202011040924/tools/bin/../lib/gcc/arm-none-eabi/7.3.1/thumb/v8-m.main/fpv5-sp/softfp\libgcc.a(_udivmoddi4.o)
 .ARM.attributes
                0x0000000000000d30       0x26 c:/st/stm32cubeide_1.5.0/stm32cubeide/plugins/com.st.stm32cube.ide.mcu.externaltools.gnu-tools-for-stm32.7-2018-q2-update.win32_1.5.0.202011040924/tools/bin/../lib/gcc/arm-none-eabi/7.3.1/thumb/v8-m.main/fpv5-sp/softfp\libgcc.a(_dvmd_tls.o)
 .ARM.attributes
                0x0000000000000d56       0x36 c:/st/stm32cubeide_1.5.0/stm32cubeide/plugins/com.st.stm32cube.ide.mcu.externaltools.gnu-tools-for-stm32.7-2018-q2-update.win32_1.5.0.202011040924/tools/bin/../lib/gcc/arm-none-eabi/7.3.1/../../../../arm-none-eabi/lib/thumb/v8-m.main/fpv5-sp/softfp\libnosys.a(close.o)
 .ARM.attributes
                0x0000000000000d8c       0x36 c:/st/stm32cubeide_1.5.0/stm32cubeide/plugins/com.st.stm32cube.ide.mcu.externaltools.gnu-tools-for-stm32.7-2018-q2-update.win32_1.5.0.202011040924/tools/bin/../lib/gcc/arm-none-eabi/7.3.1/../../../../arm-none-eabi/lib/thumb/v8-m.main/fpv5-sp/softfp\libnosys.a(fstat.o)
 .ARM.attributes
                0x0000000000000dc2       0x36 c:/st/stm32cubeide_1.5.0/stm32cubeide/plugins/com.st.stm32cube.ide.mcu.externaltools.gnu-tools-for-stm32.7-2018-q2-update.win32_1.5.0.202011040924/tools/bin/../lib/gcc/arm-none-eabi/7.3.1/../../../../arm-none-eabi/lib/thumb/v8-m.main/fpv5-sp/softfp\libnosys.a(isatty.o)
 .ARM.attributes
                0x0000000000000df8       0x36 c:/st/stm32cubeide_1.5.0/stm32cubeide/plugins/com.st.stm32cube.ide.mcu.externaltools.gnu-tools-for-stm32.7-2018-q2-update.win32_1.5.0.202011040924/tools/bin/../lib/gcc/arm-none-eabi/7.3.1/../../../../arm-none-eabi/lib/thumb/v8-m.main/fpv5-sp/softfp\libnosys.a(lseek.o)
 .ARM.attributes
                0x0000000000000e2e       0x36 c:/st/stm32cubeide_1.5.0/stm32cubeide/plugins/com.st.stm32cube.ide.mcu.externaltools.gnu-tools-for-stm32.7-2018-q2-update.win32_1.5.0.202011040924/tools/bin/../lib/gcc/arm-none-eabi/7.3.1/../../../../arm-none-eabi/lib/thumb/v8-m.main/fpv5-sp/softfp\libnosys.a(read.o)
 .ARM.attributes
                0x0000000000000e64       0x36 c:/st/stm32cubeide_1.5.0/stm32cubeide/plugins/com.st.stm32cube.ide.mcu.externaltools.gnu-tools-for-stm32.7-2018-q2-update.win32_1.5.0.202011040924/tools/bin/../lib/gcc/arm-none-eabi/7.3.1/../../../../arm-none-eabi/lib/thumb/v8-m.main/fpv5-sp/softfp\libnosys.a(sbrk.o)
 .ARM.attributes
                0x0000000000000e9a       0x36 c:/st/stm32cubeide_1.5.0/stm32cubeide/plugins/com.st.stm32cube.ide.mcu.externaltools.gnu-tools-for-stm32.7-2018-q2-update.win32_1.5.0.202011040924/tools/bin/../lib/gcc/arm-none-eabi/7.3.1/../../../../arm-none-eabi/lib/thumb/v8-m.main/fpv5-sp/softfp\libnosys.a(_exit.o)
 .ARM.attributes
                0x0000000000000ed0       0x36 c:/st/stm32cubeide_1.5.0/stm32cubeide/plugins/com.st.stm32cube.ide.mcu.externaltools.gnu-tools-for-stm32.7-2018-q2-update.win32_1.5.0.202011040924/tools/bin/../lib/gcc/arm-none-eabi/7.3.1/thumb/v8-m.main/fpv5-sp/softfp/crtend.o
 .ARM.attributes
                0x0000000000000f06       0x26 c:/st/stm32cubeide_1.5.0/stm32cubeide/plugins/com.st.stm32cube.ide.mcu.externaltools.gnu-tools-for-stm32.7-2018-q2-update.win32_1.5.0.202011040924/tools/bin/../lib/gcc/arm-none-eabi/7.3.1/thumb/v8-m.main/fpv5-sp/softfp/crtn.o

.comment        0x0000000000000000       0x7b
 .comment       0x0000000000000000       0x7b Application/User/com.o
                                         0x7c (size before relaxing)
 .comment       0x000000000000007b       0x7c Application/User/main.o
 .comment       0x000000000000007b       0x7c Application/User/mpu_armv8m_drv.o
 .comment       0x000000000000007b       0x7c Application/User/stm32l5xx_it.o
 .comment       0x000000000000007b       0x7c Application/User/system_stm32l5xx.o
 .comment       0x000000000000007b       0x7c Application/User/test_protections.o
 .comment       0x000000000000007b       0x7c Application/User/tfm_app.o
 .comment       0x000000000000007b       0x7c Application/User/tfm_ns_lock.o
 .comment       0x000000000000007b       0x7c Drivers/STM32L5xx_HAL_Driver/stm32l5xx_hal.o
 .comment       0x000000000000007b       0x7c Drivers/STM32L5xx_HAL_Driver/stm32l5xx_hal_cortex.o
 .comment       0x000000000000007b       0x7c Drivers/STM32L5xx_HAL_Driver/stm32l5xx_hal_flash.o
 .comment       0x000000000000007b       0x7c Drivers/STM32L5xx_HAL_Driver/stm32l5xx_hal_flash_ex.o
 .comment       0x000000000000007b       0x7c Drivers/STM32L5xx_HAL_Driver/stm32l5xx_hal_gpio.o