cipher_wrap.c:123:13:ccm_ctx_free	8	static
cipher_wrap.c:113:14:ccm_ctx_alloc	8	static
cipher_wrap.c:589:12:ccm_aes_setkey_wrap	0	static
cipher_wrap.c:104:13:gcm_ctx_free	8	static
cipher_wrap.c:94:14:gcm_ctx_alloc	8	static
cipher_wrap.c:520:12:gcm_aes_setkey_wrap	0	static
cipher_wrap.c:227:13:aes_ctx_free	8	static
cipher_wrap.c:215:15:aes_ctx_alloc	8	static
cipher_wrap.c:203:12:aes_setkey_dec_wrap	0	static
cipher_wrap.c:209:12:aes_setkey_enc_wrap	0	static
cipher_wrap.c:167:12:aes_crypt_ctr_wrap	0	static
cipher_wrap.c:158:12:aes_crypt_ofb_wrap	0	static
cipher_wrap.c:148:12:aes_crypt_cfb128_wrap	0	static
cipher_wrap.c:139:12:aes_crypt_cbc_wrap	0	static
cipher_wrap.c:132:12:aes_crypt_ecb_wrap	0	static
