spm_hal.c:29:21:tfm_spm_hal_init_isolation_hw	8	static
spm_hal.c:38:6:tfm_spm_hal_configure_default_isolation	0	static
spm_hal.c:221:16:tfm_spm_hal_partition_sandbox_config	40	static
spm_hal.c:291:16:tfm_spm_hal_partition_sandbox_deconfig	8	static
spm_hal.c:379:21:tfm_spm_hal_setup_isolation_hw	40	static
spm_hal.c:394:10:tfm_spm_hal_get_ns_VTOR	0	static
spm_hal.c:399:10:tfm_spm_hal_get_ns_MSP	0	static
spm_hal.c:404:10:tfm_spm_hal_get_ns_entry_point	0	static
spm_hal.c:409:6:tfm_spm_hal_set_ns_mpu	0	static
spm_hal.c:476:21:tfm_spm_hal_set_secure_irq_priority	0	static
spm_hal.c:484:6:tfm_spm_hal_clear_pending_irq	0	static
spm_hal.c:489:6:tfm_spm_hal_enable_irq	0	static,ignoring_inline_asm
spm_hal.c:494:6:tfm_spm_hal_disable_irq	0	static,ignoring_inline_asm
spm_hal.c:499:25:tfm_spm_hal_set_irq_target_state	0	static
spm_hal.c:524:21:tfm_spm_hal_enable_fault_handlers	0	static
spm_hal.c:529:21:tfm_spm_hal_system_reset_cfg	0	static
spm_hal.c:535:21:tfm_spm_hal_nvic_interrupt_target_state_cfg	0	static
spm_hal.c:541:21:tfm_spm_hal_nvic_interrupt_enable	0	static
