Archive member included to satisfy reference by file (symbol)

c:/st/stm32cubeide_1.5.0/stm32cubeide/plugins/com.st.stm32cube.ide.mcu.externaltools.gnu-tools-for-stm32.7-2018-q2-update.win32_1.5.0.202011040924/tools/bin/../lib/gcc/arm-none-eabi/7.3.1/../../../../arm-none-eabi/lib/thumb/v8-m.main/fpv5-sp/hard\libc_nano.a(lib_a-exit.o)
                              c:/st/stm32cubeide_1.5.0/stm32cubeide/plugins/com.st.stm32cube.ide.mcu.externaltools.gnu-tools-for-stm32.7-2018-q2-update.win32_1.5.0.202011040924/tools/bin/../lib/gcc/arm-none-eabi/7.3.1/../../../../arm-none-eabi/lib/thumb/v8-m.main/fpv5-sp/hard/crt0.o (exit)
c:/st/stm32cubeide_1.5.0/stm32cubeide/plugins/com.st.stm32cube.ide.mcu.externaltools.gnu-tools-for-stm32.7-2018-q2-update.win32_1.5.0.202011040924/tools/bin/../lib/gcc/arm-none-eabi/7.3.1/../../../../arm-none-eabi/lib/thumb/v8-m.main/fpv5-sp/hard\libc_nano.a(lib_a-impure.o)
                              c:/st/stm32cubeide_1.5.0/stm32cubeide/plugins/com.st.stm32cube.ide.mcu.externaltools.gnu-tools-for-stm32.7-2018-q2-update.win32_1.5.0.202011040924/tools/bin/../lib/gcc/arm-none-eabi/7.3.1/../../../../arm-none-eabi/lib/thumb/v8-m.main/fpv5-sp/hard\libc_nano.a(lib_a-exit.o) (_global_impure_ptr)
c:/st/stm32cubeide_1.5.0/stm32cubeide/plugins/com.st.stm32cube.ide.mcu.externaltools.gnu-tools-for-stm32.7-2018-q2-update.win32_1.5.0.202011040924/tools/bin/../lib/gcc/arm-none-eabi/7.3.1/../../../../arm-none-eabi/lib/thumb/v8-m.main/fpv5-sp/hard\libc_nano.a(lib_a-init.o)
                              c:/st/stm32cubeide_1.5.0/stm32cubeide/plugins/com.st.stm32cube.ide.mcu.externaltools.gnu-tools-for-stm32.7-2018-q2-update.win32_1.5.0.202011040924/tools/bin/../lib/gcc/arm-none-eabi/7.3.1/../../../../arm-none-eabi/lib/thumb/v8-m.main/fpv5-sp/hard/crt0.o (__libc_init_array)
c:/st/stm32cubeide_1.5.0/stm32cubeide/plugins/com.st.stm32cube.ide.mcu.externaltools.gnu-tools-for-stm32.7-2018-q2-update.win32_1.5.0.202011040924/tools/bin/../lib/gcc/arm-none-eabi/7.3.1/../../../../arm-none-eabi/lib/thumb/v8-m.main/fpv5-sp/hard\libc_nano.a(lib_a-memset.o)
                              c:/st/stm32cubeide_1.5.0/stm32cubeide/plugins/com.st.stm32cube.ide.mcu.externaltools.gnu-tools-for-stm32.7-2018-q2-update.win32_1.5.0.202011040924/tools/bin/../lib/gcc/arm-none-eabi/7.3.1/../../../../arm-none-eabi/lib/thumb/v8-m.main/fpv5-sp/hard/crt0.o (memset)
c:/st/stm32cubeide_1.5.0/stm32cubeide/plugins/com.st.stm32cube.ide.mcu.externaltools.gnu-tools-for-stm32.7-2018-q2-update.win32_1.5.0.202011040924/tools/bin/../lib/gcc/arm-none-eabi/7.3.1/../../../../arm-none-eabi/lib/thumb/v8-m.main/fpv5-sp/hard\libc_nano.a(lib_a-printf.o)
                              Application/User/fw_update_app.o (printf)
c:/st/stm32cubeide_1.5.0/stm32cubeide/plugins/com.st.stm32cube.ide.mcu.externaltools.gnu-tools-for-stm32.7-2018-q2-update.win32_1.5.0.202011040924/tools/bin/../lib/gcc/arm-none-eabi/7.3.1/../../../../arm-none-eabi/lib/thumb/v8-m.main/fpv5-sp/hard\libc_nano.a(lib_a-puts.o)
                              Application/User/fw_update_app.o (puts)
c:/st/stm32cubeide_1.5.0/stm32cubeide/plugins/com.st.stm32cube.ide.mcu.externaltools.gnu-tools-for-stm32.7-2018-q2-update.win32_1.5.0.202011040924/tools/bin/../lib/gcc/arm-none-eabi/7.3.1/../../../../arm-none-eabi/lib/thumb/v8-m.main/fpv5-sp/hard\libc_nano.a(lib_a-setvbuf.o)
                              Application/User/com.o (setvbuf)
c:/st/stm32cubeide_1.5.0/stm32cubeide/plugins/com.st.stm32cube.ide.mcu.externaltools.gnu-tools-for-stm32.7-2018-q2-update.win32_1.5.0.202011040924/tools/bin/../lib/gcc/arm-none-eabi/7.3.1/../../../../arm-none-eabi/lib/thumb/v8-m.main/fpv5-sp/hard\libc_nano.a(lib_a-wbuf.o)
                              c:/st/stm32cubeide_1.5.0/stm32cubeide/plugins/com.st.stm32cube.ide.mcu.externaltools.gnu-tools-for-stm32.7-2018-q2-update.win32_1.5.0.202011040924/tools/bin/../lib/gcc/arm-none-eabi/7.3.1/../../../../arm-none-eabi/lib/thumb/v8-m.main/fpv5-sp/hard\libc_nano.a(lib_a-puts.o) (__swbuf_r)
c:/st/stm32cubeide_1.5.0/stm32cubeide/plugins/com.st.stm32cube.ide.mcu.externaltools.gnu-tools-for-stm32.7-2018-q2-update.win32_1.5.0.202011040924/tools/bin/../lib/gcc/arm-none-eabi/7.3.1/../../../../arm-none-eabi/lib/thumb/v8-m.main/fpv5-sp/hard\libc_nano.a(lib_a-wsetup.o)
                              c:/st/stm32cubeide_1.5.0/stm32cubeide/plugins/com.st.stm32cube.ide.mcu.externaltools.gnu-tools-for-stm32.7-2018-q2-update.win32_1.5.0.202011040924/tools/bin/../lib/gcc/arm-none-eabi/7.3.1/../../../../arm-none-eabi/lib/thumb/v8-m.main/fpv5-sp/hard\libc_nano.a(lib_a-puts.o) (__swsetup_r)
c:/st/stm32cubeide_1.5.0/stm32cubeide/plugins/com.st.stm32cube.ide.mcu.externaltools.gnu-tools-for-stm32.7-2018-q2-update.win32_1.5.0.202011040924/tools/bin/../lib/gcc/arm-none-eabi/7.3.1/../../../../arm-none-eabi/lib/thumb/v8-m.main/fpv5-sp/hard\libc_nano.a(lib_a-fflush.o)
[...]
Memory Configuration

Name             Origin             Length             Attributes
FLASH            0x000000000807a000 0x0000000000006000 xr
RAM              0x0000000020000000 0x0000000000030000 xrw
*default*        0x0000000000000000 0xffffffffffffffff

Linker script and memory map

LOAD c:/st/stm32cubeide_1.5.0/stm32cubeide/plugins/com.st.stm32cube.ide.mcu.externaltools.gnu-tools-for-stm32.7-2018-q2-update.win32_1.5.0.202011040924/tools/bin/../lib/gcc/arm-none-eabi/7.3.1/thumb/v8-m.main/fpv5-sp/hard/crti.o
LOAD c:/st/stm32cubeide_1.5.0/stm32cubeide/plugins/com.st.stm32cube.ide.mcu.externaltools.gnu-tools-for-stm32.7-2018-q2-update.win32_1.5.0.202011040924/tools/bin/../lib/gcc/arm-none-eabi/7.3.1/thumb/v8-m.main/fpv5-sp/hard/crtbegin.o
LOAD c:/st/stm32cubeide_1.5.0/stm32cubeide/plugins/com.st.stm32cube.ide.mcu.externaltools.gnu-tools-for-stm32.7-2018-q2-update.win32_1.5.0.202011040924/tools/bin/../lib/gcc/arm-none-eabi/7.3.1/../../../../arm-none-eabi/lib/thumb/v8-m.main/fpv5-sp/hard/crt0.o
LOAD Application/Startup/startup_stm32l5xx_ns.o
LOAD Application/User/com.o
LOAD Application/User/common.o
LOAD Application/User/fw_update_app.o
LOAD Application/User/low_level_device.o
LOAD Application/User/low_level_flash.o
LOAD Application/User/low_level_ospi_device.o
LOAD Application/User/low_level_ospi_flash.o
LOAD Application/User/main.o
LOAD Application/User/system_stm32l5xx.o
LOAD Application/User/tick.o
LOAD Application/User/ymodem.o
LOAD Drivers/BSP/Components/mx25lm51245g.o
LOAD Drivers/BSP/STM32L562E-DK/stm32l562e_discovery_ospi.o
LOAD Drivers/STM32L5xx_HAL_Driver/stm32l5xx_hal.o
LOAD Drivers/STM32L5xx_HAL_Driver/stm32l5xx_hal_cortex.o
LOAD Drivers/STM32L5xx_HAL_Driver/stm32l5xx_hal_crc.o
LOAD Drivers/STM32L5xx_HAL_Driver/stm32l5xx_hal_crc_ex.o
LOAD Drivers/STM32L5xx_HAL_Driver/stm32l5xx_hal_dma.o
LOAD Drivers/STM32L5xx_HAL_Driver/stm32l5xx_hal_dma_ex.o
LOAD Drivers/STM32L5xx_HAL_Driver/stm32l5xx_hal_exti.o
LOAD Drivers/STM32L5xx_HAL_Driver/stm32l5xx_hal_flash.o
LOAD Drivers/STM32L5xx_HAL_Driver/stm32l5xx_hal_flash_ex.o
LOAD Drivers/STM32L5xx_HAL_Driver/stm32l5xx_hal_gpio.o
LOAD Drivers/STM32L5xx_HAL_Driver/stm32l5xx_hal_ospi.o
LOAD Drivers/STM32L5xx_HAL_Driver/stm32l5xx_hal_otfdec.o
LOAD Drivers/STM32L5xx_HAL_Driver/stm32l5xx_hal_pwr.o
LOAD Drivers/STM32L5xx_HAL_Driver/stm32l5xx_hal_pwr_ex.o
LOAD Drivers/STM32L5xx_HAL_Driver/stm32l5xx_hal_rcc.o
LOAD Drivers/STM32L5xx_HAL_Driver/stm32l5xx_hal_rcc_ex.o
LOAD Drivers/STM32L5xx_HAL_Driver/stm32l5xx_hal_uart.o
LOAD Drivers/STM32L5xx_HAL_Driver/stm32l5xx_hal_uart_ex.o
START GROUP
LOAD c:/st/stm32cubeide_1.5.0/stm32cubeide/plugins/com.st.stm32cube.ide.mcu.externaltools.gnu-tools-for-stm32.7-2018-q2-update.win32_1.5.0.202011040924/tools/bin/../lib/gcc/arm-none-eabi/7.3.1/../../../../arm-none-eabi/lib/thumb/v8-m.main/fpv5-sp/hard\libc_nano.a
LOAD c:/st/stm32cubeide_1.5.0/stm32cubeide/plugins/com.st.stm32cube.ide.mcu.externaltools.gnu-tools-for-stm32.7-2018-q2-update.win32_1.5.0.202011040924/tools/bin/../lib/gcc/arm-none-eabi/7.3.1/../../../../arm-none-eabi/lib/thumb/v8-m.main/fpv5-sp/hard\libm.a
END GROUP
START GROUP
LOAD c:/st/stm32cubeide_1.5.0/stm32cubeide/plugins/com.st.stm32cube.ide.mcu.externaltools.gnu-tools-for-stm32.7-2018-q2-update.win32_1.5.0.202011040924/tools/bin/../lib/gcc/arm-none-eabi/7.3.1/thumb/v8-m.main/fpv5-sp/hard\libgcc.a
LOAD c:/st/stm32cubeide_1.5.0/stm32cubeide/plugins/com.st.stm32cube.ide.mcu.externaltools.gnu-tools-for-stm32.7-2018-q2-update.win32_1.5.0.202011040924/tools/bin/../lib/gcc/arm-none-eabi/7.3.1/../../../../arm-none-eabi/lib/thumb/v8-m.main/fpv5-sp/hard\libc_nano.a
END GROUP
START GROUP
LOAD c:/st/stm32cubeide_1.5.0/stm32cubeide/plugins/com.st.stm32cube.ide.mcu.externaltools.gnu-tools-for-stm32.7-2018-q2-update.win32_1.5.0.202011040924/tools/bin/../lib/gcc/arm-none-eabi/7.3.1/thumb/v8-m.main/fpv5-sp/hard\libgcc.a
LOAD c:/st/stm32cubeide_1.5.0/stm32cubeide/plugins/com.st.stm32cube.ide.mcu.externaltools.gnu-tools-for-stm32.7-2018-q2-update.win32_1.5.0.202011040924/tools/bin/../lib/gcc/arm-none-eabi/7.3.1/../../../../arm-none-eabi/lib/thumb/v8-m.main/fpv5-sp/hard\libc_nano.a
LOAD c:/st/stm32cubeide_1.5.0/stm32cubeide/plugins/com.st.stm32cube.ide.mcu.externaltools.gnu-tools-for-stm32.7-2018-q2-update.win32_1.5.0.202011040924/tools/bin/../lib/gcc/arm-none-eabi/7.3.1/../../../../arm-none-eabi/lib/thumb/v8-m.main/fpv5-sp/hard\libnosys.a
END GROUP
START GROUP
LOAD c:/st/stm32cubeide_1.5.0/stm32cubeide/plugins/com.st.stm32cube.ide.mcu.externaltools.gnu-tools-for-stm32.7-2018-q2-update.win32_1.5.0.202011040924/tools/bin/../lib/gcc/arm-none-eabi/7.3.1/thumb/v8-m.main/fpv5-sp/hard\libgcc.a
LOAD c:/st/stm32cubeide_1.5.0/stm32cubeide/plugins/com.st.stm32cube.ide.mcu.externaltools.gnu-tools-for-stm32.7-2018-q2-update.win32_1.5.0.202011040924/tools/bin/../lib/gcc/arm-none-eabi/7.3.1/../../../../arm-none-eabi/lib/thumb/v8-m.main/fpv5-sp/hard\libc_nano.a
LOAD c:/st/stm32cubeide_1.5.0/stm32cubeide/plugins/com.st.stm32cube.ide.mcu.externaltools.gnu-tools-for-stm32.7-2018-q2-update.win32_1.5.0.202011040924/tools/bin/../lib/gcc/arm-none-eabi/7.3.1/../../../../arm-none-eabi/lib/thumb/v8-m.main/fpv5-sp/hard\libnosys.a
END GROUP
LOAD c:/st/stm32cubeide_1.5.0/stm32cubeide/plugins/com.st.stm32cube.ide.mcu.externaltools.gnu-tools-for-stm32.7-2018-q2-update.win32_1.5.0.202011040924/tools/bin/../lib/gcc/arm-none-eabi/7.3.1/thumb/v8-m.main/fpv5-sp/hard/crtend.o
LOAD c:/st/stm32cubeide_1.5.0/stm32cubeide/plugins/com.st.stm32cube.ide.mcu.externaltools.gnu-tools-for-stm32.7-2018-q2-update.win32_1.5.0.202011040924/tools/bin/../lib/gcc/arm-none-eabi/7.3.1/thumb/v8-m.main/fpv5-sp/hard/crtn.o
                0x0000000000000200                __heap_size__ = 0x200
                0x0000000000000400                __psp_stack_size__ = 0x400
                0x0000000000000400                __msp_stack_size__ = 0x400
START GROUP
LOAD c:/st/stm32cubeide_1.5.0/stm32cubeide/plugins/com.st.stm32cube.ide.mcu.externaltools.gnu-tools-for-stm32.7-2018-q2-update.win32_1.5.0.202011040924/tools/bin/../lib/gcc/arm-none-eabi/7.3.1/thumb/v8-m.main/fpv5-sp/hard\libgcc.a
LOAD c:/st/stm32cubeide_1.5.0/stm32cubeide/plugins/com.st.stm32cube.ide.mcu.externaltools.gnu-tools-for-stm32.7-2018-q2-update.win32_1.5.0.202011040924/tools/bin/../lib/gcc/arm-none-eabi/7.3.1/../../../../arm-none-eabi/lib/thumb/v8-m.main/fpv5-sp/hard\libc.a
LOAD c:/st/stm32cubeide_1.5.0/stm32cubeide/plugins/com.st.stm32cube.ide.mcu.externaltools.gnu-tools-for-stm32.7-2018-q2-update.win32_1.5.0.202011040924/tools/bin/../lib/gcc/arm-none-eabi/7.3.1/../../../../arm-none-eabi/lib/thumb/v8-m.main/fpv5-sp/hard\libm.a
LOAD c:/st/stm32cubeide_1.5.0/stm32cubeide/plugins/com.st.stm32cube.ide.mcu.externaltools.gnu-tools-for-stm32.7-2018-q2-update.win32_1.5.0.202011040924/tools/bin/../lib/gcc/arm-none-eabi/7.3.1/../../../../arm-none-eabi/lib/thumb/v8-m.main/fpv5-sp/hard\libnosys.a
END GROUP

.text           0x000000000807a000     0x4cf8
 *(.vectors)
 .vectors       0x000000000807a000      0x1f4 Application/Startup/startup_stm32l5xx_ns.o
                0x000000000807a000                __Vectors
                0x000000000807a1f4                __Vectors_End = .
                0x00000000000001f4                __Vectors_Size = (__Vectors_End - __Vectors)
                0x000000000807a1f4                __end__ = .
 *(.text*)
 .text          0x000000000807a1f4       0x40 c:/st/stm32cubeide_1.5.0/stm32cubeide/plugins/com.st.stm32cube.ide.mcu.externaltools.gnu-tools-for-stm32.7-2018-q2-update.win32_1.5.0.202011040924/tools/bin/../lib/gcc/arm-none-eabi/7.3.1/thumb/v8-m.main/fpv5-sp/hard/crtbegin.o
 .text          0x000000000807a234       0x74 c:/st/stm32cubeide_1.5.0/stm32cubeide/plugins/com.st.stm32cube.ide.mcu.externaltools.gnu-tools-for-stm32.7-2018-q2-update.win32_1.5.0.202011040924/tools/bin/../lib/gcc/arm-none-eabi/7.3.1/../../../../arm-none-eabi/lib/thumb/v8-m.main/fpv5-sp/hard/crt0.o
                0x000000000807a234                _start
                0x000000000807a234                _mainCRTStartup
 .text          0x000000000807a2a8      0x218 Application/Startup/startup_stm32l5xx_ns.o
                0x000000000807a2a8                Reset_Handler
                0x000000000807a2f8                NMI_Handler
                0x000000000807a2fc                HardFault_Handler
                0x000000000807a300                MemManage_Handler
                0x000000000807a304                BusFault_Handler
                0x000000000807a308                UsageFault_Handler
                0x000000000807a30c                SecureFault_Handler
                0x000000000807a310                SVC_Handler
                0x000000000807a314                DebugMon_Handler
                0x000000000807a318                PendSV_Handler
                0x000000000807a31c                SysTick_Handler
                0x000000000807a320                WWDG_IRQHandler
                0x000000000807a324                PVD_PVM_IRQHandler
                0x000000000807a328                RTC_IRQHandler
                0x000000000807a32c                RTC_IRQHandler_S
                0x000000000807a330                TAMP_IRQHandler
                0x000000000807a334                TAMP_IRQHandler_S
                0x000000000807a338                FLASH_IRQHandler
                0x000000000807a33c                FLASH_IRQHandler_S
                0x000000000807a340                SERR_IRQHandler
                0x000000000807a344                RCC_IRQHandler
                0x000000000807a348                RCC_IRQHandler_S
                0x000000000807a34c                EXTI0_IRQHandler
                0x000000000807a350                EXTI1_IRQHandler
                0x000000000807a354                EXTI2_IRQHandler
                0x000000000807a358                EXTI3_IRQHandler
                0x000000000807a35c                EXTI4_IRQHandler
                0x000000000807a360                EXTI5_IRQHandler
                0x000000000807a364                EXTI6_IRQHandler
                0x000000000807a368                EXTI7_IRQHandler
                0x000000000807a36c                EXTI8_IRQHandler
                0x000000000807a370                EXTI9_IRQHandler
                0x000000000807a374                EXTI10_IRQHandler
                0x000000000807a378                EXTI11_IRQHandler
                0x000000000807a37c                EXTI12_IRQHandler
                0x000000000807a380                EXTI13_IRQHandler
                0x000000000807a384                EXTI14_IRQHandler
                0x000000000807a388                EXTI15_IRQHandler
                0x000000000807a38c                DMAMUX1_IRQHandler
                0x000000000807a390                DMAMUX1_IRQHandler_S
                0x000000000807a394                DMA1_Channel1_IRQHandler
                0x000000000807a398                DMA1_Channel2_IRQHandler
                0x000000000807a39c                DMA1_Channel3_IRQHandler
                0x000000000807a3a0                DMA1_Channel4_IRQHandler
                0x000000000807a3a4                DMA1_Channel5_IRQHandler
                0x000000000807a3a8                DMA1_Channel6_IRQHandler
                0x000000000807a3ac                DMA1_Channel7_IRQHandler
                0x000000000807a3b0                DMA1_Channel8_IRQHandler
                0x000000000807a3b4                ADC1_2_IRQHandler
                0x000000000807a3b8                DAC_IRQHandler
                0x000000000807a3bc                FDCAN1_IT0_IRQHandler
                0x000000000807a3c0                FDCAN1_IT1_IRQHandler
                0x000000000807a3c4                TIM1_BRK_IRQHandler
                0x000000000807a3c8                TIM1_UP_IRQHandler
                0x000000000807a3cc                TIM1_TRG_COM_IRQHandler
                0x000000000807a3d0                TIM1_CC_IRQHandler
                0x000000000807a3d4                TIM2_IRQHandler
                0x000000000807a3d8                TIM3_IRQHandler
                0x000000000807a3dc                TIM4_IRQHandler
                0x000000000807a3e0                TIM5_IRQHandler
                0x000000000807a3e4                TIM6_IRQHandler
                0x000000000807a3e8                TIM7_IRQHandler
                0x000000000807a3ec                TIM8_BRK_IRQHandler
                0x000000000807a3f0                TIM8_UP_IRQHandler
                0x000000000807a3f4                TIM8_TRG_COM_IRQHandler
                0x000000000807a3f8                TIM8_CC_IRQHandler
                0x000000000807a3fc                I2C1_EV_IRQHandler
                0x000000000807a400                I2C1_ER_IRQHandler
                0x000000000807a404                I2C2_EV_IRQHandler
                0x000000000807a408                I2C2_ER_IRQHandler
                0x000000000807a40c                SPI1_IRQHandler
                0x000000000807a410                SPI2_IRQHandler
                0x000000000807a414                USART1_IRQHandler
                0x000000000807a418                USART2_IRQHandler
                0x000000000807a41c                USART3_IRQHandler
                0x000000000807a420                UART4_IRQHandler
                0x000000000807a424                UART5_IRQHandler
                0x000000000807a428                LPUART1_IRQHandler
                0x000000000807a42c                LPTIM1_IRQHandler
                0x000000000807a430                LPTIM2_IRQHandler
                0x000000000807a434                TIM15_IRQHandler
                0x000000000807a438                TIM16_IRQHandler
                0x000000000807a43c                TIM17_IRQHandler
                0x000000000807a440                COMP_IRQHandler
                0x000000000807a444                USB_FS_IRQHandler
                0x000000000807a448                CRS_IRQHandler
                0x000000000807a44c                FMC_IRQHandler
                0x000000000807a450                OCTOSPI1_IRQHandler
                0x000000000807a454                SDMMC1_IRQHandler
                0x000000000807a458                DMA2_Channel1_IRQHandler
                0x000000000807a45c                DMA2_Channel2_IRQHandler
                0x000000000807a460                DMA2_Channel3_IRQHandler
                0x000000000807a464                DMA2_Channel4_IRQHandler
                0x000000000807a468                DMA2_Channel5_IRQHandler
                0x000000000807a46c                DMA2_Channel6_IRQHandler
                0x000000000807a470                DMA2_Channel7_IRQHandler
                0x000000000807a474                DMA2_Channel8_IRQHandler
                0x000000000807a478                I2C3_EV_IRQHandler
                0x000000000807a47c                I2C3_ER_IRQHandler
                0x000000000807a480                SAI1_IRQHandler
                0x000000000807a484                SAI2_IRQHandler
                0x000000000807a488                TSC_IRQHandler
                0x000000000807a48c                RNG_IRQHandler
                0x000000000807a490                FPU_IRQHandler
                0x000000000807a494                LPTIM3_IRQHandler
                0x000000000807a498                SPI3_IRQHandler
                0x000000000807a49c                I2C4_ER_IRQHandler
                0x000000000807a4a0                I2C4_EV_IRQHandler
                0x000000000807a4a4                DFSDM1_FLT0_IRQHandler
                0x000000000807a4a8                DFSDM1_FLT1_IRQHandler
                0x000000000807a4ac                DFSDM1_FLT2_IRQHandler
                0x000000000807a4b0                DFSDM1_FLT3_IRQHandler
                0x000000000807a4b4                UCPD1_IRQHandler
                0x000000000807a4b8                ICACHE_IRQHandler
                0x000000000807a4bc                OTFDEC1_IRQHandler
 .text.COM_Init
                0x000000000807a4c0       0x50 Application/User/com.o
                0x000000000807a4c0                COM_Init
 .text.HAL_UART_MspInit
                0x000000000807a510       0x88 Application/User/com.o
                0x000000000807a510                HAL_UART_MspInit
 .text.COM_Transmit
                0x000000000807a598       0x10 Application/User/com.o
                0x000000000807a598                COM_Transmit
 .text.COM_Receive
                0x000000000807a5a8       0x10 Application/User/com.o
                0x000000000807a5a8                COM_Receive
 .text.COM_Flush
                0x000000000807a5b8       0x1c Application/User/com.o
                0x000000000807a5b8                COM_Flush
 .text.Str2Int  0x000000000807a5d4       0x9c Application/User/common.o
                0x000000000807a5d4                Str2Int
 .text.Serial_PutByte
                0x000000000807a670       0x18 Application/User/common.o
                0x000000000807a670                Serial_PutByte
 .text.FW_UPDATE_PrintWelcome
                0x000000000807a688       0x30 Application/User/fw_update_app.o
 .text.FW_UPDATE_DownloadNewFirmware.constprop.0
                0x000000000807a6b8       0xe4 Application/User/fw_update_app.o
 .text.FW_UPDATE_Run
                0x000000000807a79c      0x10c Application/User/fw_update_app.o
                0x000000000807a79c                FW_UPDATE_Run
 .text.Ymodem_HeaderPktRxCpltCallback
                0x000000000807a8a8       0x30 Application/User/fw_update_app.o
                0x000000000807a8a8                Ymodem_HeaderPktRxCpltCallback
 .text.Ymodem_DataPktRxCpltCallback
                0x000000000807a8d8       0x84 Application/User/fw_update_app.o
                0x000000000807a8d8                Ymodem_DataPktRxCpltCallback
 .text.Ospi_Flash_GetVersion
                0x000000000807a95c       0x14 Application/User/low_level_ospi_flash.o
 .text.Ospi_Flash_GetCapabilities
                0x000000000807a970        0x4 Application/User/low_level_ospi_flash.o
 .text.Ospi_Flash_PowerControl
                0x000000000807a974       0x16 Application/User/low_level_ospi_flash.o
 .text.Ospi_Flash_EraseChip
                0x000000000807a98a        0x6 Application/User/low_level_ospi_flash.o
 .text.Ospi_Flash_GetStatus
                0x000000000807a990        0xc Application/User/low_level_ospi_flash.o
 .text.Ospi_Flash_GetInfo
                0x000000000807a99c        0x8 Application/User/low_level_ospi_flash.o
 .text.Ospi_Flash_ReadData
                0x000000000807a9a4       0xe0 Application/User/low_level_ospi_flash.o
 .text.Ospi_Flash_Uninitialize
                0x000000000807aa84       0x12 Application/User/low_level_ospi_flash.o
 .text.Ospi_Flash_Initialize
                0x000000000807aa96       0x22 Application/User/low_level_ospi_flash.o
 .text.Ospi_Flash_EraseSector
                0x000000000807aab8       0x74 Application/User/low_level_ospi_flash.o
 .text.Ospi_Flash_ProgramData
                0x000000000807ab2c       0x7c Application/User/low_level_ospi_flash.o
 .text._write   0x000000000807aba8       0x2c Application/User/main.o
                0x000000000807aba8                _write
 .text.startup.main
                0x000000000807abd4       0x60 Application/User/main.o
                0x000000000807abd4                main
 .text.SystemInit
                0x000000000807ac34       0x14 Application/User/system_stm32l5xx.o
                0x000000000807ac34                SystemInit
 .text.SystemCoreClockUpdate
                0x000000000807ac48       0x9c Application/User/system_stm32l5xx.o
                0x000000000807ac48                SystemCoreClockUpdate
 .text.HAL_InitTick
                0x000000000807ace4       0x1c Application/User/tick.o
                0x000000000807ace4                HAL_InitTick
 .text.HAL_GetTick
                0x000000000807ad00       0x58 Application/User/tick.o
                0x000000000807ad00                HAL_GetTick
 .text.Ymodem_Init
                0x000000000807ad58       0x54 Application/User/ymodem.o
                0x000000000807ad58                Ymodem_Init
 .text.Ymodem_Receive
                0x000000000807adac      0x294 Application/User/ymodem.o
                0x000000000807adac                Ymodem_Receive
 .text.MX25LM51245G_GetFlashInfo
                0x000000000807b040       0x32 Drivers/BSP/Components/mx25lm51245g.o
                0x000000000807b040                MX25LM51245G_GetFlashInfo
 .text.MX25LM51245G_AutoPollingMemReady
                0x000000000807b072       0xdc Drivers/BSP/Components/mx25lm51245g.o
                0x000000000807b072                MX25LM51245G_AutoPollingMemReady
 .text.MX25LM51245G_ReadSTR
                0x000000000807b14e       0xb0 Drivers/BSP/Components/mx25lm51245g.o
                0x000000000807b14e                MX25LM51245G_ReadSTR
 .text.MX25LM51245G_ReadDTR
                0x000000000807b1fe       0x80 Drivers/BSP/Components/mx25lm51245g.o
                0x000000000807b1fe                MX25LM51245G_ReadDTR
 .text.MX25LM51245G_PageProgram
                0x000000000807b27e       0xa8 Drivers/BSP/Components/mx25lm51245g.o
                0x000000000807b27e                MX25LM51245G_PageProgram
 .text.MX25LM51245G_PageProgramDTR
                0x000000000807b326       0x76 Drivers/BSP/Components/mx25lm51245g.o
                0x000000000807b326                MX25LM51245G_PageProgramDTR
 .text.MX25LM51245G_BlockErase
                0x000000000807b39c       0xba Drivers/BSP/Components/mx25lm51245g.o
                0x000000000807b39c                MX25LM51245G_BlockErase
 .text.MX25LM51245G_WriteEnable
                0x000000000807b456       0xfe Drivers/BSP/Components/mx25lm51245g.o
                0x000000000807b456                MX25LM51245G_WriteEnable
 .text.MX25LM51245G_ReadStatusRegister
                0x000000000807b554       0xc6 Drivers/BSP/Components/mx25lm51245g.o
                0x000000000807b554                MX25LM51245G_ReadStatusRegister
 .text.MX25LM51245G_WriteCfg2Register
                0x000000000807b61a       0xba Drivers/BSP/Components/mx25lm51245g.o
                0x000000000807b61a                MX25LM51245G_WriteCfg2Register
 .text.MX25LM51245G_ReadCfg2Register
                0x000000000807b6d4       0xca Drivers/BSP/Components/mx25lm51245g.o
                0x000000000807b6d4                MX25LM51245G_ReadCfg2Register
 .text.MX25LM51245G_ReadSecurityRegister
                0x000000000807b79e       0xc6 Drivers/BSP/Components/mx25lm51245g.o
                0x000000000807b79e                MX25LM51245G_ReadSecurityRegister
 .text.MX25LM51245G_ResetEnable
                0x000000000807b864       0x5e Drivers/BSP/Components/mx25lm51245g.o
                0x000000000807b864                MX25LM51245G_ResetEnable
 .text.MX25LM51245G_ResetMemory
                0x000000000807b8c2       0x5e Drivers/BSP/Components/mx25lm51245g.o
                0x000000000807b8c2                MX25LM51245G_ResetMemory
 .text.OSPI_NOR_EnterSOPIMode.constprop.4
                0x000000000807b920       0x90 Drivers/BSP/STM32L562E-DK/stm32l562e_discovery_ospi.o
 .text.OSPI_NOR_EnterDOPIMode.constprop.5
                0x000000000807b9b0       0xa8 Drivers/BSP/STM32L562E-DK/stm32l562e_discovery_ospi.o
 .text.MX_OSPI_NOR_Init
                0x000000000807ba58       0x40 Drivers/BSP/STM32L562E-DK/stm32l562e_discovery_ospi.o
                0x000000000807ba58                MX_OSPI_NOR_Init
 .text.BSP_OSPI_NOR_Read
                0x000000000807ba98       0x40 Drivers/BSP/STM32L562E-DK/stm32l562e_discovery_ospi.o
                0x000000000807ba98                BSP_OSPI_NOR_Read
 .text.BSP_OSPI_NOR_Write
                0x000000000807bad8       0xa8 Drivers/BSP/STM32L562E-DK/stm32l562e_discovery_ospi.o
                0x000000000807bad8                BSP_OSPI_NOR_Write
 .text.BSP_OSPI_NOR_Erase_Block
                0x000000000807bb80       0x50 Drivers/BSP/STM32L562E-DK/stm32l562e_discovery_ospi.o
                0x000000000807bb80                BSP_OSPI_NOR_Erase_Block
 .text.BSP_OSPI_NOR_GetStatus
                0x000000000807bbd0       0x60 Drivers/BSP/STM32L562E-DK/stm32l562e_discovery_ospi.o
                0x000000000807bbd0                BSP_OSPI_NOR_GetStatus
 .text.BSP_OSPI_NOR_DisableMemoryMappedMode
                0x000000000807bc30       0x34 Drivers/BSP/STM32L562E-DK/stm32l562e_discovery_ospi.o
                0x000000000807bc30                BSP_OSPI_NOR_DisableMemoryMappedMode
 .text.BSP_OSPI_NOR_DeInit
                0x000000000807bc64       0xcc Drivers/BSP/STM32L562E-DK/stm32l562e_discovery_ospi.o
                0x000000000807bc64                BSP_OSPI_NOR_DeInit
 .text.BSP_OSPI_NOR_ConfigFlash
                0x000000000807bd30       0xdc Drivers/BSP/STM32L562E-DK/stm32l562e_discovery_ospi.o
                0x000000000807bd30                BSP_OSPI_NOR_ConfigFlash
 .text.BSP_OSPI_NOR_Init
                0x000000000807be0c      0x290 Drivers/BSP/STM32L562E-DK/stm32l562e_discovery_ospi.o
                0x000000000807be0c                BSP_OSPI_NOR_Init
 .text.HAL_MspInit
                0x000000000807c09c        0x2 Drivers/STM32L5xx_HAL_Driver/stm32l5xx_hal.o
                0x000000000807c09c                HAL_MspInit
 .text.HAL_Init
                0x000000000807c09e       0x22 Drivers/STM32L5xx_HAL_Driver/stm32l5xx_hal.o
                0x000000000807c09e                HAL_Init
 .text.HAL_Delay
                0x000000000807c0c0       0x24 Drivers/STM32L5xx_HAL_Driver/stm32l5xx_hal.o
                0x000000000807c0c0                HAL_Delay
 .text.HAL_NVIC_SetPriorityGrouping
                0x000000000807c0e4       0x24 Drivers/STM32L5xx_HAL_Driver/stm32l5xx_hal_cortex.o
                0x000000000807c0e4                HAL_NVIC_SetPriorityGrouping
 .text.CRC_Handle_8
                0x000000000807c108       0x6a Drivers/STM32L5xx_HAL_Driver/stm32l5xx_hal_crc.o
 .text.CRC_Handle_16
                0x000000000807c172       0x2e Drivers/STM32L5xx_HAL_Driver/stm32l5xx_hal_crc.o
 .text.HAL_CRC_MspInit
                0x000000000807c1a0        0x2 Drivers/STM32L5xx_HAL_Driver/stm32l5xx_hal_crc.o
                0x000000000807c1a0                HAL_CRC_MspInit
 *fill*         0x000000000807c1a2        0x2 
 .text.HAL_CRC_Init
                0x000000000807c1a4       0x74 Drivers/STM32L5xx_HAL_Driver/stm32l5xx_hal_crc.o
                0x000000000807c1a4                HAL_CRC_Init
 .text.HAL_CRC_Calculate
                0x000000000807c218       0x48 Drivers/STM32L5xx_HAL_Driver/stm32l5xx_hal_crc.o
                0x000000000807c218                HAL_CRC_Calculate
 .text.HAL_CRCEx_Polynomial_Set
                0x000000000807c260       0x44 Drivers/STM32L5xx_HAL_Driver/stm32l5xx_hal_crc_ex.o
                0x000000000807c260                HAL_CRCEx_Polynomial_Set
 .text.HAL_DMA_Abort
                0x000000000807c2a4       0x68 Drivers/STM32L5xx_HAL_Driver/stm32l5xx_hal_dma.o
                0x000000000807c2a4                HAL_DMA_Abort
 .text.HAL_GPIO_Init
                0x000000000807c30c      0x190 Drivers/STM32L5xx_HAL_Driver/stm32l5xx_hal_gpio.o
                0x000000000807c30c                HAL_GPIO_Init
 .text.HAL_GPIO_DeInit
                0x000000000807c49c      0x11c Drivers/STM32L5xx_HAL_Driver/stm32l5xx_hal_gpio.o
                0x000000000807c49c                HAL_GPIO_DeInit
 .text.OSPI_ConfigCmd
                0x000000000807c5b8      0x1b0 Drivers/STM32L5xx_HAL_Driver/stm32l5xx_hal_ospi.o
 .text.OSPI_WaitFlagStateUntilTimeout
                0x000000000807c768       0x4a Drivers/STM32L5xx_HAL_Driver/stm32l5xx_hal_ospi.o
 .text.HAL_OSPI_MspInit
                0x000000000807c7b2        0x2 Drivers/STM32L5xx_HAL_Driver/stm32l5xx_hal_ospi.o
                0x000000000807c7b2                HAL_OSPI_MspInit
 .text.HAL_OSPI_Init
                0x000000000807c7b4       0xe0 Drivers/STM32L5xx_HAL_Driver/stm32l5xx_hal_ospi.o
                0x000000000807c7b4                HAL_OSPI_Init
 .text.HAL_OSPI_MspDeInit
                0x000000000807c894        0x2 Drivers/STM32L5xx_HAL_Driver/stm32l5xx_hal_ospi.o
                0x000000000807c894                HAL_OSPI_MspDeInit
 .text.HAL_OSPI_DeInit
                0x000000000807c896       0x26 Drivers/STM32L5xx_HAL_Driver/stm32l5xx_hal_ospi.o
                0x000000000807c896                HAL_OSPI_DeInit
 .text.HAL_OSPI_Command
                0x000000000807c8bc       0x9e Drivers/STM32L5xx_HAL_Driver/stm32l5xx_hal_ospi.o
                0x000000000807c8bc                HAL_OSPI_Command
 .text.HAL_OSPI_Transmit
                0x000000000807c95a       0x88 Drivers/STM32L5xx_HAL_Driver/stm32l5xx_hal_ospi.o
                0x000000000807c95a                HAL_OSPI_Transmit
 .text.HAL_OSPI_Receive
                0x000000000807c9e2       0xac Drivers/STM32L5xx_HAL_Driver/stm32l5xx_hal_ospi.o
                0x000000000807c9e2                HAL_OSPI_Receive
 .text.HAL_OSPI_AutoPolling
                0x000000000807ca8e       0xa4 Drivers/STM32L5xx_HAL_Driver/stm32l5xx_hal_ospi.o
                0x000000000807ca8e                HAL_OSPI_AutoPolling
 .text.HAL_OSPI_Abort
                0x000000000807cb32       0x7e Drivers/STM32L5xx_HAL_Driver/stm32l5xx_hal_ospi.o
                0x000000000807cb32                HAL_OSPI_Abort
 .text.HAL_RCC_GetSysClockFreq
                0x000000000807cbb0       0x9c Drivers/STM32L5xx_HAL_Driver/stm32l5xx_hal_rcc.o
                0x000000000807cbb0                HAL_RCC_GetSysClockFreq
 .text.HAL_RCC_GetHCLKFreq
                0x000000000807cc4c       0x20 Drivers/STM32L5xx_HAL_Driver/stm32l5xx_hal_rcc.o
                0x000000000807cc4c                HAL_RCC_GetHCLKFreq
 .text.HAL_RCC_GetPCLK1Freq
                0x000000000807cc6c       0x20 Drivers/STM32L5xx_HAL_Driver/stm32l5xx_hal_rcc.o
                0x000000000807cc6c                HAL_RCC_GetPCLK1Freq
 .text.HAL_RCC_GetPCLK2Freq
                0x000000000807cc8c       0x20 Drivers/STM32L5xx_HAL_Driver/stm32l5xx_hal_rcc.o
                0x000000000807cc8c                HAL_RCC_GetPCLK2Freq
 .text.UART_SetConfig
                0x000000000807ccac      0x2e8 Drivers/STM32L5xx_HAL_Driver/stm32l5xx_hal_uart.o
                0x000000000807ccac                UART_SetConfig
 .text.UART_AdvFeatureConfig
                0x000000000807cf94       0xaa Drivers/STM32L5xx_HAL_Driver/stm32l5xx_hal_uart.o
                0x000000000807cf94                UART_AdvFeatureConfig
 .text.UART_WaitOnFlagUntilTimeout
                0x000000000807d03e       0x8e Drivers/STM32L5xx_HAL_Driver/stm32l5xx_hal_uart.o
                0x000000000807d03e                UART_WaitOnFlagUntilTimeout
 .text.HAL_UART_Transmit
                0x000000000807d0cc       0xb8 Drivers/STM32L5xx_HAL_Driver/stm32l5xx_hal_uart.o
                0x000000000807d0cc                HAL_UART_Transmit
 .text.HAL_UART_Receive
                0x000000000807d184       0xee Drivers/STM32L5xx_HAL_Driver/stm32l5xx_hal_uart.o
                0x000000000807d184                HAL_UART_Receive
 .text.UART_CheckIdleState
                0x000000000807d272       0x68 Drivers/STM32L5xx_HAL_Driver/stm32l5xx_hal_uart.o
                0x000000000807d272                UART_CheckIdleState
 .text.HAL_UART_Init
                0x000000000807d2da       0x60 Drivers/STM32L5xx_HAL_Driver/stm32l5xx_hal_uart.o
                0x000000000807d2da                HAL_UART_Init
 *fill*         0x000000000807d33a        0x2 
 .text.exit     0x000000000807d33c       0x28 c:/st/stm32cubeide_1.5.0/stm32cubeide/plugins/com.st.stm32cube.ide.mcu.externaltools.gnu-tools-for-stm32.7-2018-q2-update.win32_1.5.0.202011040924/tools/bin/../lib/gcc/arm-none-eabi/7.3.1/../../../../arm-none-eabi/lib/thumb/v8-m.main/fpv5-sp/hard\libc_nano.a(lib_a-exit.o)
                0x000000000807d33c                exit
 .text.__libc_init_array
                0x000000000807d364       0x48 c:/st/stm32cubeide_1.5.0/stm32cubeide/plugins/com.st.stm32cube.ide.mcu.externaltools.gnu-tools-for-stm32.7-2018-q2-update.win32_1.5.0.202011040924/tools/bin/../lib/gcc/arm-none-eabi/7.3.1/../../../../arm-none-eabi/lib/thumb/v8-m.main/fpv5-sp/hard\libc_nano.a(lib_a-init.o)
                0x000000000807d364                __libc_init_array
 .text.memset   0x000000000807d3ac       0x10 c:/st/stm32cubeide_1.5.0/stm32cubeide/plugins/com.st.stm32cube.ide.mcu.externaltools.gnu-tools-for-stm32.7-2018-q2-update.win32_1.5.0.202011040924/tools/bin/../lib/gcc/arm-none-eabi/7.3.1/../../../../arm-none-eabi/lib/thumb/v8-m.main/fpv5-sp/hard\libc_nano.a(lib_a-memset.o)
                0x000000000807d3ac                memset
 .text.printf   0x000000000807d3bc       0x30 c:/st/stm32cubeide_1.5.0/stm32cubeide/plugins/com.st.stm32cube.ide.mcu.externaltools.gnu-tools-for-stm32.7-2018-q2-update.win32_1.5.0.202011040924/tools/bin/../lib/gcc/arm-none-eabi/7.3.1/../../../../arm-none-eabi/lib/thumb/v8-m.main/fpv5-sp/hard\libc_nano.a(lib_a-printf.o)
                0x000000000807d3bc                iprintf
                0x000000000807d3bc                printf
 .text._puts_r  0x000000000807d3ec       0xb8 c:/st/stm32cubeide_1.5.0/stm32cubeide/plugins/com.st.stm32cube.ide.mcu.externaltools.gnu-tools-for-stm32.7-2018-q2-update.win32_1.5.0.202011040924/tools/bin/../lib/gcc/arm-none-eabi/7.3.1/../../../../arm-none-eabi/lib/thumb/v8-m.main/fpv5-sp/hard\libc_nano.a(lib_a-puts.o)
                0x000000000807d3ec                _puts_r
 .text.puts     0x000000000807d4a4       0x10 c:/st/stm32cubeide_1.5.0/stm32cubeide/plugins/com.st.stm32cube.ide.mcu.externaltools.gnu-tools-for-stm32.7-2018-q2-update.win32_1.5.0.202011040924/tools/bin/../lib/gcc/arm-none-eabi/7.3.1/../../../../arm-none-eabi/lib/thumb/v8-m.main/fpv5-sp/hard\libc_nano.a(lib_a-puts.o)
                0x000000000807d4a4                puts
 .text.setvbuf  0x000000000807d4b4      0x158 c:/st/stm32cubeide_1.5.0/stm32cubeide/plugins/com.st.stm32cube.ide.mcu.externaltools.gnu-tools-for-stm32.7-2018-q2-update.win32_1.5.0.202011040924/tools/bin/../lib/gcc/arm-none-eabi/7.3.1/../../../../arm-none-eabi/lib/thumb/v8-m.main/fpv5-sp/hard\libc_nano.a(lib_a-setvbuf.o)
                0x000000000807d4b4                setvbuf
 .text.__swbuf_r
                0x000000000807d60c       0xa4 c:/st/stm32cubeide_1.5.0/stm32cubeide/plugins/com.st.stm32cube.ide.mcu.externaltools.gnu-tools-for-stm32.7-2018-q2-update.win32_1.5.0.202011040924/tools/bin/../lib/gcc/arm-none-eabi/7.3.1/../../../../arm-none-eabi/lib/thumb/v8-m.main/fpv5-sp/hard\libc_nano.a(lib_a-wbuf.o)
                0x000000000807d60c                __swbuf_r
 .text.__swsetup_r
                0x000000000807d6b0       0xdc c:/st/stm32cubeide_1.5.0/stm32cubeide/plugins/com.st.stm32cube.ide.mcu.externaltools.gnu-tools-for-stm32.7-2018-q2-update.win32_1.5.0.202011040924/tools/bin/../lib/gcc/arm-none-eabi/7.3.1/../../../../arm-none-eabi/lib/thumb/v8-m.main/fpv5-sp/hard\libc_nano.a(lib_a-wsetup.o)
                0x000000000807d6b0                __swsetup_r
 .text.__sflush_r
                0x000000000807d78c      0x108 c:/st/stm32cubeide_1.5.0/stm32cubeide/plugins/com.st.stm32cube.ide.mcu.externaltools.gnu-tools-for-stm32.7-2018-q2-update.win32_1.5.0.202011040924/tools/bin/../lib/gcc/arm-none-eabi/7.3.1/../../../../arm-none-eabi/lib/thumb/v8-m.main/fpv5-sp/hard\libc_nano.a(lib_a-fflush.o)
                0x000000000807d78c                __sflush_r
 .text._fflush_r
                0x000000000807d894       0x54 c:/st/stm32cubeide_1.5.0/stm32cubeide/plugins/com.st.stm32cube.ide.mcu.externaltools.gnu-tools-for-stm32.7-2018-q2-update.win32_1.5.0.202011040924/tools/bin/../lib/gcc/arm-none-eabi/7.3.1/../../../../arm-none-eabi/lib/thumb/v8-m.main/fpv5-sp/hard\libc_nano.a(lib_a-fflush.o)
                0x000000000807d894                _fflush_r
 .text.std      0x000000000807d8e8       0x48 c:/st/stm32cubeide_1.5.0/stm32cubeide/plugins/com.st.stm32cube.ide.mcu.externaltools.gnu-tools-for-stm32.7-2018-q2-update.win32_1.5.0.202011040924/tools/bin/../lib/gcc/arm-none-eabi/7.3.1/../../../../arm-none-eabi/lib/thumb/v8-m.main/fpv5-sp/hard\libc_nano.a(lib_a-findfp.o)
 .text._cleanup_r
                0x000000000807d930        0xc c:/st/stm32cubeide_1.5.0/stm32cubeide/plugins/com.st.stm32cube.ide.mcu.externaltools.gnu-tools-for-stm32.7-2018-q2-update.win32_1.5.0.202011040924/tools/bin/../lib/gcc/arm-none-eabi/7.3.1/../../../../arm-none-eabi/lib/thumb/v8-m.main/fpv5-sp/hard\libc_nano.a(lib_a-findfp.o)
                0x000000000807d930                _cleanup_r
 .text.__sfmoreglue
                0x000000000807d93c       0x2c c:/st/stm32cubeide_1.5.0/stm32cubeide/plugins/com.st.stm32cube.ide.mcu.externaltools.gnu-tools-for-stm32.7-2018-q2-update.win32_1.5.0.202011040924/tools/bin/../lib/gcc/arm-none-eabi/7.3.1/../../../../arm-none-eabi/lib/thumb/v8-m.main/fpv5-sp/hard\libc_nano.a(lib_a-findfp.o)
                0x000000000807d93c                __sfmoreglue
 .text.__sinit  0x000000000807d968       0x60 c:/st/stm32cubeide_1.5.0/stm32cubeide/plugins/com.st.stm32cube.ide.mcu.externaltools.gnu-tools-for-stm32.7-2018-q2-update.win32_1.5.0.202011040924/tools/bin/../lib/gcc/arm-none-eabi/7.3.1/../../../../arm-none-eabi/lib/thumb/v8-m.main/fpv5-sp/hard\libc_nano.a(lib_a-findfp.o)
                0x000000000807d968                __sinit
 .text.__sfp    0x000000000807d9c8       0x78 c:/st/stm32cubeide_1.5.0/stm32cubeide/plugins/com.st.stm32cube.ide.mcu.externaltools.gnu-tools-for-stm32.7-2018-q2-update.win32_1.5.0.202011040924/tools/bin/../lib/gcc/arm-none-eabi/7.3.1/../../../../arm-none-eabi/lib/thumb/v8-m.main/fpv5-sp/hard\libc_nano.a(lib_a-findfp.o)
                0x000000000807d9c8                __sfp
 .text._fwalk_reent
                0x000000000807da40       0x3c c:/st/stm32cubeide_1.5.0/stm32cubeide/plugins/com.st.stm32cube.ide.mcu.externaltools.gnu-tools-for-stm32.7-2018-q2-update.win32_1.5.0.202011040924/tools/bin/../lib/gcc/arm-none-eabi/7.3.1/../../../../arm-none-eabi/lib/thumb/v8-m.main/fpv5-sp/hard\libc_nano.a(lib_a-fwalk.o)
                0x000000000807da40                _fwalk_reent
 .text.__swhatbuf_r
                0x000000000807da7c       0x48 c:/st/stm32cubeide_1.5.0/stm32cubeide/plugins/com.st.stm32cube.ide.mcu.externaltools.gnu-tools-for-stm32.7-2018-q2-update.win32_1.5.0.202011040924/tools/bin/../lib/gcc/arm-none-eabi/7.3.1/../../../../arm-none-eabi/lib/thumb/v8-m.main/fpv5-sp/hard\libc_nano.a(lib_a-makebuf.o)
                0x000000000807da7c                __swhatbuf_r
 .text.__smakebuf_r
                0x000000000807dac4       0x80 c:/st/stm32cubeide_1.5.0/stm32cubeide/plugins/com.st.stm32cube.ide.mcu.externaltools.gnu-tools-for-stm32.7-2018-q2-update.win32_1.5.0.202011040924/tools/bin/../lib/gcc/arm-none-eabi/7.3.1/../../../../arm-none-eabi/lib/thumb/v8-m.main/fpv5-sp/hard\libc_nano.a(lib_a-makebuf.o)
                0x000000000807dac4                __smakebuf_r
 .text.malloc   0x000000000807db44       0x10 c:/st/stm32cubeide_1.5.0/stm32cubeide/plugins/com.st.stm32cube.ide.mcu.externaltools.gnu-tools-for-stm32.7-2018-q2-update.win32_1.5.0.202011040924/tools/bin/../lib/gcc/arm-none-eabi/7.3.1/../../../../arm-none-eabi/lib/thumb/v8-m.main/fpv5-sp/hard\libc_nano.a(lib_a-malloc.o)
                0x000000000807db44                malloc
 .text._free_r  0x000000000807db54       0x9c c:/st/stm32cubeide_1.5.0/stm32cubeide/plugins/com.st.stm32cube.ide.mcu.externaltools.gnu-tools-for-stm32.7-2018-q2-update.win32_1.5.0.202011040924/tools/bin/../lib/gcc/arm-none-eabi/7.3.1/../../../../arm-none-eabi/lib/thumb/v8-m.main/fpv5-sp/hard\libc_nano.a(lib_a-nano-freer.o)
                0x000000000807db54                _free_r
 .text._malloc_r
                0x000000000807dbf0       0xb4 c:/st/stm32cubeide_1.5.0/stm32cubeide/plugins/com.st.stm32cube.ide.mcu.externaltools.gnu-tools-for-stm32.7-2018-q2-update.win32_1.5.0.202011040924/tools/bin/../lib/gcc/arm-none-eabi/7.3.1/../../../../arm-none-eabi/lib/thumb/v8-m.main/fpv5-sp/hard\libc_nano.a(lib_a-nano-mallocr.o)
                0x000000000807dbf0                _malloc_r
 .text.__sfputc_r
                0x000000000807dca4       0x2e c:/st/stm32cubeide_1.5.0/stm32cubeide/plugins/com.st.stm32cube.ide.mcu.externaltools.gnu-tools-for-stm32.7-2018-q2-update.win32_1.5.0.202011040924/tools/bin/../lib/gcc/arm-none-eabi/7.3.1/../../../../arm-none-eabi/lib/thumb/v8-m.main/fpv5-sp/hard\libc_nano.a(lib_a-nano-vfprintf.o)
 .text.__sfputs_r
                0x000000000807dcd2       0x24 c:/st/stm32cubeide_1.5.0/stm32cubeide/plugins/com.st.stm32cube.ide.mcu.externaltools.gnu-tools-for-stm32.7-2018-q2-update.win32_1.5.0.202011040924/tools/bin/../lib/gcc/arm-none-eabi/7.3.1/../../../../arm-none-eabi/lib/thumb/v8-m.main/fpv5-sp/hard\libc_nano.a(lib_a-nano-vfprintf.o)
                0x000000000807dcd2                __sfputs_r
 *fill*         0x000000000807dcf6        0x2 
 .text._vfprintf_r
                0x000000000807dcf8      0x22c c:/st/stm32cubeide_1.5.0/stm32cubeide/plugins/com.st.stm32cube.ide.mcu.externaltools.gnu-tools-for-stm32.7-2018-q2-update.win32_1.5.0.202011040924/tools/bin/../lib/gcc/arm-none-eabi/7.3.1/../../../../arm-none-eabi/lib/thumb/v8-m.main/fpv5-sp/hard\libc_nano.a(lib_a-nano-vfprintf.o)
                0x000000000807dcf8                _vfprintf_r
                0x000000000807dcf8                _vfiprintf_r
 .text._printf_common
                0x000000000807df24       0xf0 c:/st/stm32cubeide_1.5.0/stm32cubeide/plugins/com.st.stm32cube.ide.mcu.externaltools.gnu-tools-for-stm32.7-2018-q2-update.win32_1.5.0.202011040924/tools/bin/../lib/gcc/arm-none-eabi/7.3.1/../../../../arm-none-eabi/lib/thumb/v8-m.main/fpv5-sp/hard\libc_nano.a(lib_a-nano-vfprintf_i.o)
                0x000000000807df24                _printf_common
 .text._printf_i
                0x000000000807e014      0x224 c:/st/stm32cubeide_1.5.0/stm32cubeide/plugins/com.st.stm32cube.ide.mcu.externaltools.gnu-tools-for-stm32.7-2018-q2-update.win32_1.5.0.202011040924/tools/bin/../lib/gcc/arm-none-eabi/7.3.1/../../../../arm-none-eabi/lib/thumb/v8-m.main/fpv5-sp/hard\libc_nano.a(lib_a-nano-vfprintf_i.o)
                0x000000000807e014                _printf_i
 .text._sbrk_r  0x000000000807e238       0x20 c:/st/stm32cubeide_1.5.0/stm32cubeide/plugins/com.st.stm32cube.ide.mcu.externaltools.gnu-tools-for-stm32.7-2018-q2-update.win32_1.5.0.202011040924/tools/bin/../lib/gcc/arm-none-eabi/7.3.1/../../../../arm-none-eabi/lib/thumb/v8-m.main/fpv5-sp/hard\libc_nano.a(lib_a-sbrkr.o)
                0x000000000807e238                _sbrk_r
 .text.__sread  0x000000000807e258       0x22 c:/st/stm32cubeide_1.5.0/stm32cubeide/plugins/com.st.stm32cube.ide.mcu.externaltools.gnu-tools-for-stm32.7-2018-q2-update.win32_1.5.0.202011040924/tools/bin/../lib/gcc/arm-none-eabi/7.3.1/../../../../arm-none-eabi/lib/thumb/v8-m.main/fpv5-sp/hard\libc_nano.a(lib_a-stdio.o)
                0x000000000807e258                __sread
 .text.__swrite
                0x000000000807e27a       0x38 c:/st/stm32cubeide_1.5.0/stm32cubeide/plugins/com.st.stm32cube.ide.mcu.externaltools.gnu-tools-for-stm32.7-2018-q2-update.win32_1.5.0.202011040924/tools/bin/../lib/gcc/arm-none-eabi/7.3.1/../../../../arm-none-eabi/lib/thumb/v8-m.main/fpv5-sp/hard\libc_nano.a(lib_a-stdio.o)
                0x000000000807e27a                __swrite
 .text.__sseek  0x000000000807e2b2       0x24 c:/st/stm32cubeide_1.5.0/stm32cubeide/plugins/com.st.stm32cube.ide.mcu.externaltools.gnu-tools-for-stm32.7-2018-q2-update.win32_1.5.0.202011040924/tools/bin/../lib/gcc/arm-none-eabi/7.3.1/../../../../arm-none-eabi/lib/thumb/v8-m.main/fpv5-sp/hard\libc_nano.a(lib_a-stdio.o)
                0x000000000807e2b2                __sseek
 .text.__sclose
                0x000000000807e2d6        0x8 c:/st/stm32cubeide_1.5.0/stm32cubeide/plugins/com.st.stm32cube.ide.mcu.externaltools.gnu-tools-for-stm32.7-2018-q2-update.win32_1.5.0.202011040924/tools/bin/../lib/gcc/arm-none-eabi/7.3.1/../../../../arm-none-eabi/lib/thumb/v8-m.main/fpv5-sp/hard\libc_nano.a(lib_a-stdio.o)
                0x000000000807e2d6                __sclose
 *fill*         0x000000000807e2de        0x2 
 .text._write_r
                0x000000000807e2e0       0x24 c:/st/stm32cubeide_1.5.0/stm32cubeide/plugins/com.st.stm32cube.ide.mcu.externaltools.gnu-tools-for-stm32.7-2018-q2-update.win32_1.5.0.202011040924/tools/bin/../lib/gcc/arm-none-eabi/7.3.1/../../../../arm-none-eabi/lib/thumb/v8-m.main/fpv5-sp/hard\libc_nano.a(lib_a-writer.o)
                0x000000000807e2e0                _write_r
 .text._close_r
                0x000000000807e304       0x20 c:/st/stm32cubeide_1.5.0/stm32cubeide/plugins/com.st.stm32cube.ide.mcu.externaltools.gnu-tools-for-stm32.7-2018-q2-update.win32_1.5.0.202011040924/tools/bin/../lib/gcc/arm-none-eabi/7.3.1/../../../../arm-none-eabi/lib/thumb/v8-m.main/fpv5-sp/hard\libc_nano.a(lib_a-closer.o)
                0x000000000807e304                _close_r
 .text._fstat_r
                0x000000000807e324       0x24 c:/st/stm32cubeide_1.5.0/stm32cubeide/plugins/com.st.stm32cube.ide.mcu.externaltools.gnu-tools-for-stm32.7-2018-q2-update.win32_1.5.0.202011040924/tools/bin/../lib/gcc/arm-none-eabi/7.3.1/../../../../arm-none-eabi/lib/thumb/v8-m.main/fpv5-sp/hard\libc_nano.a(lib_a-fstatr.o)
                0x000000000807e324                _fstat_r
 .text._isatty_r
                0x000000000807e348       0x20 c:/st/stm32cubeide_1.5.0/stm32cubeide/plugins/com.st.stm32cube.ide.mcu.externaltools.gnu-tools-for-stm32.7-2018-q2-update.win32_1.5.0.202011040924/tools/bin/../lib/gcc/arm-none-eabi/7.3.1/../../../../arm-none-eabi/lib/thumb/v8-m.main/fpv5-sp/hard\libc_nano.a(lib_a-isattyr.o)
                0x000000000807e348                _isatty_r
 .text._lseek_r
                0x000000000807e368       0x24 c:/st/stm32cubeide_1.5.0/stm32cubeide/plugins/com.st.stm32cube.ide.mcu.externaltools.gnu-tools-for-stm32.7-2018-q2-update.win32_1.5.0.202011040924/tools/bin/../lib/gcc/arm-none-eabi/7.3.1/../../../../arm-none-eabi/lib/thumb/v8-m.main/fpv5-sp/hard\libc_nano.a(lib_a-lseekr.o)
                0x000000000807e368                _lseek_r
 .text.memchr   0x000000000807e38c       0x1c c:/st/stm32cubeide_1.5.0/stm32cubeide/plugins/com.st.stm32cube.ide.mcu.externaltools.gnu-tools-for-stm32.7-2018-q2-update.win32_1.5.0.202011040924/tools/bin/../lib/gcc/arm-none-eabi/7.3.1/../../../../arm-none-eabi/lib/thumb/v8-m.main/fpv5-sp/hard\libc_nano.a(lib_a-memchr-stub.o)
                0x000000000807e38c                memchr
 .text.__malloc_lock
                0x000000000807e3a8        0x2 c:/st/stm32cubeide_1.5.0/stm32cubeide/plugins/com.st.stm32cube.ide.mcu.externaltools.gnu-tools-for-stm32.7-2018-q2-update.win32_1.5.0.202011040924/tools/bin/../lib/gcc/arm-none-eabi/7.3.1/../../../../arm-none-eabi/lib/thumb/v8-m.main/fpv5-sp/hard\libc_nano.a(lib_a-mlock.o)
                0x000000000807e3a8                __malloc_lock
 .text.__malloc_unlock
                0x000000000807e3aa        0x2 c:/st/stm32cubeide_1.5.0/stm32cubeide/plugins/com.st.stm32cube.ide.mcu.externaltools.gnu-tools-for-stm32.7-2018-q2-update.win32_1.5.0.202011040924/tools/bin/../lib/gcc/arm-none-eabi/7.3.1/../../../../arm-none-eabi/lib/thumb/v8-m.main/fpv5-sp/hard\libc_nano.a(lib_a-mlock.o)
                0x000000000807e3aa                __malloc_unlock
 .text._read_r  0x000000000807e3ac       0x24 c:/st/stm32cubeide_1.5.0/stm32cubeide/plugins/com.st.stm32cube.ide.mcu.externaltools.gnu-tools-for-stm32.7-2018-q2-update.win32_1.5.0.202011040924/tools/bin/../lib/gcc/arm-none-eabi/7.3.1/../../../../arm-none-eabi/lib/thumb/v8-m.main/fpv5-sp/hard\libc_nano.a(lib_a-readr.o)
                0x000000000807e3ac                _read_r
 .text          0x000000000807e3d0       0x30 c:/st/stm32cubeide_1.5.0/stm32cubeide/plugins/com.st.stm32cube.ide.mcu.externaltools.gnu-tools-for-stm32.7-2018-q2-update.win32_1.5.0.202011040924/tools/bin/../lib/gcc/arm-none-eabi/7.3.1/thumb/v8-m.main/fpv5-sp/hard\libgcc.a(_aeabi_uldivmod.o)
                0x000000000807e3d0                __aeabi_uldivmod
 .text          0x000000000807e400      0x2e0 c:/st/stm32cubeide_1.5.0/stm32cubeide/plugins/com.st.stm32cube.ide.mcu.externaltools.gnu-tools-for-stm32.7-2018-q2-update.win32_1.5.0.202011040924/tools/bin/../lib/gcc/arm-none-eabi/7.3.1/thumb/v8-m.main/fpv5-sp/hard\libgcc.a(_udivmoddi4.o)
                0x000000000807e400                __udivmoddi4
 .text          0x000000000807e6e0        0x4 c:/st/stm32cubeide_1.5.0/stm32cubeide/plugins/com.st.stm32cube.ide.mcu.externaltools.gnu-tools-for-stm32.7-2018-q2-update.win32_1.5.0.202011040924/tools/bin/../lib/gcc/arm-none-eabi/7.3.1/thumb/v8-m.main/fpv5-sp/hard\libgcc.a(_dvmd_tls.o)
                0x000000000807e6e0                __aeabi_idiv0
                0x000000000807e6e0                __aeabi_ldiv0
 .text._close   0x000000000807e6e4       0x10 c:/st/stm32cubeide_1.5.0/stm32cubeide/plugins/com.st.stm32cube.ide.mcu.externaltools.gnu-tools-for-stm32.7-2018-q2-update.win32_1.5.0.202011040924/tools/bin/../lib/gcc/arm-none-eabi/7.3.1/../../../../arm-none-eabi/lib/thumb/v8-m.main/fpv5-sp/hard\libnosys.a(close.o)
                0x000000000807e6e4                _close
 .text._fstat   0x000000000807e6f4       0x10 c:/st/stm32cubeide_1.5.0/stm32cubeide/plugins/com.st.stm32cube.ide.mcu.externaltools.gnu-tools-for-stm32.7-2018-q2-update.win32_1.5.0.202011040924/tools/bin/../lib/gcc/arm-none-eabi/7.3.1/../../../../arm-none-eabi/lib/thumb/v8-m.main/fpv5-sp/hard\libnosys.a(fstat.o)
                0x000000000807e6f4                _fstat
 .text._isatty  0x000000000807e704       0x10 c:/st/stm32cubeide_1.5.0/stm32cubeide/plugins/com.st.stm32cube.ide.mcu.externaltools.gnu-tools-for-stm32.7-2018-q2-update.win32_1.5.0.202011040924/tools/bin/../lib/gcc/arm-none-eabi/7.3.1/../../../../arm-none-eabi/lib/thumb/v8-m.main/fpv5-sp/hard\libnosys.a(isatty.o)
                0x000000000807e704                _isatty
 .text._lseek   0x000000000807e714       0x10 c:/st/stm32cubeide_1.5.0/stm32cubeide/plugins/com.st.stm32cube.ide.mcu.externaltools.gnu-tools-for-stm32.7-2018-q2-update.win32_1.5.0.202011040924/tools/bin/../lib/gcc/arm-none-eabi/7.3.1/../../../../arm-none-eabi/lib/thumb/v8-m.main/fpv5-sp/hard\libnosys.a(lseek.o)
                0x000000000807e714                _lseek
 .text._read    0x000000000807e724       0x10 c:/st/stm32cubeide_1.5.0/stm32cubeide/plugins/com.st.stm32cube.ide.mcu.externaltools.gnu-tools-for-stm32.7-2018-q2-update.win32_1.5.0.202011040924/tools/bin/../lib/gcc/arm-none-eabi/7.3.1/../../../../arm-none-eabi/lib/thumb/v8-m.main/fpv5-sp/hard\libnosys.a(read.o)
                0x000000000807e724                _read
 .text._sbrk    0x000000000807e734       0x1c c:/st/stm32cubeide_1.5.0/stm32cubeide/plugins/com.st.stm32cube.ide.mcu.externaltools.gnu-tools-for-stm32.7-2018-q2-update.win32_1.5.0.202011040924/tools/bin/../lib/gcc/arm-none-eabi/7.3.1/../../../../arm-none-eabi/lib/thumb/v8-m.main/fpv5-sp/hard\libnosys.a(sbrk.o)
                0x000000000807e734                _sbrk
 .text._exit    0x000000000807e750        0x2 c:/st/stm32cubeide_1.5.0/stm32cubeide/plugins/com.st.stm32cube.ide.mcu.externaltools.gnu-tools-for-stm32.7-2018-q2-update.win32_1.5.0.202011040924/tools/bin/../lib/gcc/arm-none-eabi/7.3.1/../../../../arm-none-eabi/lib/thumb/v8-m.main/fpv5-sp/hard\libnosys.a(_exit.o)
                0x000000000807e750                _exit
 *(.init)
 *fill*         0x000000000807e752        0x2 
 .init          0x000000000807e754        0x4 c:/st/stm32cubeide_1.5.0/stm32cubeide/plugins/com.st.stm32cube.ide.mcu.externaltools.gnu-tools-for-stm32.7-2018-q2-update.win32_1.5.0.202011040924/tools/bin/../lib/gcc/arm-none-eabi/7.3.1/thumb/v8-m.main/fpv5-sp/hard/crti.o
                0x000000000807e754                _init
 .init          0x000000000807e758        0x8 c:/st/stm32cubeide_1.5.0/stm32cubeide/plugins/com.st.stm32cube.ide.mcu.externaltools.gnu-tools-for-stm32.7-2018-q2-update.win32_1.5.0.202011040924/tools/bin/../lib/gcc/arm-none-eabi/7.3.1/thumb/v8-m.main/fpv5-sp/hard/crtn.o
 *(.fini)
 .fini          0x000000000807e760        0x4 c:/st/stm32cubeide_1.5.0/stm32cubeide/plugins/com.st.stm32cube.ide.mcu.externaltools.gnu-tools-for-stm32.7-2018-q2-update.win32_1.5.0.202011040924/tools/bin/../lib/gcc/arm-none-eabi/7.3.1/thumb/v8-m.main/fpv5-sp/hard/crti.o
                0x000000000807e760                _fini
 .fini          0x000000000807e764        0x8 c:/st/stm32cubeide_1.5.0/stm32cubeide/plugins/com.st.stm32cube.ide.mcu.externaltools.gnu-tools-for-stm32.7-2018-q2-update.win32_1.5.0.202011040924/tools/bin/../lib/gcc/arm-none-eabi/7.3.1/thumb/v8-m.main/fpv5-sp/hard/crtn.o
 *crtbegin.o(.ctors)
 *crtbegin?.o(.ctors)
 *(EXCLUDE_FILE(*crtend.o *crtend?.o) .ctors)
 *(SORT_BY_NAME(.ctors.*))
 *(.ctors)
 *crtbegin.o(.dtors)
 *crtbegin?.o(.dtors)
 *(EXCLUDE_FILE(*crtend.o *crtend?.o) .dtors)
 *(SORT_BY_NAME(.dtors.*))
 *(.dtors)
 *(.rodata*)
 .rodata.FW_UPDATE_DownloadNewFirmware.constprop.0.str1.1
                0x000000000807e76c      0x106 Application/User/fw_update_app.o
                                        0x109 (size before relaxing)
 .rodata.FW_UPDATE_PrintWelcome.str1.1
                0x000000000807e872       0xf9 Application/User/fw_update_app.o
 .rodata.FW_UPDATE_Run.str1.1
                0x000000000807e96b       0xb8 Application/User/fw_update_app.o
 *fill*         0x000000000807ea23        0x1 
 .rodata.MagicTrailerValue
                0x000000000807ea24       0x10 Application/User/fw_update_app.o
                0x000000000807ea24                MagicTrailerValue
 .rodata.ARM_OSPI_FLASH0_DEV_DATA
                0x000000000807ea34       0x18 Application/User/low_level_ospi_flash.o
 .rodata.DriverVersion
                0x000000000807ea4c        0x4 Application/User/low_level_ospi_flash.o
 .rodata.TFM_Driver_OSPI_FLASH0
                0x000000000807ea50       0x2c Application/User/low_level_ospi_flash.o
                0x000000000807ea50                TFM_Driver_OSPI_FLASH0
 .rodata.main.str1.1
                0x000000000807ea7c      0x143 Application/User/main.o
 .rodata.AHBPrescTable
                0x000000000807ebbf       0x10 Application/User/system_stm32l5xx.o
                0x000000000807ebbf                AHBPrescTable
 .rodata.APBPrescTable
                0x000000000807ebcf        0x8 Application/User/system_stm32l5xx.o
                0x000000000807ebcf                APBPrescTable
 *fill*         0x000000000807ebd7        0x1 
 .rodata.MSIRangeTable
                0x000000000807ebd8       0x40 Application/User/system_stm32l5xx.o
                0x000000000807ebd8                MSIRangeTable
 .rodata.Ymodem_Receive.str1.1
                0x000000000807ec18       0x18 Application/User/ymodem.o
 .rodata.CSWTCH.58
                0x000000000807ec30        0x4 Drivers/STM32L5xx_HAL_Driver/stm32l5xx_hal_uart.o
 .rodata.CSWTCH.59
                0x000000000807ec34        0xd Drivers/STM32L5xx_HAL_Driver/stm32l5xx_hal_uart.o
 *fill*         0x000000000807ec41        0x1 
 .rodata.UARTPrescTable
                0x000000000807ec42       0x18 Drivers/STM32L5xx_HAL_Driver/stm32l5xx_hal_uart.o
                0x000000000807ec42                UARTPrescTable
 *fill*         0x000000000807ec5a        0x2 
 .rodata._global_impure_ptr
                0x000000000807ec5c        0x4 c:/st/stm32cubeide_1.5.0/stm32cubeide/plugins/com.st.stm32cube.ide.mcu.externaltools.gnu-tools-for-stm32.7-2018-q2-update.win32_1.5.0.202011040924/tools/bin/../lib/gcc/arm-none-eabi/7.3.1/../../../../arm-none-eabi/lib/thumb/v8-m.main/fpv5-sp/hard\libc_nano.a(lib_a-impure.o)
                0x000000000807ec5c                _global_impure_ptr
 .rodata.__sf_fake_stderr
                0x000000000807ec60       0x20 c:/st/stm32cubeide_1.5.0/stm32cubeide/plugins/com.st.stm32cube.ide.mcu.externaltools.gnu-tools-for-stm32.7-2018-q2-update.win32_1.5.0.202011040924/tools/bin/../lib/gcc/arm-none-eabi/7.3.1/../../../../arm-none-eabi/lib/thumb/v8-m.main/fpv5-sp/hard\libc_nano.a(lib_a-findfp.o)
                0x000000000807ec60                __sf_fake_stderr
 .rodata.__sf_fake_stdin
                0x000000000807ec80       0x20 c:/st/stm32cubeide_1.5.0/stm32cubeide/plugins/com.st.stm32cube.ide.mcu.externaltools.gnu-tools-for-stm32.7-2018-q2-update.win32_1.5.0.202011040924/tools/bin/../lib/gcc/arm-none-eabi/7.3.1/../../../../arm-none-eabi/lib/thumb/v8-m.main/fpv5-sp/hard\libc_nano.a(lib_a-findfp.o)
                0x000000000807ec80                __sf_fake_stdin
 .rodata.__sf_fake_stdout
                0x000000000807eca0       0x20 c:/st/stm32cubeide_1.5.0/stm32cubeide/plugins/com.st.stm32cube.ide.mcu.externaltools.gnu-tools-for-stm32.7-2018-q2-update.win32_1.5.0.202011040924/tools/bin/../lib/gcc/arm-none-eabi/7.3.1/../../../../arm-none-eabi/lib/thumb/v8-m.main/fpv5-sp/hard\libc_nano.a(lib_a-findfp.o)
                0x000000000807eca0                __sf_fake_stdout
 .rodata._vfprintf_r.str1.1
                0x000000000807ecc0       0x11 c:/st/stm32cubeide_1.5.0/stm32cubeide/plugins/com.st.stm32cube.ide.mcu.externaltools.gnu-tools-for-stm32.7-2018-q2-update.win32_1.5.0.202011040924/tools/bin/../lib/gcc/arm-none-eabi/7.3.1/../../../../arm-none-eabi/lib/thumb/v8-m.main/fpv5-sp/hard\libc_nano.a(lib_a-nano-vfprintf.o)
 .rodata._printf_i.str1.1
                0x000000000807ecd1       0x22 c:/st/stm32cubeide_1.5.0/stm32cubeide/plugins/com.st.stm32cube.ide.mcu.externaltools.gnu-tools-for-stm32.7-2018-q2-update.win32_1.5.0.202011040924/tools/bin/../lib/gcc/arm-none-eabi/7.3.1/../../../../arm-none-eabi/lib/thumb/v8-m.main/fpv5-sp/hard\libc_nano.a(lib_a-nano-vfprintf_i.o)
 *(.eh_frame*)
 *fill*         0x000000000807ecf3        0x1 
 .eh_frame      0x000000000807ecf4        0x0 c:/st/stm32cubeide_1.5.0/stm32cubeide/plugins/com.st.stm32cube.ide.mcu.externaltools.gnu-tools-for-stm32.7-2018-q2-update.win32_1.5.0.202011040924/tools/bin/../lib/gcc/arm-none-eabi/7.3.1/thumb/v8-m.main/fpv5-sp/hard/crtbegin.o
 .eh_frame      0x000000000807ecf4        0x4 c:/st/stm32cubeide_1.5.0/stm32cubeide/plugins/com.st.stm32cube.ide.mcu.externaltools.gnu-tools-for-stm32.7-2018-q2-update.win32_1.5.0.202011040924/tools/bin/../lib/gcc/arm-none-eabi/7.3.1/thumb/v8-m.main/fpv5-sp/hard/crtend.o

.glue_7         0x000000000807ecf8        0x0
 .glue_7        0x000000000807ecf8        0x0 linker stubs

.glue_7t        0x000000000807ecf8        0x0
 .glue_7t       0x000000000807ecf8        0x0 linker stubs

.vfp11_veneer   0x000000000807ecf8        0x0
 .vfp11_veneer  0x000000000807ecf8        0x0 linker stubs

.v4_bx          0x000000000807ecf8        0x0
 .v4_bx         0x000000000807ecf8        0x0 linker stubs

.iplt           0x000000000807ecf8        0x0
 .iplt          0x000000000807ecf8        0x0 c:/st/stm32cubeide_1.5.0/stm32cubeide/plugins/com.st.stm32cube.ide.mcu.externaltools.gnu-tools-for-stm32.7-2018-q2-update.win32_1.5.0.202011040924/tools/bin/../lib/gcc/arm-none-eabi/7.3.1/thumb/v8-m.main/fpv5-sp/hard/crtbegin.o

.ARM.extab
 *(.ARM.extab* .gnu.linkonce.armextab.*)
                0x000000000807ecf8                __exidx_start = .

.ARM.exidx      0x000000000807ecf8        0x8
 *(.ARM.exidx* .gnu.linkonce.armexidx.*)
 .ARM.exidx     0x000000000807ecf8        0x8 c:/st/stm32cubeide_1.5.0/stm32cubeide/plugins/com.st.stm32cube.ide.mcu.externaltools.gnu-tools-for-stm32.7-2018-q2-update.win32_1.5.0.202011040924/tools/bin/../lib/gcc/arm-none-eabi/7.3.1/../../../../arm-none-eabi/lib/thumb/v8-m.main/fpv5-sp/hard/crt0.o
 .ARM.exidx     0x000000000807ed00        0x0 c:/st/stm32cubeide_1.5.0/stm32cubeide/plugins/com.st.stm32cube.ide.mcu.externaltools.gnu-tools-for-stm32.7-2018-q2-update.win32_1.5.0.202011040924/tools/bin/../lib/gcc/arm-none-eabi/7.3.1/thumb/v8-m.main/fpv5-sp/hard\libgcc.a(_udivmoddi4.o)
                                          0x8 (size before relaxing)
                0x000000000807ed00                __exidx_end = .

.rel.dyn        0x000000000807ed00        0x0
 .rel.iplt      0x000000000807ed00        0x0 c:/st/stm32cubeide_1.5.0/stm32cubeide/plugins/com.st.stm32cube.ide.mcu.externaltools.gnu-tools-for-stm32.7-2018-q2-update.win32_1.5.0.202011040924/tools/bin/../lib/gcc/arm-none-eabi/7.3.1/thumb/v8-m.main/fpv5-sp/hard/crtbegin.o

.copy.table     0x000000000807ed00       0x18
                0x000000000807ed00                . = ALIGN (0x4)
                0x000000000807ed00                __copy_table_start__ = .
                0x000000000807ed00        0x4 LONG 0x807ed28 __etext
                0x000000000807ed04        0x4 LONG 0x20000000 __data_start__
                0x000000000807ed08        0x4 LONG 0x98 (__data_end__ - __data_start__)
                0x000000000807ed0c        0x4 LONG 0x0 DEFINED (__etext2)?__etext2:0x0
                0x000000000807ed10        0x4 LONG 0x0 DEFINED (__data2_start__)?__data2_start__:0x0
                0x000000000807ed14        0x4 LONG 0x0 DEFINED (__data2_start__)?(__data2_end__ - __data2_start__):0x0
                0x000000000807ed18                __copy_table_end__ = .

.zero.table     0x000000000807ed18       0x10
                0x000000000807ed18                . = ALIGN (0x4)
                0x000000000807ed18                __zero_table_start__ = .
                0x000000000807ed18        0x4 LONG 0x20000098 __bss_start__
                0x000000000807ed1c        0x4 LONG 0x5b0 (__bss_end__ - __bss_start__)
                0x000000000807ed20        0x4 LONG 0x0 DEFINED (__bss2_start__)?__bss2_start__:0x0
                0x000000000807ed24        0x4 LONG 0x0 DEFINED (__bss2_start__)?(__bss2_end__ - __bss2_start__):0x0
                0x000000000807ed28                __zero_table_end__ = .
                0x000000000807ed28                __etext = .

.data           0x0000000020000000       0x98 load address 0x000000000807ed28
                0x0000000020000000                __data_start__ = .
 *(vtable)
 *(.data*)
 .data.OSPI_FLASH0_DEV
                0x0000000020000000       0x14 Application/User/low_level_ospi_device.o
                0x0000000020000000                OSPI_FLASH0_DEV
 .data.erase_vect
                0x0000000020000014        0x8 Application/User/low_level_ospi_device.o
 .data.write_vect
                0x000000002000001c        0x8 Application/User/low_level_ospi_device.o
 .data.SystemCoreClock
                0x0000000020000024        0x4 Application/User/system_stm32l5xx.o
                0x0000000020000024                SystemCoreClock
 .data.uwTickFreq
                0x0000000020000028        0x1 Drivers/STM32L5xx_HAL_Driver/stm32l5xx_hal.o
                0x0000000020000028                uwTickFreq
 *fill*         0x0000000020000029        0x3 
 .data._impure_ptr
                0x000000002000002c        0x4 c:/st/stm32cubeide_1.5.0/stm32cubeide/plugins/com.st.stm32cube.ide.mcu.externaltools.gnu-tools-for-stm32.7-2018-q2-update.win32_1.5.0.202011040924/tools/bin/../lib/gcc/arm-none-eabi/7.3.1/../../../../arm-none-eabi/lib/thumb/v8-m.main/fpv5-sp/hard\libc_nano.a(lib_a-impure.o)
                0x000000002000002c                _impure_ptr
 .data.impure_data
                0x0000000020000030       0x60 c:/st/stm32cubeide_1.5.0/stm32cubeide/plugins/com.st.stm32cube.ide.mcu.externaltools.gnu-tools-for-stm32.7-2018-q2-update.win32_1.5.0.202011040924/tools/bin/../lib/gcc/arm-none-eabi/7.3.1/../../../../arm-none-eabi/lib/thumb/v8-m.main/fpv5-sp/hard\libc_nano.a(lib_a-impure.o)
                0x0000000020000090                . = ALIGN (0x4)
                0x0000000020000090                PROVIDE (__preinit_array_start = .)
 *(.preinit_array)
                0x0000000020000090                PROVIDE (__preinit_array_end = .)
                0x0000000020000090                . = ALIGN (0x4)
                0x0000000020000090                PROVIDE (__init_array_start = .)
 *(SORT_BY_NAME(.init_array.*))
 *(.init_array)
 .init_array    0x0000000020000090        0x4 c:/st/stm32cubeide_1.5.0/stm32cubeide/plugins/com.st.stm32cube.ide.mcu.externaltools.gnu-tools-for-stm32.7-2018-q2-update.win32_1.5.0.202011040924/tools/bin/../lib/gcc/arm-none-eabi/7.3.1/thumb/v8-m.main/fpv5-sp/hard/crtbegin.o
                0x0000000020000094                PROVIDE (__init_array_end = .)
                0x0000000020000094                . = ALIGN (0x4)
                [!provide]                        PROVIDE (__fini_array_start = .)
 *(SORT_BY_NAME(.fini_array.*))
 *(.fini_array)
 .fini_array    0x0000000020000094        0x4 c:/st/stm32cubeide_1.5.0/stm32cubeide/plugins/com.st.stm32cube.ide.mcu.externaltools.gnu-tools-for-stm32.7-2018-q2-update.win32_1.5.0.202011040924/tools/bin/../lib/gcc/arm-none-eabi/7.3.1/thumb/v8-m.main/fpv5-sp/hard/crtbegin.o
                [!provide]                        PROVIDE (__fini_array_end = .)
 *(.jcr*)
                0x0000000020000098                . = ALIGN (0x4)
                0x0000000020000098                __data_end__ = .

.igot.plt       0x0000000020000098        0x0 load address 0x000000000807edc0
 .igot.plt      0x0000000020000098        0x0 c:/st/stm32cubeide_1.5.0/stm32cubeide/plugins/com.st.stm32cube.ide.mcu.externaltools.gnu-tools-for-stm32.7-2018-q2-update.win32_1.5.0.202011040924/tools/bin/../lib/gcc/arm-none-eabi/7.3.1/thumb/v8-m.main/fpv5-sp/hard/crtbegin.o

.bss            0x0000000020000098      0x5b0 load address 0x000000000807edc0
                0x0000000020000098                . = ALIGN (0x4)
                0x0000000020000098                __bss_start__ = .
 *(.bss*)
 .bss           0x0000000020000098       0x1c c:/st/stm32cubeide_1.5.0/stm32cubeide/plugins/com.st.stm32cube.ide.mcu.externaltools.gnu-tools-for-stm32.7-2018-q2-update.win32_1.5.0.202011040924/tools/bin/../lib/gcc/arm-none-eabi/7.3.1/thumb/v8-m.main/fpv5-sp/hard/crtbegin.o
 .bss.UartHandle
                0x00000000200000b4       0x90 Application/User/com.o
 .bss.m_uFileSizeYmodem
                0x0000000020000144        0x4 Application/User/fw_update_app.o
 .bss.m_uFlashMinWriteSize
                0x0000000020000148        0x4 Application/User/fw_update_app.o
 .bss.m_uFlashSectorSize
                0x000000002000014c        0x4 Application/User/fw_update_app.o
 .bss.m_uNbrBlocksYmodem
                0x0000000020000150        0x4 Application/User/fw_update_app.o
 .bss.m_uPacketsReceived
                0x0000000020000154        0x4 Application/User/fw_update_app.o
 .bss.ARM_OSPI_FLASH0_STATUS
                0x0000000020000158        0x4 Application/User/low_level_ospi_flash.o
 .bss.m_uTick.9190
                0x000000002000015c        0x4 Application/User/tick.o
 .bss.t1.9191   0x0000000020000160        0x4 Application/User/tick.o
 .bss.tdelta.9192
                0x0000000020000164        0x4 Application/User/tick.o
 .bss.CrcHandle
                0x0000000020000168       0x24 Application/User/ymodem.o
 .bss.m_aPacketData
                0x000000002000018c      0x406 Application/User/ymodem.o
 .bss.Ospi_Nor_Ctx
                0x0000000020000592        0x3 Drivers/BSP/STM32L562E-DK/stm32l562e_discovery_ospi.o
                0x0000000020000592                Ospi_Nor_Ctx
 *fill*         0x0000000020000595        0x3 
 .bss.hospi_nor
                0x0000000020000598       0x58 Drivers/BSP/STM32L562E-DK/stm32l562e_discovery_ospi.o
                0x0000000020000598                hospi_nor
 .bss.reg.9470  0x00000000200005f0        0x2 Drivers/BSP/STM32L562E-DK/stm32l562e_discovery_ospi.o
 *fill*         0x00000000200005f2        0x2 
 .bss.__malloc_free_list
                0x00000000200005f4        0x4 c:/st/stm32cubeide_1.5.0/stm32cubeide/plugins/com.st.stm32cube.ide.mcu.externaltools.gnu-tools-for-stm32.7-2018-q2-update.win32_1.5.0.202011040924/tools/bin/../lib/gcc/arm-none-eabi/7.3.1/../../../../arm-none-eabi/lib/thumb/v8-m.main/fpv5-sp/hard\libc_nano.a(lib_a-nano-mallocr.o)
                0x00000000200005f4                __malloc_free_list
 .bss.__malloc_sbrk_start
                0x00000000200005f8        0x4 c:/st/stm32cubeide_1.5.0/stm32cubeide/plugins/com.st.stm32cube.ide.mcu.externaltools.gnu-tools-for-stm32.7-2018-q2-update.win32_1.5.0.202011040924/tools/bin/../lib/gcc/arm-none-eabi/7.3.1/../../../../arm-none-eabi/lib/thumb/v8-m.main/fpv5-sp/hard\libc_nano.a(lib_a-nano-mallocr.o)
                0x00000000200005f8                __malloc_sbrk_start
 .bss.heap_end.5377
                0x00000000200005fc        0x4 c:/st/stm32cubeide_1.5.0/stm32cubeide/plugins/com.st.stm32cube.ide.mcu.externaltools.gnu-tools-for-stm32.7-2018-q2-update.win32_1.5.0.202011040924/tools/bin/../lib/gcc/arm-none-eabi/7.3.1/../../../../arm-none-eabi/lib/thumb/v8-m.main/fpv5-sp/hard\libnosys.a(sbrk.o)
 *(COMMON)
 COMMON         0x0000000020000600       0x41 Application/User/ymodem.o
                0x0000000020000600                m_aFileName
 *fill*         0x0000000020000641        0x3 
 COMMON         0x0000000020000644        0x4 c:/st/stm32cubeide_1.5.0/stm32cubeide/plugins/com.st.stm32cube.ide.mcu.externaltools.gnu-tools-for-stm32.7-2018-q2-update.win32_1.5.0.202011040924/tools/bin/../lib/gcc/arm-none-eabi/7.3.1/../../../../arm-none-eabi/lib/thumb/v8-m.main/fpv5-sp/hard\libc_nano.a(lib_a-reent.o)
                0x0000000020000644                errno
                0x0000000020000648                . = ALIGN (0x4)
                0x0000000020000648                __bss_end__ = .
                0x00000000000005b0                bss_size = (__bss_end__ - __bss_start__)

.msp_stack      0x0000000020000660      0x400 load address 0x000000000807f3a0
                0x0000000020000a60                . = (. + __msp_stack_size__)
 *fill*         0x0000000020000660      0x400 
                0x0000000020000a60                Image$$ARM_LIB_STACK_MSP$$ZI$$Limit = (ADDR (.msp_stack) + SIZEOF (.msp_stack))

.psp_stack      0x0000000020000a60      0x400 load address 0x000000000807f7a0
                0x0000000020000e60                . = (. + __psp_stack_size__)
 *fill*         0x0000000020000a60      0x400 
                0x0000000020000a60                Image$$ARM_LIB_STACK$$ZI$$Base = ADDR (.psp_stack)
                0x0000000020000e60                Image$$ARM_LIB_STACK$$ZI$$Limit = (ADDR (.psp_stack) + SIZEOF (.psp_stack))

.heap           0x0000000020000e60      0x200 load address 0x000000000807fba0
                0x0000000020000e60                __end__ = .
                0x0000000020000e60                PROVIDE (end = .)
                0x0000000020000e60                __HeapBase = .
                0x0000000020001060                . = (. + __heap_size__)
 *fill*         0x0000000020000e60      0x200 
                0x0000000020001060                __HeapLimit = .
                0x0000000020001060                __heap_limit = .
                0x0000000020000e60                PROVIDE (__stack = Image$$ARM_LIB_STACK$$ZI$$Limit)
OUTPUT(TFM_Loader.elf elf32-littlearm)

.ARM.attributes
                0x0000000000000000       0x36
 .ARM.attributes
                0x0000000000000000       0x26 c:/st/stm32cubeide_1.5.0/stm32cubeide/plugins/com.st.stm32cube.ide.mcu.externaltools.gnu-tools-for-stm32.7-2018-q2-update.win32_1.5.0.202011040924/tools/bin/../lib/gcc/arm-none-eabi/7.3.1/thumb/v8-m.main/fpv5-sp/hard/crti.o
 .ARM.attributes
                0x0000000000000026       0x38 c:/st/stm32cubeide_1.5.0/stm32cubeide/plugins/com.st.stm32cube.ide.mcu.externaltools.gnu-tools-for-stm32.7-2018-q2-update.win32_1.5.0.202011040924/tools/bin/../lib/gcc/arm-none-eabi/7.3.1/thumb/v8-m.main/fpv5-sp/hard/crtbegin.o
 .ARM.attributes
                0x000000000000005e       0x24 c:/st/stm32cubeide_1.5.0/stm32cubeide/plugins/com.st.stm32cube.ide.mcu.externaltools.gnu-tools-for-stm32.7-2018-q2-update.win32_1.5.0.202011040924/tools/bin/../lib/gcc/arm-none-eabi/7.3.1/../../../../arm-none-eabi/lib/thumb/v8-m.main/fpv5-sp/hard/crt0.o
 .ARM.attributes
                0x0000000000000082       0x24 Application/Startup/startup_stm32l5xx_ns.o
 .ARM.attributes
                0x00000000000000a6       0x3c Application/User/com.o
 .ARM.attributes
                0x00000000000000e2       0x3c Application/User/common.o
 .ARM.attributes
                0x000000000000011e       0x3c Application/User/fw_update_app.o
 .ARM.attributes
                0x000000000000015a       0x3c Application/User/low_level_ospi_device.o
 .ARM.attributes
                0x0000000000000196       0x3c Application/User/low_level_ospi_flash.o
 .ARM.attributes
                0x00000000000001d2       0x3c Application/User/main.o
 .ARM.attributes
                0x000000000000020e       0x3c Application/User/system_stm32l5xx.o
 .ARM.attributes
                0x000000000000024a       0x3c Application/User/tick.o
 .ARM.attributes
                0x0000000000000286       0x3c Application/User/ymodem.o
 .ARM.attributes
                0x00000000000002c2       0x3c Drivers/BSP/Components/mx25lm51245g.o
 .ARM.attributes
                0x00000000000002fe       0x3c Drivers/BSP/STM32L562E-DK/stm32l562e_discovery_ospi.o
 .ARM.attributes
                0x000000000000033a       0x3c Drivers/STM32L5xx_HAL_Driver/stm32l5xx_hal.o
 .ARM.attributes
                0x0000000000000376       0x3c Drivers/STM32L5xx_HAL_Driver/stm32l5xx_hal_cortex.o
 .ARM.attributes
                0x00000000000003b2       0x3c Drivers/STM32L5xx_HAL_Driver/stm32l5xx_hal_crc.o
 .ARM.attributes
                0x00000000000003ee       0x3c Drivers/STM32L5xx_HAL_Driver/stm32l5xx_hal_crc_ex.o
 .ARM.attributes
                0x000000000000042a       0x3c Drivers/STM32L5xx_HAL_Driver/stm32l5xx_hal_dma.o
 .ARM.attributes
                0x0000000000000466       0x3c Drivers/STM32L5xx_HAL_Driver/stm32l5xx_hal_gpio.o
 .ARM.attributes
                0x00000000000004a2       0x3c Drivers/STM32L5xx_HAL_Driver/stm32l5xx_hal_ospi.o
 .ARM.attributes
                0x00000000000004de       0x3c Drivers/STM32L5xx_HAL_Driver/stm32l5xx_hal_rcc.o
 .ARM.attributes
                0x000000000000051a       0x3c Drivers/STM32L5xx_HAL_Driver/stm32l5xx_hal_uart.o
 .ARM.attributes
                0x0000000000000556       0x38 c:/st/stm32cubeide_1.5.0/stm32cubeide/plugins/com.st.stm32cube.ide.mcu.externaltools.gnu-tools-for-stm32.7-2018-q2-update.win32_1.5.0.202011040924/tools/bin/../lib/gcc/arm-none-eabi/7.3.1/../../../../arm-none-eabi/lib/thumb/v8-m.main/fpv5-sp/hard\libc_nano.a(lib_a-exit.o)
 .ARM.attributes
                0x000000000000058e       0x38 c:/st/stm32cubeide_1.5.0/stm32cubeide/plugins/com.st.stm32cube.ide.mcu.externaltools.gnu-tools-for-stm32.7-2018-q2-update.win32_1.5.0.202011040924/tools/bin/../lib/gcc/arm-none-eabi/7.3.1/../../../../arm-none-eabi/lib/thumb/v8-m.main/fpv5-sp/hard\libc_nano.a(lib_a-impure.o)
 .ARM.attributes
                0x00000000000005c6       0x38 c:/st/stm32cubeide_1.5.0/stm32cubeide/plugins/com.st.stm32cube.ide.mcu.externaltools.gnu-tools-for-stm32.7-2018-q2-update.win32_1.5.0.202011040924/tools/bin/../lib/gcc/arm-none-eabi/7.3.1/../../../../arm-none-eabi/lib/thumb/v8-m.main/fpv5-sp/hard\libc_nano.a(lib_a-init.o)
 .ARM.attributes
                0x00000000000005fe       0x38 c:/st/stm32cubeide_1.5.0/stm32cubeide/plugins/com.st.stm32cube.ide.mcu.externaltools.gnu-tools-for-stm32.7-2018-q2-update.win32_1.5.0.202011040924/tools/bin/../lib/gcc/arm-none-eabi/7.3.1/../../../../arm-none-eabi/lib/thumb/v8-m.main/fpv5-sp/hard\libc_nano.a(lib_a-memset.o)
 .ARM.attributes
                0x0000000000000636       0x38 c:/st/stm32cubeide_1.5.0/stm32cubeide/plugins/com.st.stm32cube.ide.mcu.externaltools.gnu-tools-for-stm32.7-2018-q2-update.win32_1.5.0.202011040924/tools/bin/../lib/gcc/arm-none-eabi/7.3.1/../../../../arm-none-eabi/lib/thumb/v8-m.main/fpv5-sp/hard\libc_nano.a(lib_a-printf.o)
 .ARM.attributes
                0x000000000000066e       0x38 c:/st/stm32cubeide_1.5.0/stm32cubeide/plugins/com.st.stm32cube.ide.mcu.externaltools.gnu-tools-for-stm32.7-2018-q2-update.win32_1.5.0.202011040924/tools/bin/../lib/gcc/arm-none-eabi/7.3.1/../../../../arm-none-eabi/lib/thumb/v8-m.main/fpv5-sp/hard\libc_nano.a(lib_a-puts.o)
 .ARM.attributes
                0x00000000000006a6       0x38 c:/st/stm32cubeide_1.5.0/stm32cubeide/plugins/com.st.stm32cube.ide.mcu.externaltools.gnu-tools-for-stm32.7-2018-q2-update.win32_1.5.0.202011040924/tools/bin/../lib/gcc/arm-none-eabi/7.3.1/../../../../arm-none-eabi/lib/thumb/v8-m.main/fpv5-sp/hard\libc_nano.a(lib_a-setvbuf.o)
 .ARM.attributes
                0x00000000000006de       0x38 c:/st/stm32cubeide_1.5.0/stm32cubeide/plugins/com.st.stm32cube.ide.mcu.externaltools.gnu-tools-for-stm32.7-2018-q2-update.win32_1.5.0.202011040924/tools/bin/../lib/gcc/arm-none-eabi/7.3.1/../../../../arm-none-eabi/lib/thumb/v8-m.main/fpv5-sp/hard\libc_nano.a(lib_a-wbuf.o)
 .ARM.attributes
                0x0000000000000716       0x38 c:/st/stm32cubeide_1.5.0/stm32cubeide/plugins/com.st.stm32cube.ide.mcu.externaltools.gnu-tools-for-stm32.7-2018-q2-update.win32_1.5.0.202011040924/tools/bin/../lib/gcc/arm-none-eabi/7.3.1/../../../../arm-none-eabi/lib/thumb/v8-m.main/fpv5-sp/hard\libc_nano.a(lib_a-wsetup.o)
 .ARM.attributes
                0x000000000000074e       0x38 c:/st/stm32cubeide_1.5.0/stm32cubeide/plugins/com.st.stm32cube.ide.mcu.externaltools.gnu-tools-for-stm32.7-2018-q2-update.win32_1.5.0.202011040924/tools/bin/../lib/gcc/arm-none-eabi/7.3.1/../../../../arm-none-eabi/lib/thumb/v8-m.main/fpv5-sp/hard\libc_nano.a(lib_a-fflush.o)
 .ARM.attributes
                0x0000000000000786       0x38 c:/st/stm32cubeide_1.5.0/stm32cubeide/plugins/com.st.stm32cube.ide.mcu.externaltools.gnu-tools-for-stm32.7-2018-q2-update.win32_1.5.0.202011040924/tools/bin/../lib/gcc/arm-none-eabi/7.3.1/../../../../arm-none-eabi/lib/thumb/v8-m.main/fpv5-sp/hard\libc_nano.a(lib_a-findfp.o)
 .ARM.attributes
                0x00000000000007be       0x38 c:/st/stm32cubeide_1.5.0/stm32cubeide/plugins/com.st.stm32cube.ide.mcu.externaltools.gnu-tools-for-stm32.7-2018-q2-update.win32_1.5.0.202011040924/tools/bin/../lib/gcc/arm-none-eabi/7.3.1/../../../../arm-none-eabi/lib/thumb/v8-m.main/fpv5-sp/hard\libc_nano.a(lib_a-fwalk.o)
 .ARM.attributes
                0x00000000000007f6       0x38 c:/st/stm32cubeide_1.5.0/stm32cubeide/plugins/com.st.stm32cube.ide.mcu.externaltools.gnu-tools-for-stm32.7-2018-q2-update.win32_1.5.0.202011040924/tools/bin/../lib/gcc/arm-none-eabi/7.3.1/../../../../arm-none-eabi/lib/thumb/v8-m.main/fpv5-sp/hard\libc_nano.a(lib_a-makebuf.o)
 .ARM.attributes
                0x000000000000082e       0x38 c:/st/stm32cubeide_1.5.0/stm32cubeide/plugins/com.st.stm32cube.ide.mcu.externaltools.gnu-tools-for-stm32.7-2018-q2-update.win32_1.5.0.202011040924/tools/bin/../lib/gcc/arm-none-eabi/7.3.1/../../../../arm-none-eabi/lib/thumb/v8-m.main/fpv5-sp/hard\libc_nano.a(lib_a-malloc.o)
 .ARM.attributes
                0x0000000000000866       0x38 c:/st/stm32cubeide_1.5.0/stm32cubeide/plugins/com.st.stm32cube.ide.mcu.externaltools.gnu-tools-for-stm32.7-2018-q2-update.win32_1.5.0.202011040924/tools/bin/../lib/gcc/arm-none-eabi/7.3.1/../../../../arm-none-eabi/lib/thumb/v8-m.main/fpv5-sp/hard\libc_nano.a(lib_a-nano-freer.o)
 .ARM.attributes
                0x000000000000089e       0x38 c:/st/stm32cubeide_1.5.0/stm32cubeide/plugins/com.st.stm32cube.ide.mcu.externaltools.gnu-tools-for-stm32.7-2018-q2-update.win32_1.5.0.202011040924/tools/bin/../lib/gcc/arm-none-eabi/7.3.1/../../../../arm-none-eabi/lib/thumb/v8-m.main/fpv5-sp/hard\libc_nano.a(lib_a-nano-mallocr.o)
 .ARM.attributes
                0x00000000000008d6       0x38 c:/st/stm32cubeide_1.5.0/stm32cubeide/plugins/com.st.stm32cube.ide.mcu.externaltools.gnu-tools-for-stm32.7-2018-q2-update.win32_1.5.0.202011040924/tools/bin/../lib/gcc/arm-none-eabi/7.3.1/../../../../arm-none-eabi/lib/thumb/v8-m.main/fpv5-sp/hard\libc_nano.a(lib_a-nano-vfprintf.o)
 .ARM.attributes
                0x000000000000090e       0x38 c:/st/stm32cubeide_1.5.0/stm32cubeide/plugins/com.st.stm32cube.ide.mcu.externaltools.gnu-tools-for-stm32.7-2018-q2-update.win32_1.5.0.202011040924/tools/bin/../lib/gcc/arm-none-eabi/7.3.1/../../../../arm-none-eabi/lib/thumb/v8-m.main/fpv5-sp/hard\libc_nano.a(lib_a-nano-vfprintf_i.o)
 .ARM.attributes
                0x0000000000000946       0x38 c:/st/stm32cubeide_1.5.0/stm32cubeide/plugins/com.st.stm32cube.ide.mcu.externaltools.gnu-tools-for-stm32.7-2018-q2-update.win32_1.5.0.202011040924/tools/bin/../lib/gcc/arm-none-eabi/7.3.1/../../../../arm-none-eabi/lib/thumb/v8-m.main/fpv5-sp/hard\libc_nano.a(lib_a-sbrkr.o)
 .ARM.attributes
                0x000000000000097e       0x38 c:/st/stm32cubeide_1.5.0/stm32cubeide/plugins/com.st.stm32cube.ide.mcu.externaltools.gnu-tools-for-stm32.7-2018-q2-update.win32_1.5.0.202011040924/tools/bin/../lib/gcc/arm-none-eabi/7.3.1/../../../../arm-none-eabi/lib/thumb/v8-m.main/fpv5-sp/hard\libc_nano.a(lib_a-stdio.o)
 .ARM.attributes
                0x00000000000009b6       0x38 c:/st/stm32cubeide_1.5.0/stm32cubeide/plugins/com.st.stm32cube.ide.mcu.externaltools.gnu-tools-for-stm32.7-2018-q2-update.win32_1.5.0.202011040924/tools/bin/../lib/gcc/arm-none-eabi/7.3.1/../../../../arm-none-eabi/lib/thumb/v8-m.main/fpv5-sp/hard\libc_nano.a(lib_a-writer.o)
 .ARM.attributes
                0x00000000000009ee       0x38 c:/st/stm32cubeide_1.5.0/stm32cubeide/plugins/com.st.stm32cube.ide.mcu.externaltools.gnu-tools-for-stm32.7-2018-q2-update.win32_1.5.0.202011040924/tools/bin/../lib/gcc/arm-none-eabi/7.3.1/../../../../arm-none-eabi/lib/thumb/v8-m.main/fpv5-sp/hard\libc_nano.a(lib_a-closer.o)
 .ARM.attributes
                0x0000000000000a26       0x38 c:/st/stm32cubeide_1.5.0/stm32cubeide/plugins/com.st.stm32cube.ide.mcu.externaltools.gnu-tools-for-stm32.7-2018-q2-update.win32_1.5.0.202011040924/tools/bin/../lib/gcc/arm-none-eabi/7.3.1/../../../../arm-none-eabi/lib/thumb/v8-m.main/fpv5-sp/hard\libc_nano.a(lib_a-fstatr.o)
 .ARM.attributes
                0x0000000000000a5e       0x38 c:/st/stm32cubeide_1.5.0/stm32cubeide/plugins/com.st.stm32cube.ide.mcu.externaltools.gnu-tools-for-stm32.7-2018-q2-update.win32_1.5.0.202011040924/tools/bin/../lib/gcc/arm-none-eabi/7.3.1/../../../../arm-none-eabi/lib/thumb/v8-m.main/fpv5-sp/hard\libc_nano.a(lib_a-isattyr.o)
 .ARM.attributes
                0x0000000000000a96       0x38 c:/st/stm32cubeide_1.5.0/stm32cubeide/plugins/com.st.stm32cube.ide.mcu.externaltools.gnu-tools-for-stm32.7-2018-q2-update.win32_1.5.0.202011040924/tools/bin/../lib/gcc/arm-none-eabi/7.3.1/../../../../arm-none-eabi/lib/thumb/v8-m.main/fpv5-sp/hard\libc_nano.a(lib_a-lseekr.o)
 .ARM.attributes
                0x0000000000000ace       0x38 c:/st/stm32cubeide_1.5.0/stm32cubeide/plugins/com.st.stm32cube.ide.mcu.externaltools.gnu-tools-for-stm32.7-2018-q2-update.win32_1.5.0.202011040924/tools/bin/../lib/gcc/arm-none-eabi/7.3.1/../../../../arm-none-eabi/lib/thumb/v8-m.main/fpv5-sp/hard\libc_nano.a(lib_a-memchr-stub.o)
 .ARM.attributes
                0x0000000000000b06       0x38 c:/st/stm32cubeide_1.5.0/stm32cubeide/plugins/com.st.stm32cube.ide.mcu.externaltools.gnu-tools-for-stm32.7-2018-q2-update.win32_1.5.0.202011040924/tools/bin/../lib/gcc/arm-none-eabi/7.3.1/../../../../arm-none-eabi/lib/thumb/v8-m.main/fpv5-sp/hard\libc_nano.a(lib_a-mlock.o)
 .ARM.attributes
                0x0000000000000b3e       0x38 c:/st/stm32cubeide_1.5.0/stm32cubeide/plugins/com.st.stm32cube.ide.mcu.externaltools.gnu-tools-for-stm32.7-2018-q2-update.win32_1.5.0.202011040924/tools/bin/../lib/gcc/arm-none-eabi/7.3.1/../../../../arm-none-eabi/lib/thumb/v8-m.main/fpv5-sp/hard\libc_nano.a(lib_a-readr.o)
 .ARM.attributes
                0x0000000000000b76       0x38 c:/st/stm32cubeide_1.5.0/stm32cubeide/plugins/com.st.stm32cube.ide.mcu.externaltools.gnu-tools-for-stm32.7-2018-q2-update.win32_1.5.0.202011040924/tools/bin/../lib/gcc/arm-none-eabi/7.3.1/../../../../arm-none-eabi/lib/thumb/v8-m.main/fpv5-sp/hard\libc_nano.a(lib_a-reent.o)
 .ARM.attributes
                0x0000000000000bae       0x26 c:/st/stm32cubeide_1.5.0/stm32cubeide/plugins/com.st.stm32cube.ide.mcu.externaltools.gnu-tools-for-stm32.7-2018-q2-update.win32_1.5.0.202011040924/tools/bin/../lib/gcc/arm-none-eabi/7.3.1/thumb/v8-m.main/fpv5-sp/hard\libgcc.a(_aeabi_uldivmod.o)
 .ARM.attributes
                0x0000000000000bd4       0x38 c:/st/stm32cubeide_1.5.0/stm32cubeide/plugins/com.st.stm32cube.ide.mcu.externaltools.gnu-tools-for-stm32.7-2018-q2-update.win32_1.5.0.202011040924/tools/bin/../lib/gcc/arm-none-eabi/7.3.1/thumb/v8-m.main/fpv5-sp/hard\libgcc.a(_udivmoddi4.o)
 .ARM.attributes
                0x0000000000000c0c       0x26 c:/st/stm32cubeide_1.5.0/stm32cubeide/plugins/com.st.stm32cube.ide.mcu.externaltools.gnu-tools-for-stm32.7-2018-q2-update.win32_1.5.0.202011040924/tools/bin/../lib/gcc/arm-none-eabi/7.3.1/thumb/v8-m.main/fpv5-sp/hard\libgcc.a(_dvmd_tls.o)
 .ARM.attributes
                0x0000000000000c32       0x38 c:/st/stm32cubeide_1.5.0/stm32cubeide/plugins/com.st.stm32cube.ide.mcu.externaltools.gnu-tools-for-stm32.7-2018-q2-update.win32_1.5.0.202011040924/tools/bin/../lib/gcc/arm-none-eabi/7.3.1/../../../../arm-none-eabi/lib/thumb/v8-m.main/fpv5-sp/hard\libnosys.a(close.o)
 .ARM.attributes
                0x0000000000000c6a       0x38 c:/st/stm32cubeide_1.5.0/stm32cubeide/plugins/com.st.stm32cube.ide.mcu.externaltools.gnu-tools-for-stm32.7-2018-q2-update.win32_1.5.0.202011040924/tools/bin/../lib/gcc/arm-none-eabi/7.3.1/../../../../arm-none-eabi/lib/thumb/v8-m.main/fpv5-sp/hard\libnosys.a(fstat.o)
 .ARM.attributes
                0x0000000000000ca2       0x38 c:/st/stm32cubeide_1.5.0/stm32cubeide/plugins/com.st.stm32cube.ide.mcu.externaltools.gnu-tools-for-stm32.7-2018-q2-update.win32_1.5.0.202011040924/tools/bin/../lib/gcc/arm-none-eabi/7.3.1/../../../../arm-none-eabi/lib/thumb/v8-m.main/fpv5-sp/hard\libnosys.a(isatty.o)
 .ARM.attributes
                0x0000000000000cda       0x38 c:/st/stm32cubeide_1.5.0/stm32cubeide/plugins/com.st.stm32cube.ide.mcu.externaltools.gnu-tools-for-stm32.7-2018-q2-update.win32_1.5.0.202011040924/tools/bin/../lib/gcc/arm-none-eabi/7.3.1/../../../../arm-none-eabi/lib/thumb/v8-m.main/fpv5-sp/hard\libnosys.a(lseek.o)
 .ARM.attributes
                0x0000000000000d12       0x38 c:/st/stm32cubeide_1.5.0/stm32cubeide/plugins/com.st.stm32cube.ide.mcu.externaltools.gnu-tools-for-stm32.7-2018-q2-update.win32_1.5.0.202011040924/tools/bin/../lib/gcc/arm-none-eabi/7.3.1/../../../../arm-none-eabi/lib/thumb/v8-m.main/fpv5-sp/hard\libnosys.a(read.o)
 .ARM.attributes
                0x0000000000000d4a       0x38 c:/st/stm32cubeide_1.5.0/stm32cubeide/plugins/com.st.stm32cube.ide.mcu.externaltools.gnu-tools-for-stm32.7-2018-q2-update.win32_1.5.0.202011040924/tools/bin/../lib/gcc/arm-none-eabi/7.3.1/../../../../arm-none-eabi/lib/thumb/v8-m.main/fpv5-sp/hard\libnosys.a(sbrk.o)
 .ARM.attributes
                0x0000000000000d82       0x38 c:/st/stm32cubeide_1.5.0/stm32cubeide/plugins/com.st.stm32cube.ide.mcu.externaltools.gnu-tools-for-stm32.7-2018-q2-update.win32_1.5.0.202011040924/tools/bin/../lib/gcc/arm-none-eabi/7.3.1/../../../../arm-none-eabi/lib/thumb/v8-m.main/fpv5-sp/hard\libnosys.a(_exit.o)
 .ARM.attributes
                0x0000000000000dba       0x38 c:/st/stm32cubeide_1.5.0/stm32cubeide/plugins/com.st.stm32cube.ide.mcu.externaltools.gnu-tools-for-stm32.7-2018-q2-update.win32_1.5.0.202011040924/tools/bin/../lib/gcc/arm-none-eabi/7.3.1/thumb/v8-m.main/fpv5-sp/hard/crtend.o
 .ARM.attributes
                0x0000000000000df2       0x26 c:/st/stm32cubeide_1.5.0/stm32cubeide/plugins/com.st.stm32cube.ide.mcu.externaltools.gnu-tools-for-stm32.7-2018-q2-update.win32_1.5.0.202011040924/tools/bin/../lib/gcc/arm-none-eabi/7.3.1/thumb/v8-m.main/fpv5-sp/hard/crtn.o

.comment        0x0000000000000000       0x7b
 .comment       0x0000000000000000       0x7b Application/User/com.o
                                         0x7c (size before relaxing)
 .comment       0x000000000000007b       0x7c Application/User/common.o
 .comment       0x000000000000007b       0x7c Application/User/fw_update_app.o
 .comment       0x000000000000007b       0x7c Application/User/low_level_ospi_device.o
 .comment       0x000000000000007b       0x7c Application/User/low_level_ospi_flash.o
 .comment       0x000000000000007b       0x7c Application/User/main.o
 .comment       0x000000000000007b       0x7c Application/User/system_stm32l5xx.o
 .comment       0x000000000000007b       0x7c Application/User/tick.o
 .comment       0x000000000000007b       0x7c Application/User/ymodem.o
 .comment       0x000000000000007b       0x7c Drivers/BSP/Components/mx25lm51245g.o
 .comment       0x000000000000007b       0x7c Drivers/BSP/STM32L562E-DK/stm32l562e_discovery_ospi.o
 .comment       0x000000000000007b       0x7c Drivers/STM32L5xx_HAL_Driver/stm32l5xx_hal.o
 .comment       0x000000000000007b       0x7c Drivers/STM32L5xx_HAL_Driver/stm32l5xx_hal_cortex.o
 .comment       0x000000000000007b       0x7c Drivers/STM32L5xx_HAL_Driver/stm32l5xx_hal_crc.o
 .comment       0x000000000000007b       0x7c Drivers/STM32L5xx_HAL_Driver/stm32l5xx_hal_crc_ex.o
 .comment       0x000000000000007b       0x7c Drivers/STM32L5xx_HAL_Driver/stm32l5xx_hal_dma.o
 .comment       0x000000000000007b       0x7c Drivers/STM32L5xx_HAL_Driver/stm32l5xx_hal_gpio.o
 .comment       0x000000000000007b       0x7c Drivers/STM32L5xx_HAL_Driver/stm32l5xx_hal_ospi.o
 .comment       0x000000000000007b       0x7c Drivers/STM32L5xx_HAL_Driver/stm32l5xx_hal_rcc.o
 .comment       0x000000000000007b       0x7c Drivers/STM32L5xx_HAL_Driver/stm32l5xx_hal_uart.o

.debug_info     0x0000000000000000    0x167cd
 .debug_info    0x0000000000000000     0x1806 Application/User/com.o
 .debug_info    0x0000000000001806      0xb78 Application/User/common.o
 .debug_info    0x000000000000237e     0x17a3 Application/User/fw_update_app.o
 .debug_info    0x0000000000003b21      0x330 Application/User/low_level_ospi_device.o
 .debug_info    0x0000000000003e51     0x1c64 Application/User/low_level_ospi_flash.o
 .debug_info    0x0000000000005ab5      0xf94 Application/User/main.o
 .debug_info    0x0000000000006a49      0x8de Application/User/system_stm32l5xx.o
 .debug_info    0x0000000000007327      0x37c Application/User/tick.o
 .debug_info    0x00000000000076a3     0x14ac Application/User/ymodem.o
 .debug_info    0x0000000000008b4f     0x214b Drivers/BSP/Components/mx25lm51245g.o
 .debug_info    0x000000000000ac9a     0x23f9 Drivers/BSP/STM32L562E-DK/stm32l562e_discovery_ospi.o
 .debug_info    0x000000000000d093      0xee6 Drivers/STM32L5xx_HAL_Driver/stm32l5xx_hal.o
 .debug_info    0x000000000000df79     0x1403 Drivers/STM32L5xx_HAL_Driver/stm32l5xx_hal_cortex.o
 .debug_info    0x000000000000f37c      0x726 Drivers/STM32L5xx_HAL_Driver/stm32l5xx_hal_crc.o
 .debug_info    0x000000000000faa2      0x4cd Drivers/STM32L5xx_HAL_Driver/stm32l5xx_hal_crc_ex.o
 .debug_info    0x000000000000ff6f      0xbf7 Drivers/STM32L5xx_HAL_Driver/stm32l5xx_hal_dma.o
 .debug_info    0x0000000000010b66      0x7ed Drivers/STM32L5xx_HAL_Driver/stm32l5xx_hal_gpio.o
 .debug_info    0x0000000000011353     0x1d17 Drivers/STM32L5xx_HAL_Driver/stm32l5xx_hal_ospi.o
 .debug_info    0x000000000001306a     0x1302 Drivers/STM32L5xx_HAL_Driver/stm32l5xx_hal_rcc.o
 .debug_info    0x000000000001436c     0x2461 Drivers/STM32L5xx_HAL_Driver/stm32l5xx_hal_uart.o

.debug_abbrev   0x0000000000000000     0x330b
 .debug_abbrev  0x0000000000000000      0x280 Application/User/com.o
 .debug_abbrev  0x0000000000000280      0x1ee Application/User/common.o
 .debug_abbrev  0x000000000000046e      0x3f9 Application/User/fw_update_app.o
 .debug_abbrev  0x0000000000000867       0xf1 Application/User/low_level_ospi_device.o
 .debug_abbrev  0x0000000000000958      0x3ae Application/User/low_level_ospi_flash.o
 .debug_abbrev  0x0000000000000d06      0x2a1 Application/User/main.o
 .debug_abbrev  0x0000000000000fa7      0x156 Application/User/system_stm32l5xx.o
 .debug_abbrev  0x00000000000010fd      0x16b Application/User/tick.o
 .debug_abbrev  0x0000000000001268      0x308 Application/User/ymodem.o
 .debug_abbrev  0x0000000000001570      0x23e Drivers/BSP/Components/mx25lm51245g.o
 .debug_abbrev  0x00000000000017ae      0x38c Drivers/BSP/STM32L562E-DK/stm32l562e_discovery_ospi.o
 .debug_abbrev  0x0000000000001b3a      0x2e4 Drivers/STM32L5xx_HAL_Driver/stm32l5xx_hal.o
 .debug_abbrev  0x0000000000001e1e      0x33b Drivers/STM32L5xx_HAL_Driver/stm32l5xx_hal_cortex.o
 .debug_abbrev  0x0000000000002159      0x229 Drivers/STM32L5xx_HAL_Driver/stm32l5xx_hal_crc.o
 .debug_abbrev  0x0000000000002382      0x165 Drivers/STM32L5xx_HAL_Driver/stm32l5xx_hal_crc_ex.o
 .debug_abbrev  0x00000000000024e7      0x2b1 Drivers/STM32L5xx_HAL_Driver/stm32l5xx_hal_dma.o
 .debug_abbrev  0x0000000000002798      0x229 Drivers/STM32L5xx_HAL_Driver/stm32l5xx_hal_gpio.o
 .debug_abbrev  0x00000000000029c1      0x317 Drivers/STM32L5xx_HAL_Driver/stm32l5xx_hal_ospi.o
 .debug_abbrev  0x0000000000002cd8      0x2a4 Drivers/STM32L5xx_HAL_Driver/stm32l5xx_hal_rcc.o
 .debug_abbrev  0x0000000000002f7c      0x38f Drivers/STM32L5xx_HAL_Driver/stm32l5xx_hal_uart.o

.debug_loc      0x0000000000000000     0x75e1
 .debug_loc     0x0000000000000000      0x181 Application/User/com.o
 .debug_loc     0x0000000000000181      0x184 Application/User/common.o
 .debug_loc     0x0000000000000305      0x230 Application/User/fw_update_app.o
 .debug_loc     0x0000000000000535      0x2e5 Application/User/low_level_ospi_flash.o
 .debug_loc     0x000000000000081a       0xf7 Application/User/main.o
 .debug_loc     0x0000000000000911       0xdf Application/User/system_stm32l5xx.o
 .debug_loc     0x00000000000009f0       0x7f Application/User/tick.o
 .debug_loc     0x0000000000000a6f      0x4fe Application/User/ymodem.o
 .debug_loc     0x0000000000000f6d      0xc58 Drivers/BSP/Components/mx25lm51245g.o
 .debug_loc     0x0000000000001bc5      0xa62 Drivers/BSP/STM32L562E-DK/stm32l562e_discovery_ospi.o
 .debug_loc     0x0000000000002627      0x25a Drivers/STM32L5xx_HAL_Driver/stm32l5xx_hal.o
 .debug_loc     0x0000000000002881      0x512 Drivers/STM32L5xx_HAL_Driver/stm32l5xx_hal_cortex.o
 .debug_loc     0x0000000000002d93      0x47a Drivers/STM32L5xx_HAL_Driver/stm32l5xx_hal_crc.o
 .debug_loc     0x000000000000320d      0x142 Drivers/STM32L5xx_HAL_Driver/stm32l5xx_hal_crc_ex.o
 .debug_loc     0x000000000000334f      0x747 Drivers/STM32L5xx_HAL_Driver/stm32l5xx_hal_dma.o
 .debug_loc     0x0000000000003a96      0x299 Drivers/STM32L5xx_HAL_Driver/stm32l5xx_hal_gpio.o
 .debug_loc     0x0000000000003d2f     0x1344 Drivers/STM32L5xx_HAL_Driver/stm32l5xx_hal_ospi.o
 .debug_loc     0x0000000000005073      0x7e9 Drivers/STM32L5xx_HAL_Driver/stm32l5xx_hal_rcc.o
 .debug_loc     0x000000000000585c     0x1d85 Drivers/STM32L5xx_HAL_Driver/stm32l5xx_hal_uart.o

.debug_aranges  0x0000000000000000      0xa78
 .debug_aranges
                0x0000000000000000       0x60 Application/User/com.o