bootutil_misc.c:489:1:boot_write_trailer	40	static
bootutil_misc.c:54:10:boot_secure_memequal	16	static
bootutil_misc.c:365:1:boot_find_status	48	static
bootutil_misc.c:163:1:boot_magic_compatible_check	0	static
bootutil_misc.c:178:1:boot_status_sz	0	static
bootutil_misc.c:185:1:boot_trailer_sz	0	static
bootutil_misc.c:203:1:boot_status_entries	0	static
bootutil_misc.c:218:1:boot_status_off	8	static
bootutil_misc.c:232:1:boot_magic_off	0	static
bootutil_misc.c:250:1:boot_swap_info_off	0	static
bootutil_misc.c:275:1:boot_read_swap_state	40	static
bootutil_misc.c:340:1:boot_read_swap_state_by_id	16	static
bootutil_misc.c:411:1:boot_read_swap_size	24	static
bootutil_misc.c:429:1:boot_read_enc_key	24	static
bootutil_misc.c:465:1:boot_write_magic	8	static
bootutil_misc.c:525:1:boot_write_copy_done	16	static
bootutil_misc.c:537:1:boot_write_image_ok	16	static
bootutil_misc.c:554:1:boot_write_swap_info	16	static
bootutil_misc.c:570:1:boot_write_swap_size	16	static
bootutil_misc.c:583:1:boot_write_enc_key	16	static
bootutil_misc.c:607:1:boot_swap_type_multi	48	static
bootutil_misc.c:663:1:boot_swap_type	0	static
bootutil_misc.c:680:1:boot_set_pending	32	static
bootutil_misc.c:749:1:boot_set_confirmed	24	static
