tfm_crypto_ipc_api.c:36:14:psa_crypto_init	0	static
tfm_crypto_ipc_api.c:44:14:psa_allocate_key	96	static
tfm_crypto_ipc_api.c:71:14:psa_open_key	0	static
tfm_crypto_ipc_api.c:87:14:psa_create_key	0	static
tfm_crypto_ipc_api.c:103:14:psa_close_key	0	static
tfm_crypto_ipc_api.c:115:14:psa_import_key	104	static
tfm_crypto_ipc_api.c:145:14:psa_destroy_key	88	static
tfm_crypto_ipc_api.c:170:14:psa_get_key_information	104	static
tfm_crypto_ipc_api.c:201:14:psa_export_key	104	static
tfm_crypto_ipc_api.c:234:14:psa_export_public_key	104	static
tfm_crypto_ipc_api.c:268:14:psa_copy_key	112	static
tfm_crypto_ipc_api.c:298:6:psa_key_policy_set_usage	0	static
tfm_crypto_ipc_api.c:306:17:psa_key_policy_get_usage	0	static
tfm_crypto_ipc_api.c:311:17:psa_key_policy_get_algorithm	0	static
tfm_crypto_ipc_api.c:316:14:psa_set_key_policy	96	static
tfm_crypto_ipc_api.c:344:14:psa_get_key_policy	96	static
tfm_crypto_ipc_api.c:374:14:psa_get_key_lifetime	96	static
tfm_crypto_ipc_api.c:404:14:psa_cipher_generate_iv	112	static
tfm_crypto_ipc_api.c:439:14:psa_cipher_set_iv	104	static
tfm_crypto_ipc_api.c:471:14:psa_cipher_encrypt_setup	96	static
tfm_crypto_ipc_api.c:504:14:psa_cipher_decrypt_setup	96	static
tfm_crypto_ipc_api.c:537:14:psa_cipher_update	120	static
tfm_crypto_ipc_api.c:575:14:psa_cipher_abort	96	static
tfm_crypto_ipc_api.c:604:14:psa_cipher_finish	112	static
tfm_crypto_ipc_api.c:639:14:psa_hash_setup	96	static
tfm_crypto_ipc_api.c:670:14:psa_hash_update	104	static
tfm_crypto_ipc_api.c:702:14:psa_hash_finish	112	static
tfm_crypto_ipc_api.c:737:14:psa_hash_verify	104	static
tfm_crypto_ipc_api.c:769:14:psa_hash_abort	96	static
tfm_crypto_ipc_api.c:798:14:psa_hash_clone	96	static
tfm_crypto_ipc_api.c:828:14:psa_mac_sign_setup	96	static
tfm_crypto_ipc_api.c:861:14:psa_mac_verify_setup	96	static
tfm_crypto_ipc_api.c:894:14:psa_mac_update	104	static
tfm_crypto_ipc_api.c:926:14:psa_mac_sign_finish	112	static
tfm_crypto_ipc_api.c:961:14:psa_mac_verify_finish	104	static
tfm_crypto_ipc_api.c:993:14:psa_mac_abort	96	static
tfm_crypto_ipc_api.c:1022:14:psa_aead_encrypt	128	static
tfm_crypto_ipc_api.c:1087:14:psa_aead_decrypt	128	static
tfm_crypto_ipc_api.c:1152:14:psa_asymmetric_sign	112	static
tfm_crypto_ipc_api.c:1191:14:psa_asymmetric_verify	112	static
tfm_crypto_ipc_api.c:1225:14:psa_asymmetric_encrypt	128	static
tfm_crypto_ipc_api.c:1277:14:psa_asymmetric_decrypt	128	static
tfm_crypto_ipc_api.c:1329:14:psa_get_generator_capacity	96	static
tfm_crypto_ipc_api.c:1360:14:psa_generator_read	96	static
tfm_crypto_ipc_api.c:1392:14:psa_generator_import_key	104	static
tfm_crypto_ipc_api.c:1424:14:psa_generator_abort	96	static
tfm_crypto_ipc_api.c:1454:14:psa_key_derivation	128	static
tfm_crypto_ipc_api.c:1512:14:psa_key_agreement	112	static
tfm_crypto_ipc_api.c:1549:14:psa_generate_random	96	static
tfm_crypto_ipc_api.c:1583:14:psa_generate_key	120	static
