low_level_ospi_flash.c:208:27:Ospi_Flash_GetVersion	8	static
low_level_ospi_flash.c:213:31:Ospi_Flash_GetCapabilities	0	static
low_level_ospi_flash.c:251:16:Ospi_Flash_PowerControl	0	static
low_level_ospi_flash.c:453:16:Ospi_Flash_EraseChip	0	static
low_level_ospi_flash.c:458:25:Ospi_Flash_GetStatus	0	static
low_level_ospi_flash.c:463:24:Ospi_Flash_GetInfo	0	static
low_level_ospi_flash.c:266:16:Ospi_Flash_ReadData	40	static
low_level_ospi_flash.c:239:16:Ospi_Flash_Uninitialize	8	static
low_level_ospi_flash.c:218:16:Ospi_Flash_Initialize	16	static
low_level_ospi_flash.c:406:16:Ospi_Flash_EraseSector	16	static
low_level_ospi_flash.c:363:16:Ospi_Flash_ProgramData	24	static
low_level_ospi_flash.c:488:9:Ospi_Flash_Config_Exe	8	static
